Auston Weldy@1 @16@Y@Auston Weldy        @RHP     @5'9  @180  @Galena, KS                              @
Levi Ashmore@2 @08@Y@Levi Ashmore        @SS      @5'10 @175  @Iola, KS                                @
Austin Griff@3 @08@Y@Austin Griffin      @C       @5'10"@170  @Rogers, AR                              @
Camdon Myers@4 @08@Y@Camdon Myers        @INF     @6'2" @165  @Bella Vista, AR                         @
Clint Heffer@5 @16@Y@Clint Heffern       @2B      @5'10"@175  @Iola, KS                                @
Taylor Mah  @6 @11@Y@Taylor Mah          @LHP     @5'11"@155  @Topeka, KS                              @
Jared Latta @7 @16@Y@Jared Latta         @RHP     @6'2" @185  @Iola, KS                                @
Chase Egelst@8 @08@Y@Chase Egelston      @INF     @5'11"@185  @Blue Springs, MO                        @
Trey Francis@9 @16@Y@Trey Francis        @3B/P    @5'10"@165  @Manhattan, KS                           @
Drew Walden @10@16@Y@Drew Walden         @C       @6'1" @205  @Iola, KS                                @
Mason Coons @11@08@Y@Mason Coons         @1B      @6'3" @200  @Iola, KS                                @
Bryan Enriqu@12@08@Y@Bryan Enriquez      @RHP     @6'   @175  @Carolina, Puerto Rico                   @
Tanner Faris@13@08@Y@Tanner Faris        @RHP     @6'1" @170  @Union, NE                               @
Chase Cunnin@14@16@Y@Chase Cunningham    @RHP     @6'6  @215  @Urich, MO                               @
Logan Bausch@15@16@Y@Logan Bausch        @RHP     @6'   @165  @Hoyt, KS                                @
Sean Mauro  @16@08@Y@Sean Mauro          @CF      @6'   @185  @Wichita, KS                             @
Derek Pike  @17@11@Y@Derek Pike          @LHP     @6'1" @170  @Independence, MO                        @
Anthony Miel@18@08@Y@Anthony Miele       @RHP     @5'8" @190  @Lawrence, KS                            @
Geoffrey Bor@20@16@Y@Geoffrey Borque     @RHP     @6'3" @200  @Kansas City, MO                         @
Trevor Kreif@21@08@Y@Trevor Kreifel      @P/1B    @6'2" @210  @Nebraska City, NE                       @
Kyle Foster @22@08@Y@Kyle Foster         @2B/3B   @5'10"@192  @Lees Summit, MO                         @
Cole Slusser@23@16@Y@Cole Slusser        @LF/RF   @6'   @160  @Topeka, KS                              @
Keil Stauffe@24@08@Y@Keil Stauffer       @RHP     @5'11"@160  @Newton, KS                              @
McKenzie McA@25@08@Y@McKenzie McAfee     @OF      @6'   @185  @Sabetha, KS                             @
Ryne Martine@27@09@Y@Ryne Martinez       @RF      @5'10"@170  @Austin, TX                              @
Chris McPher@28@08@Y@Chris McPherson     @RHP     @6'   @180  @Topeka, KS                              @
John Prohask@29@11@Y@John Prohaska       @P       @6'2" @215  @Lawrence, KS                            @
Zachary Mask@32@08@Y@Zachary Maskill     @RHP     @6'2" @170  @Kansas City, MO                         @
Jacob Waters@33@08@Y@Jacob Waters        @LF      @5'10"@185  @Kansas City, KS                         @
Jaramit Mong@34@08@Y@Jaramit Monge       @OF      @5'11"@170  @Canovanas, Puerto Rico                  @
Ryan Winter @35@08@Y@Ryan Winter         @C/1B    @5'11"@180  @Lenexa, KS                              @
