Jeff Morgan @1 @17@Y@Jeff Morgan         @INF     @5'11 @175  @Lusby, MD                               @
Vince Forema@2 @16@Y@Vince Foreman       @INF/ P  @5'11 @190  @Little Orleans, MD                      @
Brooks Harri@4 @08@Y@Brooks Harrison     @3B      @5'9  @215  @Tighman Island, MD                      @
Kyle Knisley@5 @08@Y@Kyle Knisley        @INF     @5'11 @180  @Red Lion, PA                            @
Nate Nickel @6 @16@Y@Nate Nickel         @P       @6'2  @200  @Johnstown, PA                           @
Alex Beiler @9 @08@Y@Alex Beiler         @INF     @5'7  @140  @Salisbury, PA                           @
Wyatt Belind@10@12@Y@Wyatt Belinda       @INF     @6'0  @190  @Alexanddria, PA                         @
Cody Pieper @11@08@Y@Cody Pieper         @P       @6'1  @190  @New Oxford, PA                          @
Patrick Jobe@12@08@Y@Patrick Jobes       @C       @5'10 @175  @Homestead, PA                           @
Tanner Klein@13@08@Y@Tanner Klein        @INF/ P  @6'0  @209  @Shippensville, PA                       @
Tanner Perow@15@08@Y@Tanner Perow        @P       @5'11 @195  @Alexandria, Pa                          @
Cody Malone @19@16@Y@Cody Malone         @INF     @5'8  @185  @Westernport, MD                         @
Dylan Womer @20@08@Y@Dylan Womer         @P       @6'0  @175  @Howard, PA                              @
Jordan Rowe @21@08@Y@Jordan Rowe         @P       @6'2  @180  @Cumberland, MD                          @
David Ormsby@22@11@Y@David Ormsby        @P       @6'0  @220  @Alexandria, PA                          @
Reynaldo Ada@23@16@Y@Reynaldo Adames     @OF      @5'11 @175  @Milton, PA                              @
Tyler Fellne@24@16@Y@Tyler Fellner       @INF/ P  @5'11 @185  @Sykesville, PA                          @
Cory Furry  @27@16@Y@Cory Furry          @C/ P    @6'2  @200  @New Enterprise, PA                      @
Adam Frey   @33@16@Y@Adam Frey           @P       @6'5  @220  @Mount Joy, PA                           @
Raymond Adam@35@09@Y@Raymond Adames      @INF/C   @5'10 @180  @Milton, PA                              @
Brandon Mill@38@16@Y@Brandon Miller      @C/ OF   @5'10 @190  @Salisbury, PA                           @
Corey Shroye@41@16@Y@Corey Shroyer       @OF      @5'10 @150  @Hyndman, PA                             @
Jonathan Rom@47@08@Y@Jonathan Romine     @P       @6'7  @255  @Snow Shoe, PA                           @
