rick nomura @1 @20@Y@rick nomura         @3b      @5'10 @175  @waipahu,hi                              @
austin finni@2 @09@Y@austin finnigan     @2b      @5'5  @140  @spring                                  @
andrew phu  @3 @16@Y@andrew phu          @of/3b   @5'9  @195  @friendswood                             @
ricky ramire@4 @19@Y@ricky ramirez       @of/lhp  @5'10 @195  @deer park                               @
steven ellis@5 @16@Y@steven ellis        @p       @6'3  @200  @jersey village                          @
michael page@8 @08@Y@michael page        @ss      @5'8  @160  @houston                                 @
lance moszko@9 @08@Y@lance moszkowicz    @p       @6'   @170  @spring                                  @
ford moore  @10@19@Y@ford moore          @of/p    @5'7  @160  @college station                         @
dalton lemoi@11@16@Y@dalton lemoine      @ss/p    @6'3  @180  @cypress                                 @
chad vanaman@13@16@Y@chad vanaman        @c       @6'0  @180  @corpus christi                          @
bryan belote@14@17@Y@bryan belote        @p       @6'0  @190  @angleton                                @
nick hernand@15@08@Y@nick hernandez      @p       @6'2  @215  @missouri                                @
bryson mitch@16@16@Y@bryson mitchell     @rhp     @6'3  @195  @lubbock                                 @
brian valenc@17@16@Y@brian valencia      @c       @6'1  @195  @mission                                 @
cameron coop@18@09@Y@cameron cooper      @of      @5'11 @160  @temple                                  @
lewis guilbe@19@16@Y@lewis guilbeau      @of      @5'9  @195  @austin                                  @
armando arev@20@19@Y@armando arevalo     @p       @5'11 @180  @corpus christi                          @
dylan wadyko@22@16@Y@dylan wadyko        @c       @5'10 @170  @crosby                                  @
romeo cortin@24@16@Y@romeo cortina       @of      @5'10 @205  @humble                                  @
hunter perki@27@08@Y@hunter perkins      @p       @6'5  @220  @victoria                                @
jordan rodri@28@11@Y@jordan rodriguez    @p       @5'10 @175  @richmond                                @
shelby gaine@30@08@Y@shelby gainey       @1b      @6'0  @210  @santa fe                                @
joseph riley@31@08@Y@joseph riley        @p       @6'1  @180  @alvin                                   @
juan cortina@33@16@Y@juan cortina        @p       @5'11 @200  @humble                                  @
jack kaiser @35@19@Y@jack kaiser         @1b      @6'3  @230  @santa fe                                @
