Bruce Kirkpa@1 @08@Y@Bruce Kirkpatrick   @RHP     @     @     @Powder Springs, GA                      @
Brandon Bost@2 @18@Y@Brandon Bostick     @OF      @     @     @Pelham, GA                              @
Spencer Welc@3 @16@Y@Spencer Welch       @OF      @     @     @Juliette, GA                            @
Taylor Bentl@4 @16@Y@Taylor Bentley      @OF      @     @     @Cartersville, GA                        @
Ryan Sapp   @5 @10@Y@Ryan Sapp           @LHP/OF  @     @     @McDonough, GA                           @
Eric Pape   @7 @08@Y@Eric Pape           @1B      @     @     @McDonough, GA                           @
Trey Mallett@8 @08@Y@Trey Mallett        @RHP     @     @     @Griffin, GA                             @
Jeffery Jack@9 @08@Y@Jeffery Jackson     @MIF/OF  @     @     @Lithonia, GA                            @
Cole Murphy @10@16@Y@Cole Murphy         @SS      @     @     @McDonough, GA                           @
Ajani Dowdy @14@11@Y@Ajani Dowdy         @OF      @     @     @Frederiksted, Virgin Islands            @
Phillip Tuck@15@08@Y@Phillip Tucker      @MIF     @     @     @Powder Springs, GA                      @
Ricky McMich@16@16@Y@Ricky McMichael     @RHP     @     @     @Jackson, GA                             @
Tim Manning @18@08@Y@Tim Manning         @MIF     @     @     @Newnan, GA                              @
Handley Boyd@19@09@Y@Handley Boyd        @1B      @     @     @Columbus, GA                            @
Hudson Jacob@20@16@Y@Hudson Jacobs       @RHP     @     @     @Gray, GA                                @
Zach Lippinc@21@08@Y@Zach Lippincott     @C       @     @     @Marietta, GA                            @
Jake Hundley@22@16@Y@Jake Hundley        @RHP/OF  @     @     @Newnan, GA                              @
Josh Garland@23@08@Y@Josh Garland        @C       @     @     @Lagrange, GA                            @
Ryan Mullis @25@08@Y@Ryan Mullis         @RHP     @     @     @Lizella, GA                             @
Zach Eller  @26@11@Y@Zach Eller          @LHP     @     @     @Milton, GA                              @
Chase Slocum@27@08@Y@Chase Slocumb       @RHP     @     @     @Columbus, GA                            @
Charles Stub@28@08@Y@Charles Stubbs      @3B/C    @     @     @Stockbridge, GA                         @
Hayden Whitl@30@11@Y@Hayden Whitlow      @LHP     @     @     @Sharpsburg, GA                          @
Zach Schmits@34@08@Y@Zach Schmits        @RHP     @     @     @Sharpsburg, GA                          @
Jesse Whaley@35@10@Y@Jesse Whaley        @LHP     @     @     @Guyton, GA                              @
