Zach Rome   @1 @09@Y@Zach Rome           @INF     @5'11 @170  @Lake Charles (La.)                      @
Blain Gilles@2 @08@Y@Blain Gillespie     @OF      @6'2  @190  @The Woodlands                           @
Chase Weaver@3 @16@Y@Chase Weaver        @OF      @5'11 @185  @Alvin                                   @
Zach J. Smit@4 @17@Y@Zach J. Smith       @INF/OF  @5'11 @170  @Houston                                 @
Alex Hrinevi@5 @08@Y@Alex Hrinevich      @C/INF   @6'3  @185  @Houston                                 @
Zach L. Smit@6 @16@Y@Zach L. Smith       @INF/RHP @5'10 @175  @Bridge City                             @
Brayson Long@7 @11@Y@Brayson Longman     @OF      @6'0  @185  @Katy                                    @
Sam Kohler  @8 @16@Y@Sam Kohler          @INF     @5'9  @170  @Dripping Springs                        @
Matt Waller @9 @08@Y@Matt Waller         @C/OF    @6'0  @190  @Arlington, Tx                           @
Derek Clemon@10@08@Y@Derek Clemons       @C       @5'10 @180  @Whitehouse, Tx                          @
Jarrid Garci@12@19@Y@Jarrid Garcia       @LHP     @5'10 @180  @Whitehouse, Tx                          @
Dalton Richa@13@08@Y@Dalton Richardson   @C       @5'10 @185  @League City, Tx                         @
Aaron Clemon@14@09@Y@Aaron Clemons       @INF     @5'10 @180  @Whitehouse,Tx                           @
Derek Steffe@15@16@Y@Derek Steffek       @INF     @6'2  @185  @Marble Falls                            @
John King   @16@11@Y@John King           @LHP     @6'2  @180  @Sugar Land, Tx                          @
Garrett Coop@17@19@Y@Garrett Cooper      @LHP     @6'2  @180  @Round Rock, Tx                          @
Greg Belton @18@16@Y@Greg Belton         @INF/RHP @6'0  @185  @Conroe, Tx                              @
Allen Cook  @19@19@Y@Allen Cook          @OF/LHP  @5'11 @180  @League City, Tx                         @
Zach Wilson @20@08@Y@Zach Wilson         @RHP     @6'0  @175  @Katy, Tx                                @
Cody Martin @21@09@Y@Cody Martin         @RHP/INF @6'2  @190  @Humble, Tx                              @
Carmeron Cha@22@11@Y@Carmeron Charman    @LHP     @6'0  @190  @Katy, Tx                                @
Jacob Howell@25@08@Y@Jacob Howell        @RHP     @6'3  @175  @Deweyville, Tx                          @
Austin Hinkl@27@08@Y@Austin Hinkle       @RHP/INF @6'2  @175  @Round Rock, Tx                          @
Jarret Picke@31@16@Y@Jarret Pickens      @RHP     @6'2  @170  @Belton, Tx                              @
Ben Distefan@33@17@Y@Ben Distefano       @C/RHP   @6'3  @200  @Houston, Tx                             @
Matt Roberts@34@16@Y@Matt Roberts        @RHP     @6'1  @175  @New Waverly, Tx                         @
Tanner Grigg@35@16@Y@Tanner Griggs       @RHP     @6'2  @175  @League City, Tx                         @
Dillon Menvi@44@09@Y@Dillon Menville     @INF/C   @6'1  @190  @Tomball, Tx                             @
