Connor Ander@1 @08@Y@Connor Anderson     @INF     @6'1" @175  @Bartlett, Tn                            @
Austin Softl@3 @10@Y@Austin Softley      @OF/ LHP @6'2" @185  @Hot Springs                             @
Bryant Ander@4 @16@Y@Bryant Anderson     @OF/RHP  @6'0  @205  @Marked Tree, AR                         @
Jace Powers @7 @20@Y@Jace Powers         @RHP     @6'4" @205  @Dover, AR                               @
Dylan Wooten@8 @16@Y@Dylan Wooten        @OF/RHP  @5'10 @190  @Lynn, AR                                @
Chase Sealy @10@16@Y@Chase Sealy         @INF     @5'10 @165  @Texarkana, AR                           @
Landon Huggi@12@11@Y@Landon Huggins      @LHP     @5'6" @165  @Sheridan, AR                            @
Chase Anders@13@08@Y@Chase Anderson      @INF     @6'5" @170  @Jessieville, AR                         @
Jordan Taylo@14@09@Y@Jordan Taylor       @INF/RHP @6'1" @205  @Bryant, AR                              @
Hunter Frey @16@12@Y@Hunter Frey         @RHP     @6'2" @220  @Vidila, LA                              @
Lane Moore  @17@08@Y@Lane Moore          @RHP     @6'2" @230  @Lonoke, AR                              @
Shaquille Ma@18@12@Y@Shaquille Matta     @C/ INF  @5'8  @185  @San Juan, PR                            @
Verlon Spenc@19@16@Y@Verlon Spencer      @RHP     @6'2" @210  @Farmington, AR                          @
Colton Welch@21@16@Y@Colton Welch        @INF     @6'3" @235  @Malvern, AR                             @
Zach Akins  @23@16@Y@Zach Akins          @RHP     @6'1" @205  @Crane, MO                               @
Derek Wooten@27@16@Y@Derek Wooten        @RHP     @6'0" @190  @Lynn, AR                                @
Allen Mays  @28@09@Y@Allen Mays          @OF      @5'9" @165  @Little Rock, AR                         @
Michael Madd@29@16@Y@Michael Maddox      @OF      @5'10 @195  @Sherwood, AR                            @
Dylan Boone @31@16@Y@Dylan Boone         @RHP     @6'0  @180  @Sherwood, AR                            @
Justin Vince@33@11@Y@Justin Vincent      @LHP     @6'1  @195  @Benton, AR                              @
Ryan Mendez @34@16@Y@Ryan Mendez         @INF     @5'8" @170  @Houston                                 @
Dontrell Bro@35@12@Y@Dontrell Brown      @INF     @6'0" @210  @Stuggart                                @
Dominick Sil@38@08@Y@Dominick Silveira   @RHP     @5'10 @205  @Memphis, TN                             @
Nicholas Pur@43@08@Y@Nicholas Purifoy    @RHP     @6'1" @180  @Genoa, AR                               @
Keegan Floyd@46@08@Y@Keegan Floyd        @C/INF   @6'2" @225  @Bartlett, TN                            @
