Kyle Cromwel@1 @16@Y@Kyle Cromwell       @INF     @5'9" @170  @Leonardville, KS                        @
Brian Regan @3 @11@Y@Brian Regan         @1B/LHP  @6'0  @200  @Kansas City, MO                         @
Aaron Coombs@4 @16@Y@Aaron Coombs        @OF      @5'9" @170  @Houma, LA                               @
Trevor Turne@5 @08@Y@Trevor Turner       @OF      @5'10"@160  @Hutchinson, KS                          @
Tanner Shoem@6 @08@Y@Tanner Shoemaker    @RHP     @5'10 @180  @Wichita, KS                             @
Michael Turn@7 @16@Y@Michael Turner      @RHP     @6'3" @150  @                                        @
Erik Benson @8 @16@Y@Erik Benson         @INF     @5'9" @180  @Overland Park, KS                       @
Alexander Ev@9 @08@Y@Alexander Evans     @INF/RHP @6'0" @210  @Mulvane, KS                             @
Jace Bowman @10@16@Y@Jace Bowman         @INF     @6'3" @185  @Great Bend, KS                          @
Caleb Cherry@12@18@Y@Caleb Cherryholmes  @OF      @5'10"@185  @Potwin, KS                              @
Nathan Train@13@16@Y@Nathan Train        @C       @6'0" @175  @Round Rock, TX                          @
Wilder Fajar@14@08@Y@Wilder Fajardo      @INF     @6'0" @195  @Caracas, Venezuala                      @
Scott Tyler @15@19@Y@Scott Tyler         @OF      @6'2" @195  @Sioux Falls, SD                         @
Jordan Plank@16@10@Y@Jordan Plank        @LHP     @5'8" @165  @Wichita, KS                             @
Jayme Lovela@17@09@Y@Jayme Lovelace      @RHP     @6'3" @180  @Rogers, AR                              @
Bryce Minor @18@08@Y@Bryce Minor         @INF     @6'1" @175  @Wichita, KS                             @
Trevor Hughe@19@09@Y@Trevor Hughes       @C       @6'2" @205  @Wichita, KS                             @
Jacob Richar@21@11@Y@Jacob Richardson    @OF      @6'0" @170  @Goddard, KS                             @
Evan McDonal@22@08@Y@Evan McDonald       @INF     @5'11"@160  @Platte City, MO                         @
Tyler Jennin@23@12@Y@Tyler Jennings      @C       @6'0" @180  @Wichita, KS                             @
Braxon Byfie@24@16@Y@Braxon Byfield      @C       @6'1" @215  @Wichita, KS                             @
Blaine Hill @27@16@Y@Blaine Hill         @RHP     @6'1" @185  @Manhattan, KS                           @
Andrew Fergu@31@19@Y@Andrew Ferguson     @LHP     @6'4" @175  @Overland Park, KS                       @
Craig Hamil @32@16@Y@Craig Hamil         @RHP     @6'0" @205  @Long Beach, CA                          @
Brandon Merc@33@19@Y@Brandon Mercer      @LHP     @6'2" @185  @Wichita, KS                             @
Pete Ruiz   @34@16@Y@Pete Ruiz           @OF/RHP  @6'2" @170  @Junction City, KS                       @
Grant Watkin@35@11@Y@Grant Watkins       @INF     @6'3" @225  @Wichita, KS                             @
Justin Hersc@40@11@Y@Justin Hersch       @LHP/OF  @5'10"@200  @Fort Collins, CO                        @
Brennan Walt@41@08@Y@Brennan Walter      @UTL     @6'3" @210  @Russell, KS                             @
Shane Adams @42@11@Y@Shane Adams         @LHP     @6'3" @165  @Westmoreland, KS                        @
Zach Brummer@44@16@Y@Zach Brummer        @RHP     @6'5" @240  @Beloit, KS                              @
