Adam LeBlanc@3 @08@Y@Adam LeBlanc        @C       @5'7  @168  @Denham Springs, LA                      @
Darren Buech@4 @16@Y@Darren Bueche       @OF      @6'3  @190  @Ventress                                @
Kelby Blaloc@5 @16@Y@Kelby Blalock       @P       @5'10 @150  @Central                                 @
John Fralick@6 @08@Y@John Fralick        @P       @6'1  @200  @Central                                 @
Shayne Narro@7 @08@Y@Shayne Narro        @Infield @5'10 @165  @Ponchatoula, LA                         @
Cade Milazzo@8 @08@Y@Cade Milazzo        @2B      @5'8  @155  @Ethel                                   @
Benjamin McG@9 @08@Y@Benjamin McGrew     @OF      @5'11 @195  @Denham Springs                          @
Regan Dufren@10@08@Y@Regan Dufrene       @UTIL    @6'0  @185  @Cut Off                                 @
John Schaffe@11@08@Y@John Schaffer       @P       @6'1  @185  @Covington                               @
Melvin Frazi@13@08@Y@Melvin Frazier      @OF      @6'1  @140  @Baton Rouge                             @
Jose Dupuy  @14@16@Y@Jose Dupuy          @SS      @5'9  @155  @Baton Rouge                             @
Ben Falgoust@15@08@Y@Ben Falgoust        @P       @6'2  @175  @Vacherie                                @
Austin Vickn@16@16@Y@Austin Vicknair     @OF      @6'0  @195  @Paulina                                 @
Blake Hymel @17@08@Y@Blake Hymel         @P       @6'1  @180  @Destrehan, LA                           @
Thomas Neef @18@08@Y@Thomas Neef         @P       @6'3  @185  @Scott                                   @
Jacob Saizan@19@08@Y@Jacob Saizan        @P       @6'3  @165  @Denham Springs                          @
Corey Free  @20@08@Y@Corey Free          @1B      @6'3  @210  @Port Allen                              @
Christopher @21@08@Y@Christopher White   @Infield @5'7  @180  @Baton Rouge                             @
Jacob LeSage@22@16@Y@Jacob LeSage        @P       @5'11 @180  @Central                                 @
Mason Liles @23@16@Y@Mason Liles         @P       @6'0  @185  @Winssboro                               @
Jacob Knox  @25@16@Y@Jacob Knox          @P       @5'11 @170  @Baton Rouge                             @
Zachary Zimm@27@08@Y@Zachary Zimmer      @OF      @5'9  @188  @Gramercy                                @
Jarrod Jarre@28@08@Y@Jarrod Jarreau      @P       @6'0  @175  @Livonia                                 @
Nicholas Gob@29@16@Y@Nicholas Gobert     @OF      @6'0  @200  @Opelousas                               @
Blake Meisne@30@08@Y@Blake Meisner       @OF      @6'1  @205  @Mandeville, LA                          @
Andrew Shirl@31@16@Y@Andrew Shirley      @P       @5'9  @180  @Walker                                  @
Chase Caldar@32@08@Y@Chase Caldarera     @C       @5'9  @200  @Lutcher                                 @
Steven Brigh@33@08@Y@Steven Bright       @C       @6'0  @200  @Prairieville                            @
Mark Traylor@34@08@Y@Mark Traylor Jr.    @1B      @6'3  @220  @Pumpkin Center                          @
Tanner Hayes@35@08@Y@Tanner Hayes        @C       @6'0  @190  @Saint Rose                              @
Ridge Buisso@36@08@Y@Ridge Buisson       @C       @6'1  @198  @Bush                                    @
Brodie Brown@37@08@Y@Brodie Browning     @P       @6'2  @185  @Central, LA                             @
Cody Boyd   @38@16@Y@Cody Boyd           @P       @6'0  @206  @Minden                                  @
Cameron Burn@39@08@Y@Cameron Burns       @3B      @5'11 @195  @Stonewall, LA                           @
Andre Liotta@40@08@Y@Andre Liotta        @P       @6'3  @215  @Prairieville                            @
