Jonathan Bro@1 @11@Y@Jonathan Brown      @OF      @5' 9"@160  @Mobile                                  @
Michael Scan@2 @08@Y@Michael Scanlon     @P       @5 '9"@170  @New Orleans                             @
Kevin Barnet@3 @08@Y@Kevin Barnett       @Inf     @6'   @175  @Satsuma                                 @
Daniel Dunna@4 @16@Y@Daniel Dunnam       @OF      @5' 10@165  @Teodore                                 @
Blake Chelet@5 @08@Y@Blake Chelette      @P       @5' 7"@170  @New Orleans                             @
D. J. McLeod@6 @16@Y@D. J. McLeod        @P       @5'  1@165  @Saraland                                @
Tyler Dupuy @8 @08@Y@Tyler Dupuy         @C       @5' 11@185  @                                        @
Daniel McGib@9 @19@Y@Daniel McGiboney    @P       @5' 9"@175  @Semmes                                  @
Byron Fillin@10@16@Y@Byron Fillingim     @P       @6' 1"@185  @Semmes                                  @
Alex Olivier@11@17@Y@Alex Olivier        @OF      @6'   @180  @New Orleans                             @
Christian Br@12@08@Y@Christian Breath    @P       @6'   @165  @New Orleans                             @
Stephen Will@14@08@Y@Stephen Williams    @P       @6' 1"@170  @Daphne                                  @
Eloy Ramirez@15@08@Y@Eloy Ramirez        @P       @6' 4"@175  @Brooksville                             @
Dylan Manich@16@08@Y@Dylan Manichia      @Inf/P   @5' 9"@170  @New Orleans                             @
Alex Inge   @17@08@Y@Alex Inge           @OF      @5' 11@165  @Selma                                   @
Dalton Yuces@20@08@Y@Dalton Yucesoy      @Inf     @5' 10@175  @New Orleans                             @
Cody Campo  @21@08@Y@Cody Campo          @P/Inf   @5' 10@195  @New Orleans                             @
Josh Shelley@22@16@Y@Josh Shelley        @P/1B    @6' 2"@195  @Mobile                                  @
Gillen Walke@23@16@Y@Gillen Walker       @P       @5' 10@215  @Mobile                                  @
Dylan Gillie@24@08@Y@Dylan Gillies       @1B      @6' 4"@260  @New Orleans                             @
Ty West     @32@16@Y@Ty West             @C       @6'   @190  @New Orleans                             @
Trevor Wolve@38@16@Y@Trevor Wolverton    @OF      @6'   @175  @Mobile                                  @
Brady Pierce@45@16@Y@Brady Pierce        @P       @6' 1"@200  @Mobie                                   @
