Jake Olsen  @1 @16@Y@Jake Olsen          @INF     @5'11 @180  @                                        @
Colin Schrec@2 @08@Y@Colin Schreck       @C/INF   @5'8  @190  @                                        @
Zach Hart   @3 @08@Y@Zach Hart           @OF      @5'7  @150  @                                        @
Matt Erickso@4 @11@Y@Matt Erickson       @LHP     @5'11 @150  @                                        @
Mitch Ericks@5 @08@Y@Mitch Erickson      @OF/RHP  @5'10 @150  @                                        @
Justin Water@6 @11@Y@Justin Waterman     @LHP     @5'11 @185  @                                        @
Drew Wescom @7 @08@Y@Drew Wescom         @OF      @5'7  @155  @                                        @
Mitch Goveia@8 @20@Y@Mitch Goveia        @INF     @5'11 @170  @                                        @
Jake Johnson@9 @16@Y@Jake Johnson        @INF     @6'1  @165  @                                        @
Addison John@10@08@Y@Addison Johnson     @C       @6'2  @200  @                                        @
Drew Owens  @11@08@Y@Drew Owens          @INF     @6'0  @180  @                                        @
Blake Moe   @12@16@Y@Blake Moe           @OF      @6'2  @210  @                                        @
Kyle Manske @13@19@Y@Kyle Manske         @LHP     @5'11 @220  @                                        @
John Boidoni@14@08@Y@John Boidonis       @INF/RHP @5'11 @205  @                                        @
John Dokolas@15@16@Y@John Dokolas        @RHP     @6'3  @215  @                                        @
Lucas Infant@16@08@Y@Lucas Infanti       @RHP/INF @6'1  @175  @                                        @
Pat Nix     @17@19@Y@Pat Nix             @LHP     @5'11 @195  @                                        @
Luke Latham @18@08@Y@Luke Latham         @RHP     @6'4  @205  @                                        @
Connor Riley@19@08@Y@Connor Riley        @RHP     @5'11 @170  @                                        @
Brock Daniel@20@16@Y@Brock Daniels       @OF/RHP  @5'11 @185  @                                        @
Brady Hanna @21@16@Y@Brady Hanna         @RHP     @6'2  @230  @                                        @
Matt Venn   @22@16@Y@Matt Venn           @1B/C    @6'2  @220  @                                        @
Brinn Bell  @23@17@Y@Brinn Bell          @OF/INF/R@6'1  @195  @                                        @
Colby Sorens@25@08@Y@Colby Sorenson      @RHP     @6'2  @195  @                                        @
Matt Fallon @26@08@Y@Matt Fallon         @OF      @6'2  @180  @                                        @
Bryson Jibbe@27@19@Y@Bryson Jibben       @OF      @6'3  @210  @                                        @
Cody Smith  @28@16@Y@Cody Smith          @RHP     @6'3  @190  @                                        @
Austin Fink @29@11@Y@Austin Fink         @LHP     @6'0  @205  @                                        @
C.J Martin  @31@16@Y@C.J Martin          @RHP     @6'3  @225  @                                        @
Brain King  @32@08@Y@Brain King          @RHP     @6'6  @255  @                                        @
Jake Viaene @33@09@Y@Jake Viaene         @C/1B    @6'5  @215  @                                        @
Zach VanWass@35@08@Y@Zach VanWassenhove  @1B      @6'2  @192  @                                        @
Jacob TeBrak@36@08@Y@Jacob TeBrake       @RHP     @6'3  @180  @                                        @
Tom Spear   @44@08@Y@Tom Spear           @C       @5'11 @195  @                                        @
