Clayton Auip@1 @08@Y@Clayton Auippa      @2B      @     @     @                                        @
Jose Reyes  @2 @08@Y@Jose Reyes          @SS      @     @     @                                        @
Jacob Sarabi@3 @16@Y@Jacob Sarabia       @2B      @     @     @                                        @
Christian Th@4 @10@Y@Christian Thames    @LHP     @     @     @                                        @
Weston Wick @5 @18@Y@Weston Wick         @LHP     @     @     @                                        @
Reed Robinso@6 @08@Y@Reed Robinson       @SS/2B   @     @     @                                        @
Tyler Elliso@7 @09@Y@Tyler Ellison       @OF      @     @     @                                        @
Nolan Brown @9 @19@Y@Nolan Brown         @RF      @     @     @                                        @
James Duval @12@09@Y@James Duval         @C       @     @     @                                        @
Seth Ballew @13@11@Y@Seth Ballew         @LHP     @     @     @                                        @
Trevor Ahin @14@08@Y@Trevor Ahin         @3B      @     @     @                                        @
Cole Dohertr@15@18@Y@Cole Dohertry       @LHP     @     @     @                                        @
Cullen Jozwi@16@08@Y@Cullen Jozwiak      @2B/SS   @     @     @                                        @
Stephen Stua@17@11@Y@Stephen Stuart      @OF/DH   @     @     @                                        @
Conner Smith@18@11@Y@Conner Smith        @LF      @     @     @                                        @
Caden Willia@19@08@Y@Caden Williams      @3B      @     @     @                                        @
James Barry @20@08@Y@James Barry         @3B/DH   @     @     @                                        @
Tyler Day   @21@16@Y@Tyler Day           @RHP     @     @     @                                        @
Cullen Gassa@23@16@Y@Cullen Gassaway     @1B      @     @     @                                        @
Keith Brenne@24@16@Y@Keith Brenner       @RHP     @     @     @                                        @
Hunter Lehma@26@08@Y@Hunter Lehman       @C       @     @     @                                        @
Ryan Skorupp@27@18@Y@Ryan Skoruppa       @LHP     @     @     @                                        @
Kent Corso  @28@08@Y@Kent Corso          @OF/RHP  @     @     @                                        @
Brett Rohde @29@08@Y@Brett Rohde         @OF      @     @     @                                        @
Dillon Mazzo@30@20@Y@Dillon Mazzoccoli   @RHP     @     @     @                                        @
Robbie Dicke@31@16@Y@Robbie Dickey       @RHP     @     @     @                                        @
Keaton Sabes@32@10@Y@Keaton Sabesta      @LHP     @     @     @                                        @
Jager Toffan@33@09@Y@Jager Toffan        @CF      @     @     @                                        @
Steven McNei@37@08@Y@Steven McNeil       @RHP     @     @     @                                        @
Ashton Cross@38@04@Y@Ashton Cross        @2B      @     @     @                                        @
Shane McCarl@39@08@Y@Shane McCarley      @RHP     @     @     @                                        @
Dylan Shuck @40@16@Y@Dylan Shuck         @1B/DH   @     @     @                                        @
Nick Melvin @44@08@Y@Nick Melvin         @RHP     @     @     @                                        @
