Phillip Russ@1 @08@Y@Phillip Russell     @SS      @5' 8"@140  @Austin, TX                              @
Byron Brooks@2 @08@Y@Byron Brooks        @2B      @6'   @170  @Farmersville,TX                         @
Garrett Bear@4 @16@Y@Garrett Beard       @C/OF    @6'   @180  @The Woodlands,TX                        @
Brandon Biel@5 @08@Y@Brandon Bielke      @OF      @5'10"@175  @New Braunfels,TX                        @
Ryan Walker @6 @17@Y@Ryan Walker         @OF      @5'10"@175  @Maybank,TX                              @
Blake Mannin@7 @16@Y@Blake Manning       @OF      @6'1" @180  @Sanger,TX                               @
Alec Kana   @8 @08@Y@Alec Kana           @SS/2B   @5'11"@170  @Bastrop,TX                              @
Wesley Moore@9 @11@Y@Wesley Moore        @OF      @5'9" @190  @Round Rock,TX                           @
Cassity Land@10@16@Y@Cassity Land        @RHP     @5'11"@185  @Livingston,TX                           @
Alexander An@12@20@Y@Alexander Anderson  @1B/OF   @6'3" @210  @Dallas,TX                               @
Isaiah Bland@13@11@Y@Isaiah Bland        @OF      @6'1" @180  @Desoto,TX                               @
Chris Minche@14@08@Y@Chris Minchew       @SS      @5'9" @165  @Round Rock,TX                           @
Dylan Porter@15@08@Y@Dylan Porter        @P       @6'2" @195  @Dallas,TX                               @
Jacob Hagger@16@08@Y@Jacob Haggerty      @P       @6'1" @175  @Austin,TX                               @
Jason Nichol@17@08@Y@Jason Nicholson     @C       @5'10"@180  @Drippings Springs,TX                    @
Eric Schildt@18@08@Y@Eric Schildt        @RHP/OF  @205  @205  @Richardson,TX                           @
Clayton Davi@19@08@Y@Clayton Davis       @P       @6'1" @180  @Groesbeck,TX                            @
Codey Upton @20@19@Y@Codey Upton         @LHP/OF  @6'3" @175  @Mesquite,TX                             @
Carlos Contr@21@08@Y@Carlos Contreras    @P/C/2B/S@5'7" @185  @Merit,TX                                @
Grant Anders@22@16@Y@Grant Anderson      @OF      @6'   @210  @Buda,TX                                 @
Colton Spear@23@16@Y@Colton Spears       @3B      @6'   @215  @Pflugerville,TX                         @
Kaleb Warden@24@09@Y@Kaleb Warden        @1B/C    @6'1" @210  @Frisco,TX                               @
Lance Brooks@25@08@Y@Lance Brooks        @INF     @6'2" @220  @Prosper,TX                              @
Austin Kufro@26@11@Y@Austin Kufrovich    @LHP     @6'1" @170  @Dripping Springs,TX                     @
Chris Hansen@27@16@Y@Chris Hansen        @RHP     @6'   @168  @Houston,TX                              @
Cameron Broc@28@08@Y@Cameron Brockhoff   @RHP     @5'11"@195  @Frisco,TX                               @
Garrett Harr@30@16@Y@Garrett Harris      @P       @6'2" @210  @Navasota,TX                             @
Cord Perea  @31@08@Y@Cord Perea          @C/1B    @6'4" @220  @N.Richland Hills,TX                     @
Nick Carrell@32@16@Y@Nick Carrell        @RHP     @5'10"@180  @Denton,TX                               @
Davis Szanto@33@08@Y@Davis Szanto        @OF/P    @5'11"@205  @Dallas,TX                               @
Brandon Lee @36@16@Y@Brandon Lee         @RHP     @6'6" @240  @Dallas,TX                               @
