Taylor Zackm@1 @22@Y@Taylor Zackman      @OF / P  @5'9" @150  @Bordentown, NJ                          @
Matt Arias  @2 @08@Y@Matt Arias          @OF / P  @6'   @159  @Bronx, NY                               @
Jean Mejia  @3 @08@Y@Jean Mejia          @INF     @5'9" @191  @Pemberton, NJ                           @
Dixon Kehoe @4 @08@Y@Dixon Kehoe         @C       @5'8" @153  @Marlton, NJ                             @
Tim Kemmerle@6 @16@Y@Tim Kemmerle        @INF     @5'11"@184  @Cinnaminson, NJ                         @
Kodi Doyle  @7 @16@Y@Kodi Doyle          @INF     @5'9" @171  @Pemberton, NJ                           @
Eddie Stiles@8 @16@Y@Eddie Stiles        @INF     @5'10"@172  @Lumberton, NJ                           @
Jeff Briggs @9 @11@Y@Jeff Briggs         @OF      @5'11"@159  @Moorestown, NJ                          @
Ronnie Grant@10@08@Y@Ronnie Grant        @OF      @6'1" @165  @Burlington, NJ                          @
Patrick Hayd@11@08@Y@Patrick Hayduk      @1B / P  @6'3" @166  @Browns Mills, NJ                        @
Dan Hornyak @12@08@Y@Dan Hornyak         @P       @5'9" @201  @Columbus, NJ                            @
Tyler Wolf  @14@08@Y@Tyler Wolf          @OF / INF@5'10 @193  @Pemberton, NJ                           @
Jhonnatan De@16@10@Y@Jhonnatan Del Rosari@P       @5'9" @180  @                                        @
Anthony Coni@19@16@Y@Anthony Coniglio    @P       @5'9" @164  @Roebling, NJ                            @
Ryan Bell   @20@08@Y@Ryan Bell           @P       @5'10"@150  @Burlington, NJ                          @
Dan Schurer @22@16@Y@Dan Schurer         @P       @6'2" @200  @Moorestown, NJ                          @
Dan Coughlin@23@08@Y@Dan Coughlin        @P       @6'   @223  @Southampton, NJ                         @
Chris Reyes @25@08@Y@Chris Reyes         @C / INF @5'11"@227  @Pemberton, NJ                           @
Jon McGugan @27@16@Y@Jon McGugan         @C       @5'9" @190  @Cinnaminson, NJ                         @
Dante Key   @32@11@Y@Dante Key           @OF / P  @6'3" @160  @Eastampton, NJ                          @
Frank Cerami@34@16@Y@Frank Cerami        @1B / P  @6'2" @210  @Lumberton, NJ                           @
Lewis Hart  @36@08@Y@Lewis Hart          @P       @5'10"@221  @Cinnaminson, NJ                         @
Emmanuel Pan@44@11@Y@Emmanuel Pantaleon  @P       @5'10"@218  @                                        @
