Conner River@1 @08@Y@Conner Rivers       @RHP/3B  @6'   @175  @Homewood, AL                            @
Mason Throne@2 @16@Y@Mason Throneberry   @RHP/INF @5'9  @170  @Madison, AL                             @
Jacob Newton@3 @16@Y@Jacob Newton        @RHP/OF  @5'10 @185  @Rogersville, AL                         @
John T. Watk@4 @17@Y@John T. Watkins     @3B      @6'   @190  @Russelville, AL                         @
Frazier Tayl@7 @16@Y@Frazier Taylor      @RHP     @5'9  @200  @Oxford, AL                              @
Patrick Sand@8 @16@Y@Patrick Sanderson   @MIF     @6'   @185  @Auburn, Al                              @
James Hillho@10@08@Y@James Hillhouse     @INF/OF  @5'10 @170  @Florence, Al                            @
Jarred McCur@11@08@Y@Jarred McCurdy      @C       @6'   @190  @Pension                                 @
Nick Hall   @12@19@Y@Nick Hall           @LHP/1B  @6'3  @220  @Powder Springs, GA                      @
Todd Gibson @15@16@Y@Todd Gibson         @RHP     @6'3  @180  @Hartselle, AL                           @
Colby Nelson@16@16@Y@Colby Nelson        @RHP     @6'4  @180  @Hartselle, Al                           @
Daulton Hill@18@08@Y@Daulton Hill        @RHP     @6'4  @185  @Acworth, GA                             @
Blake Talley@19@16@Y@Blake Talley        @RHP/3B  @6'1  @180  @Huntsville, Al                          @
Josh Nance  @20@16@Y@Josh Nance          @RHP     @6'   @225  @Snellville, GA                          @
Weston Calla@21@08@Y@Weston Callahan     @RHP     @5'10 @170  @Huntsville, Al                          @
Jake Whitt  @22@08@Y@Jake Whitt          @RHP     @6'1  @195  @Hartselle, AL                           @
Colby Crutch@24@16@Y@Colby Crutcher      @MIF     @5'9  @175  @Huntsville, Al                          @
Patrick Mull@28@17@Y@Patrick Mullin      @OF      @6'1  @170  @Madison, Al                             @
Robert Harri@29@17@Y@Robert Harris       @RHP/OF  @6'2  @210  @Cartersville, GA                        @
Tripp Jamies@31@08@Y@Tripp Jamieson      @1B/3B   @6'3  @220  @Cartersville, GA                        @
Tyler Willin@36@11@Y@Tyler Willinger     @OF      @5'9  @150  @Charlestown, IN                         @
Jake Nelson @37@16@Y@Jake Nelson         @RHP     @6'4  @230  @Harvest, Al                             @
Andrew Fuhrm@45@08@Y@Andrew Fuhrman      @RHP     @5'11 @170  @Southside, AL                           @
Will Gann   @47@08@Y@Will Gann           @RHP     @5'10 @155  @Decatur, AL                             @
Justin Frien@48@09@Y@Justin Friend       @1B/C    @6'3  @260  @Johns Creek, GA                         @
Kyle Casteel@49@08@Y@Kyle Casteel        @RHP     @6'4  @205  @Athens, AL                              @
