Zachery Stam@1 @16@Y@Zachery Stampley    @Cather/3@5'10 @197  @Cocoa Beach, FL                         @
Eric Prachni@2 @08@Y@Eric Prachniak      @Pitcher @5'8  @144  @Baltimore, MD                           @
Stephen Broo@3 @16@Y@Stephen Brooks      @2nd Base@5'8  @139  @Baltimore, MD                           @
Ismael Reyes@5 @16@Y@Ismael Reyes        @SS      @6'3  @176  @Pembrooke Pines, FL                     @
Troy Brannen@8 @08@Y@Troy Brannen        @3rd Base@5'10 @199  @Coconut Creek, FL                       @
Zachary Wals@9 @08@Y@Zachary Walsh       @Catcher @5'11 @195  @                                        @
Thomas Fortm@10@08@Y@Thomas Fortman III  @Pitcher @6'   @184  @                                        @
Dean Jolley @11@08@Y@Dean Jolley         @OF      @5'9  @160  @Baltimore, MD                           @
Blair Merson@12@16@Y@Blair Merson        @2nd Base@5'9  @160  @Lutherville, MD                         @
Anthony Trip@13@08@Y@Anthony Triplin     @OF      @6'   @184  @Windsor Mills, MD                       @
Trent Shaw  @14@17@Y@Trent Shaw          @2nd Base@6'2  @180  @Abingdon, MD                            @
Shane Mizell@15@11@Y@Shane Mizelle       @OF/P    @6'1  @177  @Baltimore, MD                           @
Aaron Bardof@16@08@Y@Aaron Bardoff-Brzezi@Catcher @5'11 @167  @Baltimore, MD                           @
Eddy Gomez  @17@08@Y@Eddy Gomez          @OF      @6'3  @205  @Maimi, FL                               @
Dennis Jacks@18@08@Y@Dennis Jackson      @Pitcher @6'   @202  @Charlestown, WV                         @
Troy Schuchm@19@08@Y@Troy Schuchman      @Pitcher @5'11 @215  @Baltimore, MD                           @
Michael Corn@20@16@Y@Michael Corn        @Catcher @6'1  @200  @Baltimore, MD                           @
Zachary Racu@21@08@Y@Zachary Racusin     @OF      @6'   @185  @Menhan, NJ                              @
Christian Va@22@11@Y@Christian Vain      @Pitcher @6'   @143  @                                        @
Jacob Sites @23@16@Y@Jacob Sites         @1st Base@6'   @210  @Martinsburg, WV                         @
Charles Tren@26@09@Y@Charles Trentler    @3rd Base@6'   @155  @Baltimore, MD                           @
Aidan Cain  @27@08@Y@Aidan Cain          @Pitcher @6'2  @154  @Elkridge, MD                            @
Michael McCr@30@08@Y@Michael McCray      @1st Base@6'3  @221  @Baltimore, MD                           @
Donald Field@31@16@Y@Donald Fielder      @Pitcher @6'1  @187  @Lutherville, MD                         @
Anthony McCo@32@08@Y@Anthony McCoy, Jr.  @Catcher @6'1  @246  @Baltimore, MD                           @
