Eddie Guarda@0 @16@Y@Eddie Guardarrama   @C       @6'   @180  @Sunny Isles Beach, FL                   @
Abel Arocho @2 @11@Y@Abel Arocho         @OF      @5'9  @175  @Millersville, MD                        @
Desean Rabb @3 @16@Y@Desean Rabb         @P       @5'9  @165  @Peoria, AZ                              @
Evan Russell@4 @09@Y@Evan Russell        @P       @5'9  @160  @Columbia, MD                            @
Matthew Biel@5 @08@Y@Matthew Bieler      @C       @5'10"@170  @Bowie, MD                               @
Leandro Guzm@6 @16@Y@Leandro Guzman      @SS/P    @6'2  @190  @Beltsville, MD                          @
Patrick Bosl@7 @09@Y@Patrick Bosley      @C/1B    @5'11 @205  @Reisterstown, MD                        @
Cody Beacorn@9 @08@Y@Cody Beacorn        @OF/2B   @5'7  @170  @Fredericksburg, VA                      @
Miles Campbe@10@16@Y@Miles Campbell      @SS/2B   @6'2  @170  @New Cumberland, PA                      @
Mike William@11@16@Y@Mike Williams       @OF/P    @6'   @185  @Richmond, VA                            @
Josh Beglan @12@08@Y@Josh Beglan         @2B      @5'9  @165  @Ellicott City, MD                       @
Nic Fisher  @13@08@Y@Nic Fisher          @3B      @5'10 @200  @Pasadena, MD                            @
Matt Bougour@14@08@Y@Matt Bougourd       @3B      @6'2  @220  @Riviera Beach, MD                       @
Logan Sica  @16@19@Y@Logan Sica          @OF      @5'9  @190  @Camp Hill, PA                           @
Richard Hunt@17@16@Y@Richard Hunt        @P       @6'2  @200  @Green Brook, NJ                         @
Mark Burnsid@18@19@Y@Mark Burnside       @P       @6'6  @210  @York, PA                                @
Shane Sweene@19@11@Y@Shane Sweeney       @P/DH    @6'4  @185  @Eldersburg, MD                          @
Nick Collins@20@08@Y@Nick Collins        @P       @6'3  @205  @Leesburg, VA                            @
Derek Sicca @23@08@Y@Derek Sicca         @P/DH    @5'11 @225  @Jessup, MD                              @
Sean Pico   @25@11@Y@Sean Pico           @P       @6'2  @245  @Richmond, VA                            @
Tyler Fisher@26@08@Y@Tyler Fisher        @P       @5'8  @170  @Dallastown, PA                          @
Ben Sifen   @27@08@Y@Ben Sifen           @OF      @6'2  @175  @Newport News, VA                        @
Matt Prince @28@09@Y@Matt Prince         @1B/DH   @6'1  @200  @Baltimore, MD                           @
Will Enrico @29@08@Y@Will Enrico         @C       @6'   @185  @Camp Hill, PA                           @
Sam Warfield@31@08@Y@Sam Warfield        @P       @5'11 @230  @Baltimore, MD                           @
Trejon Smith@33@09@Y@Trejon Smith        @1B      @6'2  @220  @Dade City, FL                           @
Kyle Stricke@35@11@Y@Kyle Stricker       @P       @6'2  @180  @Columbia, MD                            @
Dave Flacco @46@16@Y@Dave Flacco         @2B      @5'10 @190  @Hadden Township, NJ                     @
