Garrett Hroz@1 @08@Y@Garrett Hrozek      @OF / SS @5'10"@140 l@Montgomery, TX                          @
Rolando Jacq@2 @08@Y@Rolando Jacquez     @2B      @5'8" @155 l@Amarillo, TX                            @
Cody Brown  @3 @17@Y@Cody Brown          @1B      @6'1" @190 l@Grand Prairie, TX                       @
Daniel Sparr@4 @09@Y@Daniel Sparrow      @SS / 2B @5'9" @155 l@Groves, TX                              @
Gabriel Ramr@5 @16@Y@Gabriel Ramriez-Cosm@OF      @5'11"@185 l@Toa Baja, PR                            @
Cody Thurman@6 @08@Y@Cody Thurman        @RHP     @6'2" @170 l@Howe, TX                                @
Roldan Villa@8 @08@Y@Roldan Villarreal   @RHP     @5'11"@140 l@Pasadena, TX                            @
Matt Osterga@9 @16@Y@Matt Ostergaard     @RHP     @5'10"@170 l@Grand Prairie, TX                       @
Jeremy Jacks@10@08@Y@Jeremy Jackson      @OF      @5'8" @175 l@Waco, TX                                @
Boone Privet@11@16@Y@Boone Privette      @RHP     @5'9" @185 l@Fort Worth, TX                          @
Ryan Hawkins@12@08@Y@Ryan Hawkins        @RHP     @5'7" @150 l@Richmond, TX                            @
John Castell@13@08@Y@John Castellanos    @2B      @5'9" @175 l@Waxahachie, TX                          @
Holden Holso@14@08@Y@Holden Holsomback   @C       @5'10"@180 l@Kirbyville, TX                          @
Torreon Wood@15@16@Y@Torreon Woods       @RHP     @5'9" @145 l@Houston, TX                             @
Jaylon Ross @16@11@Y@Jaylon Ross         @LHP     @5'11"@165 l@Waco, TX                                @
Branon Huff @17@08@Y@Branon Huff         @OF      @5'11"@175 l@Bridgeport, TX                          @
Payton Geisi@18@08@Y@Payton Geisinger    @3B      @5'9" @165 l@Wichita Falls, TX                       @
Jacob Clark @19@08@Y@Jacob Clark         @RHP     @5'11"@185 l@Jasper, TX                              @
Trayvond Bro@20@08@Y@Trayvond Brooks     @RHP     @6'4" @205 l@Waco, TX                                @
Landon Geisi@21@08@Y@Landon Geisinger    @SS      @6'0" @185 l@Wichita Falls, TX                       @
Chris Grupp @22@08@Y@Chris Grupp         @C       @6'0" @205 l@Woodlands, TX                           @
Trevor Raker@24@08@Y@Trevor Rakers       @RHP     @6'4" @200 l@St. Louis, MO                           @
Stephen Hamp@25@16@Y@Stephen Hampton     @RHP     @6'1" @200 l@Gladewater, TX                          @
Tyler Solloh@26@08@Y@Tyler Sollohub      @RHP     @6'0" @190 l@Somerset, TX                            @
Fred William@27@08@Y@Fred Williams Jr.   @OF      @5'8" @205 l@DeSoto, TX                              @
Colton Rasbe@28@08@Y@Colton Rasberry     @C       @6'2" @180 l@Houston, TX                             @
Jeremy Adams@29@17@Y@Jeremy Adams        @1B      @6'0" @245 l@Decatur, TX                             @
Shane Green @31@08@Y@Shane Green         @RHP     @6'4" @200 l@Hawkins, TX                             @
Dolan Duniga@33@16@Y@Dolan Dunigan       @OF      @6'5" @215 l@Winnepeg, CN                            @
Patrick Robl@34@08@Y@Patrick Robles      @RHP / 3B@5'10"@195 l@Midland, TX                             @
Brandon Appl@48@17@Y@Brandon Applewhite  @1B      @6'2" @260 l@Rhome, TX                               @
