Nate Olin   @1 @08@Y@Nate Olin           @P       @6'0  @170  @                                        @
Austin Krets@2 @08@Y@Austin Kretsch      @OF      @5'10 @165  @                                        @
Sam Nieman  @3 @16@Y@Sam Nieman          @2B      @5'9  @160  @                                        @
Ben LaMere  @4 @16@Y@Ben LaMere          @OF      @6'0  @175  @                                        @
Justin Jinki@5 @16@Y@Justin Jinkins      @P       @5'9  @160  @                                        @
Taylor Rathk@6 @17@Y@Taylor Rathke       @C       @6'0  @165  @                                        @
Eldon Evans @7 @16@Y@Eldon Evans         @P       @6'1  @165  @                                        @
Bo Howard   @8 @08@Y@Bo Howard           @1B      @5'11 @180  @                                        @
Cale Cuddie @9 @16@Y@Cale Cuddie         @P       @6'1  @185  @                                        @
Alex Turbak @10@17@Y@Alex Turbak         @OF      @6'0  @210  @                                        @
Dakota Belte@11@17@Y@Dakota Belter       @P       @5'11 @170  @                                        @
Skyler Cary @12@08@Y@Skyler Cary         @INF     @5'9  @170  @                                        @
Miles Nablo @13@16@Y@Miles Nablo         @P       @6'2  @180  @                                        @
Christian Ab@14@16@Y@Christian Abilla    @SS/P    @5'9  @170  @Stillwater, MN                          @
Alex Freese @15@08@Y@Alex Freese         @P       @6'0  @175  @                                        @
Justin Ander@16@16@Y@Justin Anderson     @INF     @6'2  @185  @                                        @
Tim Truninge@17@16@Y@Tim Truninger       @SS      @6'1  @170  @                                        @
Ryan Nicolai@18@17@Y@Ryan Nicolai        @OF      @5'9  @165  @                                        @
Logan Busch @19@11@Y@Logan Busch         @OF      @6'0  @175  @                                        @
Spencer Merl@20@08@Y@Spencer Merle       @OF      @6'0  @165  @                                        @
Jack Niedenf@21@19@Y@Jack Niedenfuer     @P       @6'2  @175  @                                        @
Jake Lindber@22@16@Y@Jake Lindberg       @1B      @6'3  @220  @                                        @
Jordan Stroh@23@16@Y@Jordan Stroh        @3B      @6'4  @235  @                                        @
Colton Vien @24@16@Y@Colton Vien         @P       @6'4  @180  @                                        @
Austin Boohe@25@16@Y@Austin Booher       @P       @6'5  @220  @                                        @
Hunter Dicus@26@09@Y@Hunter Dicus        @OF      @6'2  @175  @                                        @
Tucker Bucho@27@16@Y@Tucker Bucholz      @C       @5'11 @180  @                                        @
Brody Schint@29@08@Y@Brody Schintz       @P       @6'3  @230  @                                        @
Patrick Mulv@30@11@Y@Patrick Mulvaney    @P       @6'6  @190  @                                        @
Wynn Bigham @31@19@Y@Wynn Bigham         @OF      @5'9  @170  @                                        @
Josh Stuempe@32@08@Y@Josh Stuempert      @P       @6'5  @210  @                                        @
Geoffrey Fis@33@11@Y@Geoffrey Fisher     @P       @6'1  @170  @                                        @
Eric Olheise@34@08@Y@Eric Olheiser       @INF     @6'0  @180  @                                        @
Arich Juberi@35@08@Y@Arich Juberian      @C       @5'10 @175  @                                        @
