Aaron Smith @1 @17@Y@Aaron Smith         @2B      @6'   @185  @Mesa, AZ                                @
Tim Hergert @2 @08@Y@Tim Hergert         @INF     @6'   @175  @Vancouver, WA                           @
Cody Erickso@4 @08@Y@Cody Erickson       @INF/P   @6'1" @195  @Scottsdale, AZ                          @
Freddy Ramos@7 @09@Y@Freddy Ramos        @C       @5'11"@190  @Hialeah, FL                             @
MJ Hubbs    @8 @08@Y@MJ Hubbs            @OF      @5'10"@180  @Cave Creek, AZ                          @
Brad Holland@10@08@Y@Brad Holland        @SS      @6'2" @175  @Gilbert, AZ                             @
Zach Johnsto@11@08@Y@Zach Johnston       @P       @6'4" @235  @Peoria, AZ                              @
Nicco Blank @12@16@Y@Nicco Blank         @P       @5'11"@165  @Tucson, AZ                              @
Jared Koenig@13@19@Y@Jared Koenig        @P       @6'5" @190  @Aptos, CA                               @
Sam Myers   @14@08@Y@Sam Myers           @P       @6'1" @240  @Beaver, UT                              @
Nashea Diggs@15@08@Y@Nashea Diggs        @INF     @5'5" @160  @Anaheim, CA                             @
Joel Kuhnel @16@08@Y@Joel Kuhnel         @P       @6'4" @275  @Peoria, AZ                              @
David Petrin@17@16@Y@David Petrino       @INF     @5'11"@200  @Springdale, AR                          @
Spencer O'Ne@18@17@Y@Spencer O'Neil      @OF/1B   @6'5" @205  @Kennewick, WA                           @
Sean Maxon  @20@16@Y@Sean Maxon          @P       @6'1" @200  @Phoenix, AZ                             @
Cody Farrell@21@16@Y@Cody Farrell        @OF      @6'5" @220  @Cheyenne, WY                            @
Colby Hamilt@22@08@Y@Colby Hamilton      @C       @6'   @170  @Chandler, AZ                            @
Aldo Koutsoy@23@08@Y@Aldo Koutsoyanopulos@3B/OF   @6'1" @185  @                                        @
Sam Welton  @24@09@Y@Sam Welton          @OF      @6'3" @190  @Scottsdale, AZ                          @
Andris Rizqu@25@19@Y@Andris Rizquez      @OF      @5'10"@160  @Caracas,Ven.                            @
Conner O'Nei@26@08@Y@Conner O'Neil       @P       @6'2" @195  @Kennewick, WA                           @
Riley Joyce @27@08@Y@Riley Joyce         @C       @6'   @195  @Anthem, AZ                              @
Carlos Rodri@30@19@Y@Carlos Rodriguez    @P       @6'2" @200  @Kapolei, HI                             @
Justin Seiwa@32@11@Y@Justin Seiwald      @P       @6'3" @220  @Broomfield, CO                          @
Dillon Bigcr@33@11@Y@Dillon Bigcrane     @OF/P    @5'10'@210  @Scottsdale, AZ                          @
Junior Zeped@34@16@Y@Junior Zepeda       @P       @6'4" @185  @Phoenix, AZ                             @
Conner Noble@35@09@Y@Conner Noble        @P       @6'1" @180  @Vancouver, BC                           @
Brock Dykxho@42@16@Y@Brock Dykxhoorn     @P       @6'8" @235  @Delhi, ON                               @
Manny Ramire@44@08@Y@Manny Ramirez       @1B/OF   @6'4" @200  @Miami, FL                               @
