Drew Dunagan@1 @08@Y@Drew Dunagan        @UTY     @     @     @                                        @
JD Perry    @2 @16@Y@JD Perry            @OF      @     @     @                                        @
James Cunnin@3 @16@Y@James Cunningham    @OF      @     @     @                                        @
Tim Kennedy @4 @08@Y@Tim Kennedy         @OF      @     @     @                                        @
Dylan Lee   @5 @16@Y@Dylan Lee           @RHP     @     @     @                                        @
Kendall Ford@6 @08@Y@Kendall Ford        @SS      @     @     @                                        @
Jeff Ronpiri@8 @16@Y@Jeff Ronpirin       @UTY     @     @     @                                        @
Colt Ramsey @9 @16@Y@Colt Ramsey         @RHP     @     @     @                                        @
Grayson Ivey@10@08@Y@Grayson Ivey        @3B      @     @     @                                        @
Matt Evenson@11@16@Y@Matt Evenson        @RHP     @     @     @                                        @
Chris Brown @12@16@Y@Chris Brown         @RHP     @     @     @                                        @
John Holland@13@17@Y@John Holland        @SS      @     @     @                                        @
Sam Knight  @14@17@Y@Sam Knight          @OF      @     @     @                                        @
John Kizzar @15@08@Y@John Kizzar         @RHP     @     @     @                                        @
Payne Kosobu@16@16@Y@Payne Kosobucki     @RHP     @     @     @                                        @
Dalton Rentz@17@16@Y@Dalton Rentz        @RHP     @     @     @                                        @
Tyler Welch @19@08@Y@Tyler Welch         @RHP     @     @     @                                        @
Hunter Mitch@20@16@Y@Hunter Mitchell     @RHP     @     @     @                                        @
Tyler Lynn  @21@09@Y@Tyler Lynn          @OF      @     @     @                                        @
Jake Maziar @22@09@Y@Jake Maziar         @1B/C    @     @     @                                        @
Drew Lingo  @23@08@Y@Drew Lingo          @UTY     @     @     @                                        @
Kevin Moore @24@16@Y@Kevin Moore         @RHP     @     @     @                                        @
Trevor Kiebo@25@08@Y@Trevor Kieboom      @3B      @     @     @                                        @
Cody Sheffie@26@16@Y@Cody Sheffield      @RHP     @     @     @                                        @
Jared Martin@27@16@Y@Jared Martin        @C       @     @     @                                        @
Trevor Guthr@29@08@Y@Trevor Guthrie      @RHP     @     @     @                                        @
Cam Sperry  @30@17@Y@Cam Sperry          @OF      @     @     @                                        @
Frank Wager @31@09@Y@Frank Wager         @C       @     @     @                                        @
Will Tillery@32@08@Y@Will Tillery        @RHP     @     @     @                                        @
Mitch Shelby@33@16@Y@Mitch Shelby        @RHP     @     @     @                                        @
Dan Lynn    @34@16@Y@Dan Lynn            @RHP     @     @     @                                        @
Reid Michale@35@12@Y@Reid Michalek       @C       @     @     @                                        @
