Ryan Schoenb@1 @19@Y@Ryan Schoenbauer    @OF      @5'11"@195  @Riva, MD                                @
Josh Yost   @2 @08@Y@Josh Yost           @P       @6'0" @168  @Huntingtown, MD                         @
Ausaf Hussai@3 @08@Y@Ausaf Hussain       @OF      @5'11"@175  @Federalsburg, MD                        @
Corey Helmer@4 @08@Y@Corey Helmer        @2B      @5'7" @135  @Galliano, LA                            @
Eric Enrico @5 @16@Y@Eric Enrico         @3B/P    @6'2" @190  @Vero Beach, FL                          @
Zach Correa @7 @11@Y@Zach Correa         @P/OF    @5'9" @175  @Easton, MD                              @
David Stallw@9 @09@Y@David Stallworth    @OF/P    @6'2" @205  @Crossville, TN                          @
Caleb Hunter@12@08@Y@Caleb Hunter        @OF/P    @6'0" @175  @Delmar, DE                              @
Jack Wood   @13@18@Y@Jack Wood           @P       @6'0" @185  @Denton, MD                              @
Dustin Jones@14@08@Y@Dustin Jones        @P/SS    @6'3" @195  @Easton, MD                              @
Dillon Swang@15@08@Y@Dillon Swanger      @P       @6'0" @175  @Salisbury, MD                           @
Michael Rich@16@08@Y@Michael Richardson  @SS/2B/OF@5'8" @163  @New York, NY                            @
Hunter Pears@17@08@Y@Hunter Pearson      @IF      @6'0" @180  @Salisbury, MD                           @
Scott Mitche@18@08@Y@Scott Mitchell      @P/SS    @6'2" @180  @Davidsonville, MD                       @
Mike Hackett@19@19@Y@Mike Hackett        @1B/P    @6'2" @205  @Montrose, PA                            @
Jeffrey Taba@20@08@Y@Jeffrey Tabares     @C       @5'11"@190  @Tampa, FL                               @
Luke Skovira@21@08@Y@Luke Skovira        @OF/1B   @6'0" @210  @Baltimore, MD                           @
Tyler Spence@23@09@Y@Tyler Spencer       @C       @5'9" @180  @Bel Air, MD                             @
Stephen Seuf@24@08@Y@Stephen Seufert     @P       @6'2" @200  @Easton, MD                              @
Mitch Sutton@25@08@Y@Mitch Sutton        @1B/P    @6'3" @230  @Baltimore, MD                           @
Guy Smith   @26@08@Y@Guy Smith           @OF      @6'3" @190  @Huntingtown, MD                         @
Alex Kennedy@28@10@Y@Alex Kennedy        @P/OF    @6'3" @175  @Thurmont, MD                            @
Patrick Kemp@29@09@Y@Patrick Kemper      @P       @6'3" @225  @Olney, MD                               @
Bobby Schult@30@08@Y@Bobby Schultz       @P       @6'4" @175  @St. Michaels, MD                        @
Ryan Gough  @32@08@Y@Ryan Gough          @P       @6'3" @250  @Owings, MD                              @
Trent Grove @40@08@Y@Trent Grove         @C       @6'2" @220  @West Pittston, PA                       @
