Victor Torre@1 @08@Y@Victor Torres       @ss      @     @     @Vega Alta, Pr                           @
Hayden Bach @2 @08@Y@Hayden Bach         @P       @     @     @Cleburne,TX                             @
Paul Garcia @3 @08@Y@Paul Garcia         @SS      @     @     @Plano,TX                                @
Devin Perez @4 @08@Y@Devin Perez         @C       @     @     @Tulsa, OK                               @
Nathan Mench@5 @08@Y@Nathan Menchaca     @2B      @     @     @Burleson,TX                             @
Dylan Britti@6 @08@Y@Dylan Brittingham   @Lf      @     @     @Columbus,GA                             @
Isnel Oliven@7 @08@Y@Isnel Olivencia     @CF      @     @     @Vega Alta, PR                           @
Michael Cruz@8 @09@Y@Michael Cruz        @C       @     @     @Cayey, PR                               @
Aaron Keller@9 @08@Y@Aaron Keller        @P       @     @     @Bangs, TX                               @
Joel Garza  @10@09@Y@Joel Garza          @C       @     @     @Laredo,TX                               @
Tyler Sander@11@08@Y@Tyler Sanders       @CF      @     @     @Houston,Tx                              @
Alex Steadma@12@16@Y@Alex Steadman       @3B      @     @     @Arlington,TX                            @
Pablo Puerta@13@12@Y@Pablo Puerta        @2B      @     @     @Barcelona,VE                            @
John Guerra @14@16@Y@John Guerra         @P       @     @     @Somerset, Tx                            @
Sammy David @15@08@Y@Sammy David         @RF      @     @     @Guayama,PR                              @
Shane Clemen@16@08@Y@Shane Clement       @P       @     @     @Wimberley,TX                            @
Axel Arrieta@17@08@Y@Axel Arrieta        @P       @     @     @El Paso,TX                              @
Brandon Hill@18@08@Y@Brandon Hillier     @P       @     @     @Toronto, On                             @
Brandon Turn@20@19@Y@Brandon Turner      @P       @     @     @Arlington,Tx                            @
Miguel Cintr@21@08@Y@Miguel Cintron      @3B      @     @     @Guayama,PR                              @
Ryan Backus @23@08@Y@Ryan Backus         @1b      @     @     @Amarillo,Tx                             @
Richard Rami@24@16@Y@Richard Ramirez     @1B      @     @     @Caracas,VE                              @
Brain Epstei@26@11@Y@Brain Epstein       @P       @     @     @Houston,TX                              @
Lucas Wearda@30@09@Y@Lucas Weardan       @RF      @     @     @Plano,TX                                @
Christian Zu@33@08@Y@Christian Zuniga    @P       @     @     @McAllen,Tx                              @
Alejandro Go@36@08@Y@Alejandro Gonzalez  @P       @     @     @Caracas,VE                              @
Jace Hall   @44@08@Y@Jace Hall           @P       @     @     @Lubbock,Tx                              @
Jose Agosto @51@08@Y@Jose Agosto         @P       @     @     @Gurabo,PR                               @
