Adam Goldfar@1 @08@Y@Adam Goldfarb       @OF      @     @     @Beekmantown NY                          @
Matt William@2 @16@Y@Matt Williams       @OF      @     @     @Holland Patent, NY                      @
Joe Dezalia @3 @08@Y@Joe Dezalia         @P/INF   @     @     @                                        @
Turner Ede  @4 @08@Y@Turner Ede          @C/INF   @     @     @Missiquoi, VT                           @
Evan Nichols@5 @08@Y@Evan Nichols        @P/INF   @     @     @West Chazy, NY                          @
Murray Ruggi@6 @08@Y@Murray Ruggiero     @P/1B    @     @     @Wallingford, CT                         @
Jared Nichol@7 @08@Y@Jared Nichols       @P/INF   @     @     @West Chazy, NY                          @
Josh Rabidea@10@16@Y@Josh Rabideau       @OF      @     @     @Standish, NY                            @
Marcus Lefeb@11@08@Y@Marcus Lefebvre     @P/INF   @     @     @Rouses Point, NY                        @
Robert Mejia@13@08@Y@Robert Mejia        @P/OF    @     @     @Santa Domingo, DR                       @
Dalton Casti@14@08@Y@Dalton Castine      @P/INF   @     @     @                                        @
Austin Medei@15@08@Y@Austin Medeiros     @P       @     @     @Saranac, NY                             @
Kaleb Snide @16@16@Y@Kaleb Snide         @INF     @     @     @Chazy, NY                               @
Kristian She@24@16@Y@Kristian Sherman    @P       @     @     @Plattsburgh, NY                         @
Chris Roenbe@27@16@Y@Chris Roenbeck      @C/1B    @     @     @                                        @
