Jared Zerr  @1 @09@Y@Jared Zerr          @OF      @     @     @                                        @
Kody Cox    @2 @16@Y@Kody Cox            @OF/INF  @     @     @                                        @
Austin White@3 @20@Y@Austin White        @INF     @     @     @                                        @
Riley Budd  @4 @08@Y@Riley Budd          @OF/RHP  @     @     @                                        @
Coleton Bess@5 @09@Y@Coleton Besse       @INF     @     @     @                                        @
Cameron Zane@6 @08@Y@Cameron Zane        @INF     @     @     @                                        @
Jordan Heath@7 @11@Y@Jordan Heatherington@OF      @     @     @                                        @
Cal Zagurski@8 @16@Y@Cal Zagurski        @C       @     @     @                                        @
Colton Koose@9 @08@Y@Colton Kooser       @INF/RHP @     @     @                                        @
Jackson Cain@10@16@Y@Jackson Cain        @INF     @     @     @                                        @
Quentin Mill@11@08@Y@Quentin Miller      @OF/RHP  @     @     @                                        @
Bryce McMull@12@08@Y@Bryce McMullen      @OF/RHP  @     @     @                                        @
Kasey Biddle@13@08@Y@Kasey Biddle        @RHP     @     @     @                                        @
Drake Collin@14@08@Y@Drake Collins       @RHP     @     @     @                                        @
Jesse Rall  @16@16@Y@Jesse Rall          @INF/RHP @     @     @                                        @
Adam Bennett@18@08@Y@Adam Bennett        @INF/RHP @     @     @                                        @
Oliver Hodge@19@08@Y@Oliver Hodges       @INF     @     @     @                                        @
Matt Forsyth@20@16@Y@Matt Forsythe       @RHP     @     @     @                                        @
Tanner Palmo@22@16@Y@Tanner Palmore      @OF      @     @     @                                        @
Jared Winter@23@11@Y@Jared Winter        @LHP     @     @     @                                        @
Cole Thomas @24@08@Y@Cole Thomas         @RHP     @     @     @                                        @
Trevor Reid @25@08@Y@Trevor Reid         @INF     @     @     @                                        @
Zach Larkin @27@16@Y@Zach Larkin         @RHP     @     @     @                                        @
Cameron Core@28@08@Y@Cameron Corey       @RHP     @     @     @                                        @
Garrett Eck @29@08@Y@Garrett Eck         @C       @     @     @                                        @
Trevor Norde@30@08@Y@Trevor Nordell      @OF/RHP  @     @     @                                        @
Emilio Foden@31@08@Y@Emilio Foden        @RHP     @     @     @                                        @
