Louis Boyd  @1 @08@Y@Louis Boyd          @SS      @5'10 @185  @Vancouver, BC                           @
Sean DeSoto @2 @09@Y@Sean DeSoto         @C/INF   @5'10 @185  @Las Vegas, NV                           @
Francisco Si@3 @08@Y@Francisco Silva     @INF     @5'11 @175  @Tucson, AZ                              @
Nick Borowsk@5 @11@Y@Nick Borowski       @UTL     @6'0  @190  @Las Vegas, NV                           @
James Stroud@6 @08@Y@James Stroud        @OF      @5'10 @190  @Woodbridge, VA                          @
Trey Reineke@7 @11@Y@Trey Reineke        @OF      @5'11 @175  @Aurora, CO                              @
Josh Advocat@8 @16@Y@Josh Advocate       @P       @6'1  @190  @Mohave, AZ                              @
Jovan Ewusie@9 @08@Y@Jovan Ewusie        @INF     @6'1  @190  @Vancouver, BC                           @
Austin Nelso@10@16@Y@Austin Nelson       @INF     @5'9  @185  @Las Vegas, NV                           @
Alan Valenzu@11@16@Y@Alan Valenzuela     @P       @6'4  @220  @Tucson, AZ                              @
Jayson Hicks@12@08@Y@Jayson Hicks        @OF      @5'7  @195  @Las Vegas, NV                           @
Zion Bell   @13@19@Y@Zion Bell           @OF      @6'0  @175  @Jupiter, FL                             @
Xavier Altam@15@16@Y@Xavier Altamirano   @P       @6'3  @195  @Douglas, AZ                             @
Darick Hall @16@12@Y@Darick Hall         @P/INF   @6'5  @215  @Hereford, AZ                            @
David Estrad@17@08@Y@David Estrada       @P       @6'0  @175  @Las Vegas, NV                           @
Oscar Garcia@19@16@Y@Oscar Garcia        @P       @6'0  @180  @St. Joan, Spain                         @
Jordan Carns@20@08@Y@Jordan Carns        @P       @6'3  @175  @Sierra Vista, AZ                        @
Kade Wagner @21@11@Y@Kade Wagner         @P       @6'2  @180  @Riverton, UT                            @
Steve Naemar@22@19@Y@Steve Naemark       @P       @6'3  @190  @Tucson, AZ                              @
Jake Luna   @23@08@Y@Jake Luna           @OF      @5'10 @195  @Tucson, AZ                              @
Riley MacDon@24@08@Y@Riley MacDonald     @C       @6'1  @210  @Vancouver, BC                           @
Gerardo Arza@25@17@Y@Gerardo Arzaga      @OF/INF  @6'3  @205  @Mesa, Az                                @
Jason Sanez @27@08@Y@Jason Sanez         @C       @5'10 @195  @Douglas, AZ                             @
