Grant Buchan@1 @20@Y@Grant Buchanan      @IF      @5'11"@165  @Greeley, Colorado                       @
Grant Buchan@1 @20@Y@Grant Buchanan      @IF      @5'11"@165  @Greeley, CO                             @
Trent Ham   @2 @16@Y@Trent Ham           @OF      @5'11"@165  @Haxtun, Colorado                        @
Dante Foos  @3 @19@Y@Dante Foos          @P       @5'8" @145  @Greeley, Colorado                       @
Joshua Jones@4 @19@Y@Joshua Jones        @P       @5'10"@165  @Kagman, Saipan                          @
Brady Rogers@5 @09@Y@Brady Rogers        @IF      @6'0" @170  @Nanaimo, British Columbia               @
Brett Wallac@6 @08@Y@Brett Wallace       @IF      @5'7" @170  @Parker, Colorado                        @
Spencer Dein@7 @08@Y@Spencer Deines      @P       @5'9" @170  @Burlington, Colorado                    @
Fily Perez  @8 @16@Y@Fily Perez          @1B      @6'1" @180  @Johnstown, Colorado                     @
Hunter Ducor@9 @08@Y@Hunter Ducorbier    @P/IF    @5'10"@160  @Lafayette, Lousiana                     @
Luc Hebert  @11@08@Y@Luc Hebert          @P       @6'2" @180  @Cocagne, New Brunswick                  @
Ryan Ihle   @13@16@Y@Ryan Ihle           @IF      @6'2" @170  @Ferny Grove, Australia                  @
Cory Cyrus  @14@16@Y@Cory Cyrus          @IF      @6'1" @190  @Thorton, Colorado                       @
Lucas Gordon@15@11@Y@Lucas Gordon        @P       @6'3" @195  @Colorado Springs, Colorado              @
Michael Gord@16@08@Y@Michael Gordon      @P       @6'3" @190  @Colorado Springs, Colorado              @
David Nelson@17@08@Y@David Nelson        @OF      @5'10"@150  @Wheatland, Wyoming                      @
Lucas Giesey@18@14@Y@Lucas Giesey        @1B      @6'1" @200  @Sheridan, Wyoming                       @
Anthony McKi@19@08@Y@Anthony McKinley    @OF      @6'4" @230  @Dartmouth, Nova Scotia                  @
Brandon Koeh@20@08@Y@Brandon Koehler     @P       @6'1" @180  @Eaton, Colorado                         @
Jeremy Stidh@21@08@Y@Jeremy Stidham      @C       @5'9" @175  @                                        @
Luke Whitfie@22@08@Y@Luke Whitfield      @P       @5'11"@165  @Berthoud, Colorado                      @
Austin Avela@23@08@Y@Austin Avelar       @OF      @     @     @Goodland, KS                            @
Tanner Spenc@24@08@Y@Tanner Spencer      @P       @6'3" @185  @Moose Jaw, Saskatchewan                 @
Drake Biggin@26@16@Y@Drake Biggins       @C       @6'0" @190  @Parker, Colorado                        @
Matt Benn   @27@16@Y@Matt Benn           @OF      @6'1" @205  @Teulon, Manitoba                        @
Nolan Carter@28@16@Y@Nolan Carter        @IF      @5'9" @170  @Laramie, Wyoming                        @
Nick Silva  @30@16@Y@Nick Silva          @P       @6'2" @210  @Littleton, Colorado                     @
Jorge Cruz  @32@16@Y@Jorge Cruz          @P       @6'1" @165  @Stratton, Colorado                      @
Daniel Macka@33@16@Y@Daniel Mackay       @P       @6'4" @215  @Aurora, Colorado                        @
Jeromy Dento@34@08@Y@Jeromy Denton       @P       @6'1" @185  @Mesa, Arizona                           @
Garth Helton@35@16@Y@Garth Helton        @P       @6'3" @165  @Goodland, Kansas                        @
Daniel Quint@39@16@Y@Daniel Quintana     @P       @6'1" @170  @Johnstown, Colorado                     @
