Cedric Henry@1 @08@Y@Cedric Henry        @P/C/OF  @     @     @Suffolk, VA                             @
Kyle Spruill@2 @08@Y@Kyle Spruill        @P/C     @     @     @Moyock, NC                              @
Blake Miller@3 @16@Y@Blake Miller        @1B      @     @     @Suffolk, VA                             @
Zack Szymans@4 @08@Y@Zack Szymanski      @U       @     @     @Moyock, NC                              @
Evan Phillip@5 @08@Y@Evan Phillips       @IF      @     @     @Camden, NC                              @
Brent West  @6 @08@Y@Brent West          @IF      @     @     @Mechanicsville, VA                      @
Cody Foreman@7 @16@Y@Cody Foreman        @C       @     @     @Swansboro, NC                           @
Tyler Woodho@8 @19@Y@Tyler Woodhouse     @P       @     @     @Camden, NC                              @
Zac Vasko   @10@16@Y@Zac Vasko           @OF      @     @     @Moyock, NC                              @
Caleb Jacobs@12@16@Y@Caleb Jacobs        @OF      @     @     @Shannon, NC                             @
Josh Sydenst@13@08@Y@Josh Sydenstricker  @P       @     @     @Virginia Beach, VA                      @
Patrick Kyle@14@08@Y@Patrick Kyle        @IF      @     @     @Hampton, VA                             @
Kenny Parks @15@08@Y@Kenny Parks         @OF      @     @     @Hayes, VA                               @
Jordan Roger@17@16@Y@Jordan Rogers       @P       @     @     @Jamesville, NC                          @
Billy Kretze@18@16@Y@Billy Kretzer       @P       @     @     @Edenton, NC                             @
Andy Herrera@20@08@Y@Andy Herrera        @OF      @     @     @Miami, FL                               @
Greg Fleming@22@16@Y@Greg Fleming        @IF      @     @     @Virginia Beach, VA                      @
Lucas Groove@24@16@Y@Lucas Groover       @IF      @     @     @Jamesville, NC                          @
Will Miller @25@16@Y@Will Miller         @OF      @     @     @Kannapolis, NC                          @
Austin Lilly@26@16@Y@Austin Lilly        @P       @     @     @Edenton, NC                             @
Mike Rector @29@08@Y@Mike Rector         @1B      @     @     @Virginia Beach, VA                      @
Julio Rosale@30@08@Y@Julio Rosales       @C/IF    @     @     @Barquisimeto, VZ                        @
Brady Batten@31@16@Y@Brady Battenfield   @P       @     @     @Norfolk, VA                             @
Travis Davis@32@16@Y@Travis Davis        @P       @     @     @Asheboro, NC                            @
Richard Mart@33@08@Y@Richard Marte       @P       @     @     @Santo Domingo, DR                       @
Garrett Cart@34@19@Y@Garrett Cartwright  @P       @     @     @Elizabeth City, NC                      @
Ricky Carvaj@37@12@Y@Ricky Carvajal      @IF      @     @     @Santo Domingo, DR                       @
Brandon Mars@39@17@Y@Brandon Marsh       @P       @     @     @Bath, NC                                @
Dillon Cutle@42@16@Y@Dillon Cutler       @1B      @     @     @Washington, NC                          @
Evan York   @44@08@Y@Evan York           @OF      @     @     @Asheboro, NC                            @
Matt Wilder @45@08@Y@Matt Wilder         @P       @     @     @Chesapeake, VA                          @
