Jayden Bearn@1 @11@Y@Jayden Bearnson     @INF     @5-6  @160  @Syracuse, Utah                          @
Harrison Ram@2 @08@Y@Harrison Ramey      @INF     @5-10 @160  @Lake Oswego, Oregon                     @
Cody Schmidt@4 @08@Y@Cody Schmidt        @INF     @5-11 @170  @Las Vegas, Nevada                       @
Skyler Souza@5 @16@Y@Skyler Souza        @INF/OF  @6-0  @180  @Boise, Idaho                            @
Kolton Brost@6 @19@Y@Kolton Brost        @LHP     @6-0  @190  @Monsa, Utaho                            @
Isaac Anders@7 @16@Y@Isaac Anderson      @INF/OF  @6-1  @185  @Boise,Idaho                             @
Jordan Godma@8 @16@Y@Jordan Godman       @OF      @5-11 @185  @Las Vegas, Nevada                       @
Preston Youn@9 @16@Y@Preston Young       @INF/OF  @6-0  @180  @Riverton, Utah                          @
Jeff Gilstra@10@08@Y@Jeff Gilstrap       @INF     @6-1  @195  @Salt Lake City, Utah                    @
Bobby Wright@12@16@Y@Bobby Wright        @INF     @6-1  @170  @Las Vegas, Nevada                       @
Mason Hilty @13@08@Y@Mason Hilty         @RHP/INF @6-0  @190  @Richland, Washington                    @
Erik Nouis  @14@11@Y@Erik Nouis          @LHP     @6-1  @180  @Las Vegas, Nevada                       @
AJ Van Meetr@15@17@Y@AJ Van Meetren      @OF      @6-0  @185  @Las Vegas, Nevada                       @
Lincoln Rive@16@08@Y@Lincoln Rivera      @C       @5-7  @185  @Spanish Fork, Utah                      @
Mikey Ortega@17@08@Y@Mikey Ortega        @C       @6-0  @185  @Walnut, California                      @
Bodie Cooper@18@08@Y@Bodie Cooper        @C       @6-2  @200  @Pocatello, Idaho                        @
Tanner Drape@19@08@Y@Tanner Draper       @RHP     @6-3  @215  @Riverton, Utah                          @
Grant Kukuk @20@16@Y@Grant Kukuk         @RHP     @6-0  @180  @Reno, Nevada                            @
Tyler Burdet@21@08@Y@Tyler Burdett       @RHP     @6-2  @205  @Las Vegas, Nevada                       @
Damon Jones @22@11@Y@Damon Jones         @LHP     @6-5  @195  @Twin Falls, Idaho                       @
Nathan Acker@24@16@Y@Nathan Ackerman     @C       @6-2  @195  @Langley, B.C.                           @
Cody Jenkins@25@08@Y@Cody Jenkins        @INF     @5-11 @185  @Denver, Colorado                        @
Makay Nelson@26@08@Y@Makay Nelson        @RHP     @5-11 @175  @Maple Mountain, Utah                    @
RJ Bush     @28@19@Y@RJ Bush             @INF     @6-2  @185  @Reno, Nevada                            @
Dillon Rove @29@19@Y@Dillon Rove         @6-0     @6-0  @165  @Las Vegas, Nevada                       @
Zack Draper @32@11@Y@Zack Draper         @6-3     @190  @190  @Salt Lake City, Utah                    @
Braxton Deve@34@08@Y@Braxton Deveraux    @RHP     @6-1  @180  @Lehi, Utah                              @
Josh Gasser @36@08@Y@Josh Gasser         @RHP     @6-4  @205  @Boise, Idaho                            @
