Chance Sugg @1 @16@Y@Chance Sugg         @OF      @5'9" @160  @                                        @
Yariel Gonza@2 @20@Y@Yariel Gonzalez     @IF      @6'1" @193  @                                        @
Hunter Harri@3 @08@Y@Hunter Harrison     @IF P    @6'1" @190  @                                        @
Trevor Crone@4 @09@Y@Trevor Crone        @IF      @5'8" @175  @                                        @
Jarrard Pote@5 @17@Y@Jarrard Poteete     @C       @6'1" @220  @                                        @
Tyson Tacket@6 @16@Y@Tyson Tackett       @OF      @6'1" @165  @                                        @
Jake Borrego@8 @16@Y@Jake Borrego        @IF      @6'0" @190  @                                        @
Austin Catro@9 @14@Y@Austin Catron       @OF      @6'1" @195  @                                        @
Landon Decke@11@08@Y@Landon Decker       @OF      @5'9" @185  @                                        @
Christian Pe@12@16@Y@Christian Perez     @IF OF   @6'0" @180  @                                        @
Raul Centeno@13@16@Y@Raul Centeno        @C       @6'0" @200  @                                        @
Jaycee Parke@14@16@Y@Jaycee Parker       @P       @6'0" @170  @                                        @
Hunter Simps@15@17@Y@Hunter Simpson      @IF/C    @6"0" @200  @                                        @
Yamil Rivera@16@08@Y@Yamil Rivera        @P       @5'11"@160  @                                        @
Zane Dougan @17@16@Y@Zane Dougan         @P       @6'4" @185  @                                        @
Tim Smithson@18@08@Y@Tim Smithson        @IF      @6'0" @220  @                                        @
Josh Hammill@19@03@Y@Josh Hammill        @P       @6'0" @190  @                                        @
Conner Steve@20@08@Y@Conner Stevenson    @IF      @6'1" @225  @                                        @
Dariel Gonza@21@16@Y@Dariel Gonzalez     @OF      @5'10"@170  @                                        @
Landon Bradl@22@08@Y@Landon Bradley      @P       @6'0" @180  @                                        @
Victor Vazqu@23@11@Y@Victor Vazquez      @P       @6'8" @190  @                                        @
Rafael Otero@24@12@Y@Rafael Otero        @OF IF   @6'1" @180  @                                        @
Ty Fourkille@25@16@Y@Ty Fourkiller       @IF      @6'1" @205  @                                        @
Emmanuel Arn@27@19@Y@Emmanuel Arnaud     @P       @6'2" @175  @                                        @
Steven Janne@28@08@Y@Steven Jannetta     @C       @5'8" @190  @                                        @
Justin Ferre@29@16@Y@Justin Ferrell      @P       @6'7" @195  @                                        @
Nate Meloy  @30@08@Y@Nate Meloy          @P       @6'3" @180  @                                        @
Connor Garci@32@16@Y@Connor Garcia       @P       @6'2" @185  @                                        @
Tyler Sutton@34@08@Y@Tyler Sutton        @P       @5'10"@190  @                                        @
Jimmy Wood  @35@08@Y@Jimmy Wood          @P       @5'10"@205  @                                        @
Jean Garcia @37@08@Y@Jean Garcia         @P       @6'1" @180  @                                        @
Jake Tolbert@40@11@Y@Jake Tolbert        @P       @5'11"@210  @                                        @
E. Kirkpatri@44@16@Y@E. Kirkpatrick      @C       @6'0" @225  @                                        @
Ethan Moore @46@08@Y@Ethan Moore         @P       @6'1" @230  @                                        @
Brady Jones @50@08@Y@Brady Jones         @P       @6'0" @175  @                                        @
Cody Ladner @52@08@Y@Cody Ladner         @P       @6'4" @210  @                                        @
Seth Cato   @54@08@Y@Seth Cato           @P       @6'0" @175  @                                        @
