Cody Marches@1 @08@Y@Cody Marchese       @IF/P    @     @     @Waverly, NY                             @
Silvio Delga@2 @08@Y@Silvio Delgado      @IF      @     @     @Brooklyn, NY                            @
Cody Schie  @3 @16@Y@Cody Schie          @OF/P    @     @     @Akron, NY                               @
Andy Magnuse@4 @11@Y@Andy Magnusen       @OF      @     @     @Elmira, NY                              @
Jesse Swan  @5 @12@Y@Jesse Swan          @C       @     @     @Campbell, NY                            @
Richard Torr@6 @08@Y@Richard Torres      @C/OF    @     @     @Bath, NY                                @
Kevin Boulas@7 @08@Y@Kevin Boulas        @P/IF    @     @     @Horseheads, NY                          @
Cody Whitmer@8 @16@Y@Cody Whitmer        @OF/P    @     @     @Elmira, NY                              @
Tanner Rarri@10@08@Y@Tanner Rarrick      @OF      @     @     @Painted Post, NY                        @
Scott Clark @11@08@Y@Scott Clark         @IF      @     @     @Wake Forest, NC                         @
Pat Fero    @12@19@Y@Pat Fero            @P       @     @     @Painted Post, NY                        @
Mitch Buckle@13@08@Y@Mitch Buckley       @IF/P    @     @     @Bath, NY                                @
Matt Shaw   @14@08@Y@Matt Shaw           @OF      @     @     @Pickering, ON, Canada                   @
Kris O'Rourk@15@08@Y@Kris O'Rourke       @P/IF    @     @     @Newfield, NY                            @
Brett Owens @16@12@Y@Brett Owens         @P/IF    @     @     @Spencerport, NY                         @
Skylar Lelje@17@08@Y@Skylar Leljedal     @IF?P    @     @     @Elmira, NY                              @
Kurt Ludden @19@16@Y@Kurt Ludden         @OF      @     @     @Bath, NY                                @
Trent Buckle@20@08@Y@Trent Buckley       @C/OF    @     @     @Bath, NY                                @
Otto Bresser@21@11@Y@Otto Bresser        @        @     @     @Big Flats, NY                           @
Coty Kitchin@25@10@Y@Coty Kitchin        @P       @     @     @Corning, NY                             @
Ryan Delgado@28@08@Y@Ryan Delgado        @P/OF    @     @     @Middle Village, NY                      @
Alan Stanhop@30@08@Y@Alan Stanhope       @P/OF    @     @     @Bath, NY                                @
Wyatt Martin@31@11@Y@Wyatt Martin        @IF      @     @     @Elmira, NY                              @
