Jose Moreno @2 @08@Y@Jose Moreno         @C/OF    @     @     @North Bergen, NJ                        @
Justin Ferre@3 @16@Y@Justin Ferreira     @OF      @     @     @Elmwood Park, NJ                        @
Will Mohr   @6 @08@Y@Will Mohr           @P       @     @     @Northern Highlands, NJ                  @
Marco Hernan@7 @11@Y@Marco Hernandez     @P       @     @     @North Bergen, NJ                        @
Keith Miller@8 @08@Y@Keith Miller        @C       @     @     @Boonton, NJ                             @
Andrew Coco @9 @16@Y@Andrew Coco         @P       @     @     @Bloomfield, NJ                          @
Eric Barsant@10@16@Y@Eric Barsanti       @INF     @     @     @Caldwell, NJ                            @
Pete Milevsk@11@16@Y@Pete Milevski       @OF      @     @     @Parsippany, NJ                          @
Pasquale And@12@08@Y@Pasquale Andreula   @3B/P    @     @     @North Bergen, NJ                        @
Alex Lux    @13@08@Y@Alex Lux            @C       @     @     @Passaic Valley, NJ                      @
Kyle Cooper @14@08@Y@Kyle Cooper         @UT      @     @     @Roxbury, NJ                             @
Eric Vartani@15@19@Y@Eric Vartanian      @P       @     @     @Jefferson, NJ                           @
Justin Schwa@16@08@Y@Justin Schwarz      @INF     @     @     @Pascack Valley, NJ                      @
Andres Santa@17@08@Y@Andres Santana      @OF      @     @     @Newark, NJ                              @
Josh Coleman@18@11@Y@Josh Coleman        @P       @     @     @Morris Knolls, NJ                       @
Kevin Carney@19@08@Y@Kevin Carney        @P       @     @     @Fair Lawn, NJ                           @
Jack Fleming@20@16@Y@Jack Fleming        @P       @     @     @Florham Park, NJ                        @
James Rangel@21@11@Y@James Rangel        @1B      @     @     @North Bergen, NJ                        @
Evan Steidl @22@17@Y@Evan Steidl         @SS      @     @     @Randolph, NJ                            @
Jordan Aughe@23@16@Y@Jordan Aughey       @OF      @     @     @Whippany, NJ                            @
Sawyer Thier@25@16@Y@Sawyer Thieringer   @P       @     @     @Long Valley, NJ                         @
Michael Muha@26@09@Y@Michael Muha        @1B      @     @     @Cedar Knolls, NJ                        @
Garret Becke@27@16@Y@Garret Becker       @3B      @     @     @Blairstown, NJ                          @
Mike Matera @28@16@Y@Mike Matera         @P       @     @     @Roxbury, NJ                             @
Dean DeNicol@29@08@Y@Dean DeNicola       @P       @     @     @Hackettstown, NJ                        @
Eder Rivera @32@08@Y@Eder Rivera         @UT      @     @     @Jefferson, NJ                           @
RJ Giannetti@33@08@Y@RJ Giannetti        @P       @     @     @Kinnelon, NJ                            @
Bobby Bradle@36@08@Y@Bobby Bradley       @1B      @     @     @Budd Lake, NJ                           @
JJ Ruehl    @37@08@Y@JJ Ruehl            @P       @     @     @Hillsdale, NJ                           @
Randy Squier@44@08@Y@Randy Squier        @C       @     @     @Ogdensburg, NJ                          @
