Ryne Sigmon @2 @12@Y@Ryne Sigmon         @SS/P    @6' 0 @170  @Danville, VA                            @
Cody Farmer @3 @08@Y@Cody Farmer         @OF/INF  @5' 8"@150  @Neptune Beach, FL                       @
Brady Dignan@4 @08@Y@Brady Dignan        @2B/P    @5' 7"@125  @Atlantic Beach, FL                      @
Joey Lind   @5 @16@Y@Joey Lind           @P       @6' 0"@160  @Ringgold, VA                            @
Brandon Case@6 @11@Y@Brandon Casey       @0F/P    @6' 1"@175  @Chester, VA                             @
Ben Cobbs   @7 @08@Y@Ben Cobbs           @P       @6' 0"@180  @Danville, VA                            @
Adam Dalton @8 @08@Y@Adam Dalton         @P/OF    @6' 3"@195  @Selma, NC                               @
James Culbre@9 @08@Y@James Culbreth      @P       @6' 0"@240  @Stedman, NC                             @
Daniel Ellio@10@17@Y@Daniel Elliott      @P       @6' 3"@235  @Chester, VA                             @
Ross Mountca@11@14@Y@Ross Mountcasel     @P/1B    @6' 2'@175  @Richmond, VA                            @
Jacob Kiser @15@08@Y@Jacob Kiser         @3B      @5' 11@205  @Richmond, TX                            @
Cody Casey  @16@08@Y@Cody Casey          @P       @6' 1"@165  @Chester, VA                             @
Caleb Mishue@17@08@Y@Caleb Mishue        @P       @6' 2'@230  @Yanceyville, NC                         @
Dylan Sligh @18@16@Y@Dylan Sligh         @1B      @6' 2"@200  @Madison Hgts, VA                        @
Phil Bostian@19@08@Y@Phil Bostian        @P       @5' 11@180  @Winston Salem, NC                       @
Tyler Hudgin@20@16@Y@Tyler Hudgins       @OF      @5' 11@160  @Burns, TN                               @
Shane Bousma@21@08@Y@Shane Bousman       @OF/INF  @5' 10@145  @Danville, VA                            @
Tyler Cassel@24@16@Y@Tyler Casselbury    @OF/1B   @6' 0'@205  @Wendell, NC                             @
Josh Tasker @25@08@Y@Josh Tasker         @OF/C    @6' 2'@190  @Amelia, VA                              @
Dustin Smile@29@16@Y@Dustin Smilek       @C       @5' 9"@175  @Richmond, VA                            @
Austin Ricke@30@08@Y@Austin Ricketts     @C/OF    @5' 11@170  @Spotsylvania, VA                        @
Kyle Kadlub @31@11@Y@Kyle Kadlub         @P       @5' 10@190  @Jacksonville, FL                        @
Ben Walters @33@08@Y@Ben Walters         @P       @6' 6"@220  @Mebane, NC                              @
Nick Hauser @34@08@Y@Nick Hauser         @C       @5' 8"@180  @Pfafftown, NC                           @
Tyler Wall  @35@08@Y@Tyler Wall          @P       @6' 1"@180  @Nathalie, VA                            @
Jashaad Gilm@44@08@Y@Jashaad Gilmore     @OF      @6' 3;@215  @Danville, VA                            @
