Derek Bauer @1 @11@Y@Derek Bauer         @1B/OF/LH@6'1" @175  @Millis, MA                              @
Cam Flateau @2 @16@Y@Cam Flateau         @MIF     @5'9" @165  @Franklin, MA                            @
Carlos Guzma@3 @08@Y@Carlos Guzman       @MIF     @5'11"@170  @N. Smithfield, RI                       @
Dan Ormond  @4 @08@Y@Dan Ormond          @MIF     @5'11"@165  @Yonkers, NY                             @
Gavin McCann@5 @08@Y@Gavin McCann        @MIF     @5'11"@150  @Highland, NY                            @
Jonathan Arg@6 @16@Y@Jonathan Argetsinger@1B      @6'0" @185  @Lowell, MA                              @
Daquan Colem@7 @16@Y@Daquan Coleman      @OF      @5'10"@165  @Bridgeport, CT                          @
James Wynne @9 @08@Y@James Wynne         @OF/RHP  @6'0" @180  @North Salem, NY                         @
Rich Cesca  @10@20@Y@Rich Cesca          @C       @6'1" @175  @Congers, NY                             @
TJ Valente  @13@16@Y@TJ Valente          @3B/1B   @6'2" @225  @Medfield, MA                            @
John Perri  @15@16@Y@John Perri          @C       @5'6" @170  @Stamford, CT                            @
Cori Boucher@16@08@Y@Cori Boucher        @RHP     @5'6" @150  @Franklin, MA                            @
Nick Barone @17@08@Y@Nick Barone         @RHP/OF  @5'11"@180  @QWethersfield, CT                       @
Jose Hernand@18@16@Y@Jose Hernandez      @RHP/OF  @5'10"@170  @Perth Amboy, NJ                         @
Kelvin Santi@19@08@Y@Kelvin Santiago     @C       @5'11"@190  @San Lorenzo, PR                         @
Donnell High@20@16@Y@Donnell Hightower   @RHP     @5'11"@180  @Dorchester, MA                          @
Ryan Donovan@21@08@Y@Ryan Donovan        @RHP     @5'11"@190  @Clinton, CT                             @
Vaibhav Desa@22@08@Y@Vaibhav Desai       @RHP     @6'0" @140  @Waltham, MA                             @
Marcello Urs@24@08@Y@Marcello Ursini     @OF      @5'10"@170  @Shelton, CT                             @
Erasmo Orteg@25@08@Y@Erasmo Ortega       @RHP     @6'3" @170  @Queens, NY                              @
Billy Young @31@10@Y@Billy Young         @LHP     @6'1" @150  @North Kingstown, RI                     @
Joe Sheberte@32@18@Y@Joe Shebertes       @LHP     @6'3" @285  @Medfield, MA                            @
