Tony Hunter @1 @11@Y@Tony Hunter         @OF/LHP  @5'9" @175  @Savannah, GA                            @
Michael Brow@2 @08@Y@Michael Brown       @SS/2B   @6'2" @200  @Brandywine, MD                          @
Kevin Guthri@3 @16@Y@Kevin Guthrie       @OF      @5'8" @170  @Georgetown, DE                          @
Tanner Hudso@5 @08@Y@Tanner Hudson       @MIF     @6'0" @175  @Manassas, VA                            @
Mark Ferrara@7 @16@Y@Mark Ferrara        @2B      @5'7" @170  @Boothwyn, PA                            @
Erving Nazar@9 @09@Y@Erving Nazario      @1B      @5'11"@180  @Hamilton, NJ                            @
Wes Whitlock@10@08@Y@Wes Whitlock        @RHP/OF  @6'3" @195  @Middletown, DE                          @
Justin Somer@11@16@Y@Justin Somerville   @OF      @6'2" @170  @Westminster, MD                         @
Christopher @12@08@Y@Christopher Huk     @RHP/1B  @6'3" @225  @Milford, DE                             @
Vinnie Sorre@13@17@Y@Vinnie Sorrentino   @3B      @5'8" @170  @Trenton, NJ                             @
Stephen Solo@14@16@Y@Stephen Solomon     @RHP     @6'3" @230  @Harrisburg, PA                          @
Lee Killen  @15@08@Y@Lee Killen          @C       @5'7" @170  @Camden, DE                              @
Nicholas Mor@17@08@Y@Nicholas Morrisette @C       @5'9" @215  @Portsmouth, VA                          @
Kain Johnson@19@16@Y@Kain Johnson        @RHP     @6'3" @190  @Felton, DE                              @
Orlando Mull@20@14@Y@Orlando Mullins     @LHP/OF  @5'11"@185  @Washington, DC                          @
Dustin Warre@21@08@Y@Dustin Warren       @RHP     @6'2" @225  @                                        @
Tyler Simms @22@16@Y@Tyler Simms         @OF      @5'11"@180  @Pomeret, MD                             @
Jordan Marti@23@08@Y@Jordan Martin       @MIF     @5'9" @150  @Atlanta, GA                             @
Dane Gecina @24@19@Y@Dane Gecina         @OF      @6'0" @180  @New Castle, PA                          @
Christian Br@25@16@Y@Christian Brigham   @C/1B    @5'10"@235  @Buffalo, NY                             @
Christopher @26@08@Y@Christopher Moreilli@RHP     @6'2" @220  @Mahopac, NY                             @
Tyler Myers @27@16@Y@Tyler Myers         @RHP     @6'2" @190  @Brouge, PA                              @
Adam Kowalcz@28@16@Y@Adam Kowalczyk      @1B      @6'3" @235  @Marshall, VA                            @
Nicholas Gra@31@16@Y@Nicholas Grant      @RHP     @6'2" @230  @Milford, DE                             @
Zachary Edwa@32@16@Y@Zachary Edwards     @RHP     @6'1" @180  @Felton, DE                              @
Wilfredo Rod@34@08@Y@Wilfredo Rodriguez  @3B/RHP  @6'1" @200  @Lebanon, PA                             @
Nicholas Pis@36@11@Y@Nicholas Pisani     @LHP/OF  @6'0" @170  @Harrisburh, PA                          @
