Cole Freeman@1 @08@Y@Cole Freeman        @IF      @5'6  @160  @Mandeville, LA                          @
Frankie Watt@2 @17@Y@Frankie Watts       @OF      @5'9  @165  @Marrero, LA                             @
Alex Brennan@3 @09@Y@Alex Brennan        @OF      @6'0  @180  @Kenner, LA                              @
Korsel Schou@4 @08@Y@Korsel Schouest     @OF      @5'9  @160  @New Orleans, LA                         @
Garrett Shan@5 @11@Y@Garrett Shano       @OF      @6'0  @190  @Lafitte, LA                             @
Cody Farrell@6 @16@Y@Cody Farrell        @IF      @5'9  @205  @Luling, LA                              @
Rivers Frede@7 @08@Y@Rivers Frederick    @OF      @6'0  @185  @New Orleans, LA                         @
Bryce Adams @8 @08@Y@Bryce Adams         @1B      @6'4  @200  @Baton Rouge, LA                         @
Tyler Hannan@9 @08@Y@Tyler Hannan        @OF      @6'2  @190  @                                        @
Rustin Guidr@10@09@Y@Rustin Guidry       @IF      @5'10 @150  @Thibodaux, LA                           @
Brooks Vial @11@11@Y@Brooks Vial         @P       @5'9  @170  @Luling, LA                              @
Scott Stones@12@08@Y@Scott Stonestreet   @P       @6'2  @185  @Destrehan, LA                           @
Brett Leonha@14@08@Y@Brett Leonhard      @P       @6'1  @160  @Harahan, LA                             @
Cody Ducote @15@08@Y@Cody Ducote         @C/OF    @5'8  @185  @Kenner, LA                              @
Jonathan Ebe@16@08@Y@Jonathan Ebersole   @P       @5'9  @180  @Metairie, LA                            @
Devin Morril@17@08@Y@Devin Morrill       @IF      @5'7  @160  @Metairie, LA                            @
Austin Barro@18@19@Y@Austin Barrois      @OF      @6'0  @215  @Belle Chasse, LA                        @
Connor Charb@19@16@Y@Connor Charbat      @OF      @5'10 @175  @Dayton, OH                              @
Ryan Taylor @22@08@Y@Ryan Taylor         @OF      @5'8  @180  @River Ridge, LA                         @
Dylan Weston@23@08@Y@Dylan Weston        @IF      @6'0  @205  @New Orleans, LA                         @
Jacob Neil  @25@18@Y@Jacob Neil          @P       @5'11 @195  @Chauvin, LA                             @
Evan Chacon @28@17@Y@Evan Chacon         @P/IF    @5'10 @220  @Metairie, LA                            @
Ross Budensk@29@08@Y@Ross Budenski       @OF      @5'7  @195  @Metairie, LA                            @
Clay Tageant@30@16@Y@Clay Tageant        @P       @6'0  @205  @Franklinton, LA                         @
Jordan Pridd@31@11@Y@Jordan Priddle      @P       @6'2  @200  @Tallahassee, FL                         @
Ryan Brister@32@16@Y@Ryan Brister        @P       @6'2  @165  @Kenner, LA                              @
Jordan Caill@33@16@Y@Jordan Caillouet    @3B      @6'0  @195  @Raceland, LA                            @
Riley Laney @34@08@Y@Riley Laney         @P       @6'0  @165  @Casselberry, FL                         @
Jonathan May@35@16@Y@Jonathan Mayeaux    @P       @6'3  @195  @Thibodaux, LA                           @
Josh Watkins@36@17@Y@Josh Watkins        @OF      @6'0  @200  @HopeHull, AL                            @
Christopher @37@16@Y@Christopher Eades   @C       @6'3  @240  @Slidell, LA                             @
Chase Hymel @41@19@Y@Chase Hymel         @P       @5'11 @205  @Metairie, LA                            @
Troy Lewis  @42@16@Y@Troy Lewis          @P/IF    @5'9  @180  @Metairie, LA                            @
