Nick Belzer @2 @08@Y@Nick Belzer         @RHP     @6'2''@190  @Ankeny, IA                              @
Shea Molitor@3 @16@Y@Shea Molitor        @3B/2B   @5'11'@200  @Plymouth, MN                            @
Beau Backhau@4 @08@Y@Beau Backhaus       @RHP     @6'3''@180  @Alexandria, MN                          @
Ben Allen   @5 @08@Y@Ben Allen           @3B      @5'11'@180  @Alexandria, MN                          @
Eric Weisbro@6 @09@Y@Eric Weisbrod       @OF      @6'0''@180  @Racine, WI                              @
Steve Serrat@8 @17@Y@Steve Serratore     @C       @6'0''@190  @Austin, MN                              @
Blake Molito@9 @16@Y@Blake Molitor       @C       @6'2''@210  @Plymouth, MN                            @
Patrick Fial@10@16@Y@Patrick Fiala       @UTL     @6'0''@185  @Sioux Falls, SD                         @
Anthony Mros@11@08@Y@Anthony Mrosla      @C       @6'0''@175  @Coon Rapids, MN                         @
Charlie Cogh@14@16@Y@Charlie Coghlin     @1B/DH   @6'2''@215  @Colorado Springs, CO                    @
Eric Jagers @16@11@Y@Eric Jagers         @LHP     @6'1''@175  @Bettendorf, IA                          @
Andrew Rayme@18@08@Y@Andrew Raymer       @RHP     @6'3''@210  @North Liberty, IA                       @
Ryan Fritze @19@16@Y@Ryan Fritze         @RHP     @6'1''@175  @Woodbury, MN                            @
Tyler Wolfe @20@16@Y@Tyler Wolfe         @SS/RHP  @6'0''@190  @Maple Plain, MN                         @
Cosimo Canne@21@16@Y@Cosimo Cannella     @1B/OF   @6'3''@220  @Schaumburg, IL                          @
Chris Kelly @22@11@Y@Chris Kelly         @OF      @6'1''@170  @Boone, IA                               @
Dominic Reed@23@16@Y@Dominic Reed        @RHP     @6'0''@190  @Prior Lake, MN                          @
Kyle Duncan @24@08@Y@Kyle Duncan         @RHP     @6'1''@160  @Des Moines, IA                          @
Austin Stros@25@08@Y@Austin Stroschein   @RHP     @6'5''@185  @Marion, IA                              @
Roman Collin@26@19@Y@Roman Collins       @OF      @6'2''@205  @Maple Grove, MN                         @
Chris Myjak @27@08@Y@Chris Myjak         @RHP     @6'6''@250  @Itasca, IL                              @
Tony Maiers @28@08@Y@Tony Maiers         @1B/OF   @6'5''@195  @Cedar Rapids, IA                        @
Connor Schwi@29@16@Y@Connor Schwienebart @RHP     @6'4''@190  @Dallastown, PA                          @
Sam Scott   @30@08@Y@Sam Scott           @RHP     @6'0''@185  @Iowa City, IA                           @
Brennan Manf@31@19@Y@Brennan Manfull     @LHP     @6'0''@175  @Cambridge, IA                           @
Ben Larpente@32@19@Y@Ben Larpenter       @LHP     @5'9''@170  @Urbandale, IA                           @
Chris Carson@33@08@Y@Chris Carson        @1B      @6'4''@235  @Redfield, IA                            @
Ian Fitzsimm@37@08@Y@Ian Fitzsimmons     @OF      @6'1''@200  @Windsor Heights, IA                     @
Austin Franz@38@11@Y@Austin Franzen      @LHP     @6'6''@200  @Eagan, MN                               @
