Haden Houska@1 @16@Y@Haden Houska        @SS      @5'9" @170  @Enid, OK                                @
Damion Orr  @2 @12@Y@Damion Orr          @2B      @6'0" @165  @Midwest City, OK                        @
Nick Ragias @3 @16@Y@Nick Ragias         @OF      @5'11"@190  @Wichita, KS                             @
Anthony Bowm@5 @11@Y@Anthony Bowmaker    @LHP     @5'11"@165  @Oklahoma City, OK                       @
Trent Troxel@6 @16@Y@Trent Troxell       @1B      @6'3" @200  @Fort Cobb, OK                           @
Leno Ramirez@7 @09@Y@Leno Ramirez        @3B      @5'8" @170  @Dover, OK                               @
Spencer Bedw@8 @16@Y@Spencer Bedwell     @RHP/INF @6'0" @180  @Colorado Springs, CO                    @
Jordan Doan @9 @08@Y@Jordan Doan         @OF      @6'0" @180  @Dodge City, KS                          @
Connor Koepp@10@17@Y@Connor Koepp        @1B/C    @6'0" @210  @Norman, OK                              @
Jerry Kearne@11@08@Y@Jerry Kearney       @RHP     @6'3" @230  @Enid, OK                                @
Nathan Kelly@12@08@Y@Nathan Kelly        @INF     @6'0" @170  @Albuquerque, NM                         @
Jerry Lacayo@13@16@Y@Jerry Lacayo        @C       @5'10"@170  @Colorado Springs, CO                    @
Jacob Bellam@14@17@Y@Jacob Bellamy       @OF      @5'9" @170  @Anadarko, OK                            @
Croix Sedill@15@16@Y@Croix Sedillo       @OF      @6'3" @190  @Corrales, NM                            @
Denver Johns@16@08@Y@Denver Johnston     @3B      @6'1" @180  @Midwest City, OK                        @
Jorden Field@17@08@Y@Jorden Fields       @C       @5'10"@190  @Pueblo, CO                              @
Zac Seale   @18@11@Y@Zac Seale           @LHP     @6'3" @190  @Wichita Falls, TX                       @
Parker Jones@22@16@Y@Parker Jones        @OF      @6'2" @180  @The Colony, TX                          @
Sam Brunner @23@16@Y@Sam Brunner         @RHP     @6'5" @200  @Fort Collins, CO                        @
Hayden Simmo@24@11@Y@Hayden Simmons      @OF      @5'11"@165  @Wofforth, TX                            @
Jagger Harjo@25@16@Y@Jagger Harjo        @RHP     @6'0" @185  @Midwest City, OK                        @
Andrew Ridde@26@08@Y@Andrew Riddell      @RHP     @6'6" @205  @Kellyville, NSW, AUS                    @
Bryan McElro@27@08@Y@Bryan McElroy       @RHP     @6'2" @175  @Arvada, CO                              @
Blaine Birdw@28@09@Y@Blaine Birdwell     @OF      @5'11"@165  @Wichita, KS                             @
Russell Mith@29@08@Y@Russell Mithlo      @RHP     @6'1" @215  @Anadarko, OK                            @
Dylan Roy   @31@08@Y@Dylan Roy           @OF      @6'2" @190  @Dodge City, KS                          @
Luke Crabb  @33@08@Y@Luke Crabb          @RHP     @6'2" @180  @Independence, MO                        @
Josh William@34@11@Y@Josh Williams       @1B      @6'5" @225  @Toronto, ONT                            @
Chase Wilson@37@16@Y@Chase Wilson        @RHP     @6'3" @200  @Altus, OK                               @
Giles Fox   @39@19@Y@Giles Fox           @LHP     @6'2" @215  @Ashland, KS                             @
B.J. Tieben @40@08@Y@B.J. Tieben         @C       @5'6" @150  @Dodge City, KS                          @
