John Hale   @1 @08@Y@John Hale           @        @     @     @                                        @
Raul Rivera @3 @16@Y@Raul Rivera         @        @     @     @                                        @
Taylor Ellis@4 @16@Y@Taylor Ellis        @        @     @     @                                        @
Matt Lyons  @5 @08@Y@Matt Lyons          @        @     @     @                                        @
Chaise Claud@6 @11@Y@Chaise Claudio      @        @     @     @                                        @
Cody Smith  @7 @16@Y@Cody Smith          @        @     @     @                                        @
Adam Wyse   @8 @09@Y@Adam Wyse           @        @     @     @                                        @
Chase Burket@9 @08@Y@Chase Burkett       @        @     @     @                                        @
Nick Jett   @11@08@Y@Nick Jett           @        @     @     @                                        @
Nolan Smith @12@16@Y@Nolan Smith         @        @     @     @                                        @
Casey Pope  @13@19@Y@Casey Pope          @        @     @     @                                        @
Manuel Ojeda@14@16@Y@Manuel Ojeda        @        @     @     @                                        @
Luke Bigler @19@16@Y@Luke Bigler         @        @     @     @                                        @
Christian Ac@20@08@Y@Christian Acklin    @        @     @     @                                        @
Heath Petty @21@19@Y@Heath Petty         @        @     @     @                                        @
Josh Haley  @22@08@Y@Josh Haley          @        @     @     @                                        @
Seth Birdson@23@08@Y@Seth Birdsong       @        @     @     @                                        @
Adam Core   @24@08@Y@Adam Core           @        @     @     @                                        @
Grant Sharp @25@08@Y@Grant Sharp         @        @     @     @                                        @
Ryan Bargery@27@08@Y@Ryan Bargery        @        @     @     @                                        @
Axle Metzger@28@08@Y@Axle Metzger        @        @     @     @                                        @
Isaac Hopkin@30@08@Y@Isaac Hopkins       @        @     @     @                                        @
Matt Scott  @31@08@Y@Matt Scott          @        @     @     @                                        @
Ty Haston   @32@08@Y@Ty Haston           @        @     @     @                                        @
Lee Haeberle@33@16@Y@Lee Haeberle        @        @     @     @                                        @
Ricky Heagar@34@08@Y@Ricky Heagarty      @        @     @     @                                        @
Tyler Boles @36@08@Y@Tyler Boles         @        @     @     @                                        @
Dustin Bills@38@08@Y@Dustin Bills        @        @     @     @                                        @
Tyler Waggan@39@08@Y@Tyler Wagganer      @        @     @     @                                        @
Zachary Gonz@43@16@Y@Zachary Gonzalez    @        @     @     @                                        @
