David Gunthe@2 @09@Y@David Gunther       @IF      @5'10 @160  @Albuquerque                             @
Dylan Shirak@3 @18@Y@Dylan Shiraki       @P       @5'10 @180  @Kamuela, HI                             @
David Perez @4 @08@Y@David Perez         @IF      @5'9  @140  @El Paso, TX                             @
Nick Elliott@5 @08@Y@Nick Elliott        @OF      @5'8  @145  @Casa Grande, AZ                         @
Andrew Sauce@6 @08@Y@Andrew Sauceda      @OF      @5'10 @170  @Las Cruces, NM                          @
Danny Vicari@7 @16@Y@Danny Vicari        @IF      @5'6  @150  @Casa Grande                             @
Indalecio Ro@8 @16@Y@Indalecio Romo      @P       @6'2  @200  @Hermosillo, MEX                         @
Brandon Cook@9 @08@Y@Brandon Cooke       @C       @6'3  @195  @Thatcher, AZ                            @
Justin Polan@10@16@Y@Justin Polanco      @P       @6'1  @180  @Las Cruces                              @
Ben John    @11@08@Y@Ben John            @C       @6'0  @190  @Aurora, CO                              @
Tyler Herndo@12@09@Y@Tyler Herndon       @OF      @6'0  @200  @Cottonwood, AZ                          @
Kaimana Moik@14@16@Y@Kaimana Moike       @P       @6'0  @195  @Keaau, HI                               @
Ryan Johnson@15@11@Y@Ryan Johnson        @1B/OF   @6'4  @185  @Queen Creek, AZ                         @
Stephen Coro@16@09@Y@Stephen Corona      @1B      @6'0  @210  @Sant Fe Springs, CA                     @
Brent Albran@17@16@Y@Brent Albrandt      @P       @5'11 @200  @Thornton, CO                            @
Steven Peral@18@08@Y@Steven Perales      @C       @5'9  @195  @Casa Grande, AZ                         @
Warren McKen@19@08@Y@Warren McKenney     @P       @6'1  @160  @Albuquerque, NM                         @
Cody Academi@20@11@Y@Cody Academia       @P       @6'0  @170  @Mililani                                @
Joe Brennan @21@16@Y@Joe Brennan         @P       @6'0  @175  @Durango, CO                             @
Danny Rowley@22@16@Y@Danny Rowley        @C       @6'1  @210  @Durango, CO                             @
Andrew Ornel@23@11@Y@Andrew Ornelas      @P       @5'11 @170  @Safford, AZ                             @
Justin Phill@24@08@Y@Justin Phillips     @P       @6'4  @240  @Las Cruces, NM                          @
Lucas Jensen@25@08@Y@Lucas Jensen        @IF      @6'0  @175  @Phoenix, AZ                             @
Gage Lovern @26@10@Y@Gage Lovern         @OF      @5'11 @150  @Grand Junction, CO                      @
Matt McLean @27@16@Y@Matt McLean         @P       @6'1  @175  @Kalispell, MT                           @
Sam Bagnall @28@08@Y@Sam Bagnall         @OF      @6'1  @190  @Thatcher, AZ                            @
Jeremy Johns@30@08@Y@Jeremy Johnson      @IF      @6'0  @160  @Farmington, NM                          @
