Ben Cooley  @1 @08@Y@Ben Cooley          @CF,P    @     @     @Laurel, MS                              @
Dylan Little@2 @09@Y@Dylan Little        @2B, 3B  @     @     @Semmes, AL                              @
Hunter Throw@3 @08@Y@Hunter Thrower      @SS      @     @     @Meridian, MS                            @
Jake Bush   @4 @19@Y@Jake Bush           @RF, P   @     @     @West Blocton, AL                        @
Cojuante McM@5 @17@Y@Cojuante McMillian  @OF      @     @     @Hamiliton, MS                           @
Zach Mowdy  @6 @10@Y@Zach Mowdy          @P       @     @     @Union, MS                               @
Courtney For@7 @16@Y@Courtney Forbes     @P       @     @     @Columbia, MS                            @
Zach May    @8 @16@Y@Zach May            @OF      @     @     @Little Rock, MS                         @
Mason Woodro@9 @16@Y@Mason Woodrow       @P       @     @     @Taylorsville, MS                        @
Harmon Maxwe@10@16@Y@Harmon Maxwell      @3B, SS  @     @     @Meridian, MS                            @
Kyle McCullo@11@09@Y@Kyle McCullouch     @OF      @     @     @Madison, MS                             @
Lane Fazende@12@08@Y@Lane Fazende        @P, C    @     @     @Carriere, MS                            @
Will Myers  @13@11@Y@Will Myers          @P,OF    @     @     @Philadelphia, MS                        @
Cory Kitchen@15@19@Y@Cory Kitchens       @P       @     @     @Laurel, MS                              @
Ryan Ward   @16@08@Y@Ryan Ward           @2B,P    @     @     @Madison, MS                             @
Conner West @18@16@Y@Conner West         @P       @     @     @Taylorsville                            @
Gage Sulliva@19@08@Y@Gage Sullivan       @OF      @     @     @Richland,MS                             @
Gage Sulliva@19@08@Y@Gage Sullivan       @OF      @     @     @Richland, MS                            @
Ty Hendrix  @20@16@Y@Ty Hendrix          @P       @     @     @Maben, MS                               @
Nick Wilson @21@10@Y@Nick Wilson         @P       @     @     @Byram, MS                               @
Caleb Woods @22@19@Y@Caleb Woods         @1B      @     @     @Carthage, MS                            @
Dillon Drake@23@08@Y@Dillon Drake        @P       @     @     @Brandon, MS                             @
Cody Daigle @25@08@Y@Cody Daigle         @3B,1B   @     @     @Addis, LA                               @
John Berry  @27@16@Y@John Berry          @1B, RF  @     @     @Madison, MS                             @
Deshawn Pitt@28@08@Y@Deshawn Pittman     @C,OF    @     @     @Vossburg, MS                            @
Reagan Warre@31@09@Y@Reagan Warren       @OF      @     @     @Conehatta, MS                           @
Chance Whitt@33@09@Y@Chance Whitten      @1B, LF  @     @     @Batesville, MS                          @
Kale Fultz  @34@16@Y@Kale Fultz          @P       @     @     @Covington, TN                           @
Todd Hughes @36@08@Y@Todd Hughes         @C       @     @     @Meridian, MS                            @
