Luis Ciuro  @1 @08@Y@Luis Ciuro          @C       @5'11 @185  @Puerto Rico                             @
Jack Machoni@2 @16@Y@Jack Machonis       @2B,SS   @6'   @185  @Tampa                                   @
Austin Perei@3 @16@Y@Austin Pereira      @CF      @6'1  @195  @Melbourne                               @
Roberto Lope@6 @08@Y@Roberto Lopez       @RHP     @5'10 @190  @Palm Beach                              @
Austin Leene@8 @16@Y@Austin Leeney       @C       @5"10 @190  @Melbourne                               @
Alessandro L@9 @09@Y@Alessandro Lima     @1B      @6'2  @200  @Miami                                   @
Angel Soto  @10@08@Y@Angel Soto          @3B      @6'2  @210  @Orlando                                 @
Jordan Linds@11@16@Y@Jordan Lindsay      @RHP     @6'2  @230  @Tampa                                   @
Kenton Herin@12@16@Y@Kenton Hering       @RHP     @6'   @160  @Melbourne                               @
Matt Yates  @13@08@Y@Matt Yates          @RHP     @6'2  @210  @Melbourne                               @
Chayce Hubba@14@16@Y@Chayce Hubbard      @RHP     @5'11 @190  @Melbourne                               @
JJ Gould    @15@16@Y@JJ Gould            @SS      @6'   @185  @Sarasota                                @
Nick Capra  @16@09@Y@Nick Capra          @3B,OF   @5'10 @165  @Melbourne                               @
Fransisco Cr@17@08@Y@Fransisco Cruz      @RF      @6'1  @190  @Puerto Rico                             @
Jesse Schull@18@16@Y@Jesse Schullstrom   @RHP     @6'5  @220  @Melbourne                               @
Angel Luis P@19@08@Y@Angel Luis Perez    @SS,2B,3B@6'1  @180  @Puerto Rico                             @
Nick Sucaric@20@11@Y@Nick Sucarichi      @LHP     @6'2  @175  @Tampa                                   @
Miguel Caste@21@08@Y@Miguel Castellanos  @OF      @6'3  @190  @Venezuela                               @
Alec Lamroue@22@16@Y@Alec Lamrouex       @RHP     @5'10 @170  @Stuart                                  @
Jon Piriz   @24@16@Y@Jon Piriz           @RHP     @5'10 @180  @Orlando                                 @
Josh Smith  @25@08@Y@Josh Smith          @RHP     @6'2  @180  @Astronaut                               @
Hector Perez@27@19@Y@Hector Perez        @LHP     @5'11 @180  @Kissimmee                               @
Christian Di@28@08@Y@Christian Diaz      @2b,OF   @6'1  @195  @Tampa                                   @
Efren Sanche@34@08@Y@Efren Sanchez       @1B,C    @6'1  @185  @Palm Beach                              @
Dulvis Borja@37@08@Y@Dulvis Borjas       @RHP     @6'1  @190  @Venezuela                               @
