Gavin Gregor@1 @16@Y@Gavin Gregory       @OF      @5'9  @160  @                                        @
Hayden Stuar@2 @16@Y@Hayden Stuart       @INF     @5'10 @165  @                                        @
Cody Duplech@3 @12@Y@Cody Duplechin      @INF     @5'9  @150  @                                        @
Emelio Gonza@4 @11@Y@Emelio Gonzales     @LHP     @5'9  @160  @                                        @
Tyler Davis @5 @16@Y@Tyler Davis         @INF     @5'8  @150  @                                        @
Charles Sims@6 @17@Y@Charles Sims        @INF     @5'9  @150  @                                        @
Taylor Empke@7 @16@Y@Taylor Empkey       @C       @5'10 @160  @                                        @
Will Birge  @8 @17@Y@Will Birge          @RHP     @6'1  @170  @                                        @
Thomas Murra@9 @16@Y@Thomas Murray       @INF/P   @5'8  @174  @                                        @
Brody Toal  @10@16@Y@Brody Toal          @RHP     @6'1  @180  @                                        @
Blayten Maga@11@08@Y@Blayten Magana      @INF/P   @6'0  @208  @                                        @
Daniel McCon@12@16@Y@Daniel McConn       @C       @6'0  @164  @                                        @
Austin Lee  @13@19@Y@Austin Lee          @LHP     @5'7  @165  @                                        @
Jared Fowler@15@16@Y@Jared Fowler        @RHP     @5'10 @180  @                                        @
Dalton Going@16@16@Y@Dalton Going        @INF/C   @5'8  @230  @                                        @
Colton Lankf@17@17@Y@Colton Lankford     @RHP     @6'1  @174  @                                        @
Jacoby Tipto@18@11@Y@Jacoby Tipton       @LHP     @6'0  @200  @                                        @
Gregory Gree@20@08@Y@Gregory Greene      @INF     @5'11 @166  @                                        @
Josh Leonhar@21@16@Y@Josh Leonhardt      @OF      @6'3  @192  @                                        @
Robert Russe@22@08@Y@Robert Russell      @RHP     @6'2  @184  @                                        @
Omar Frias  @23@08@Y@Omar Frias          @RHP     @6'2  @210  @                                        @
Colby Beal  @24@08@Y@Colby Beal          @RHP     @6'3  @180  @                                        @
Jason Sercha@25@09@Y@Jason Serchay       @OF      @6'0  @204  @                                        @
Eric Gilstra@26@16@Y@Eric Gilstrap       @OF      @6'0  @220  @                                        @
Mason Arasat@27@10@Y@Mason Arasato       @OF      @5'11 @176  @                                        @
Tanner Dicke@28@08@Y@Tanner Dickerson    @INF/C   @6'0  @190  @                                        @
Weston Sims @29@16@Y@Weston Sims         @RHP     @5'10 @150  @                                        @
Dalton Smith@30@12@Y@Dalton Smith        @INF     @6'0  @211  @                                        @
Matias Terro@32@19@Y@Matias Terrones     @LHP     @5'11 @164  @                                        @
Paul Atwood @35@16@Y@Paul Atwood         @RHP     @6'0  @171  @                                        @
