Robert Smith@1 @16@Y@Robert Smith        @OF      @5'10"@155  @Elgin, IL                               @
Mike Murphy @4 @16@Y@Mike Murphy         @INF     @5'11"@180  @Wayne, IL                               @
Kurt Barbeau@5 @09@Y@Kurt Barbeau        @OF      @6'0" @185  @St. Charles, IL                         @
Matt Hickey @6 @08@Y@Matt Hickey         @INF     @5'11"@165  @Carpentersville, IL                     @
Jake Razo   @8 @16@Y@Jake Razo           @OF      @5'7" @160  @Sugar Grove, IL                         @
Brandon Lark@11@12@Y@Brandon Larkin-Guilf@INF     @6'1" @190  @Streamwood, IL                          @
Sawyer Chamb@12@08@Y@Sawyer Chambers     @P       @6'1" @185  @St. Charles, IL                         @
Drew Peters @13@19@Y@Drew Peters         @P       @6'3" @175  @Sugar Grove, IL                         @
John Circell@14@19@Y@John Circelli       @P       @5'10"@155  @Romeoville, IL                          @
Jake Buhmann@17@19@Y@Jake Buhmann        @OF-1B   @6'0" @190  @Bartlett, IL                            @
Joe Crivolio@18@11@Y@Joe Crivolio        @P       @6'2" @205  @Bartlett, IL                            @
David Palmer@19@08@Y@David Palmer        @P-INF   @5'11"@195  @Elgin, IL                               @
Ryan Thomas @20@08@Y@Ryan Thomas         @C-INF   @6'3" @205  @St. Charles, IL                         @
Josh Loynach@21@19@Y@Josh Loynachan      @P       @6'0" @175  @St. Charles, IL                         @
Sean Reszotk@22@16@Y@Sean Reszotko       @INF-C   @6'1" @200  @Mt. Prospect, IL                        @
Dane Burman @24@16@Y@Dane Burman         @C-INF   @6'1" @230  @Milton, WI                              @
Brian Sobies@25@08@Y@Brian Sobieski      @INF-C   @6'0" @200  @St. Charles, IL                         @
Troy Dykhuis@31@08@Y@Troy Dykhuis        @P       @6'2" @220  @West Chicago, IL                        @
Anthony Brag@33@08@Y@Anthony Bragg       @INF     @6'3" @230  @Geneva, IL                              @
Blake Alexan@34@08@Y@Blake Alexander     @INF     @6'0" @190  @St. Charles, IL                         @
Bobby Treadw@41@08@Y@Bobby Treadwell     @P       @6'4" @190  @Genoa, IL                               @
Josh Perkins@42@08@Y@Josh Perkins        @P       @6'4" @190  @Lake in the Hills, IL                   @
Chris Gorman@44@16@Y@Chris Gorman        @P       @5'11"@200  @East Dundee, IL                         @
Jake Weede  @45@08@Y@Jake Weede          @OF      @6'3" @200  @Geneva, IL                              @
Ryan Kramer @47@19@Y@Ryan Kramer         @P       @6'1" @180  @Carol Stream, IL                        @
