Robert Colon@1 @16@Y@Robert Colon        @SS, 2B  @     @     @                                        @
Alexander Ri@2 @08@Y@Alexander Rivera    @SS, 2B, @     @     @                                        @
Nolan Edward@4 @16@Y@Nolan Edwards       @2B, 1B, @     @     @                                        @
Luis Davilla@5 @16@Y@Luis Davilla        @P       @     @     @                                        @
Matt Olson  @6 @08@Y@Matt Olson          @OF      @     @     @                                        @
Jonathan Apo@9 @08@Y@Jonathan Aponte     @P       @     @     @                                        @
Trey Ertmer @10@16@Y@Trey Ertmer         @P       @     @     @                                        @
Cody Collend@11@08@Y@Cody Collender      @LF      @     @     @                                        @
Kevin Pantoj@12@08@Y@Kevin Pantoja       @3B, 2B  @     @     @                                        @
Connor Grant@13@16@Y@Connor Grant        @1B,3B,P @     @     @                                        @
Arnaldo Mato@14@09@Y@Arnaldo Matos       @CF      @     @     @                                        @
Juan De Leon@15@16@Y@Juan De Leon        @P       @     @     @                                        @
Ferdin River@17@08@Y@Ferdin Rivera       @P       @     @     @                                        @
Duncan Villh@18@16@Y@Duncan Villhauer    @P       @     @     @                                        @
Orangel Medi@19@16@Y@Orangel Medina      @2B, SS  @     @     @                                        @
Jonathan Orr@20@16@Y@Jonathan Orraca     @2B,3B   @     @     @                                        @
Lance Jensen@21@17@Y@Lance Jensen        @1B, DH  @     @     @                                        @
Trey Muilenb@22@08@Y@Trey Muilenburg     @OF      @     @     @                                        @
Axel Parra  @23@08@Y@Axel Parra          @P       @     @     @                                        @
Travis Boley@25@08@Y@Travis Boleyn       @P       @     @     @                                        @
Albert Ordon@26@11@Y@Albert Ordonez      @P       @     @     @                                        @
Sean Hennen @27@16@Y@Sean Hennen         @C       @     @     @                                        @
Louis Bassma@28@16@Y@Louis Bassman       @P       @     @     @                                        @
Austin Bradl@29@08@Y@Austin Bradley      @P       @     @     @                                        @
Rene Colon  @30@16@Y@Rene Colon          @P       @     @     @                                        @
Austin Dougl@31@08@Y@Austin Douglas      @C       @     @     @                                        @
Hector Rodri@32@19@Y@Hector Rodriguez    @P       @     @     @                                        @
Ryan Jantsch@33@17@Y@Ryan Jantsch        @RF      @     @     @                                        @
Brian Diaz  @35@16@Y@Brian Diaz          @DH, 1B  @     @     @                                        @
Nick Ledinsk@40@08@Y@Nick Ledinsky       @P       @     @     @                                        @
