Michael Bosc@1 @08@Y@Michael Bosco       @OF/RHP  @5'8" @160  @Hollywood, FL                           @
Carlos King @2 @16@Y@Carlos King         @OF      @5'7" @145  @Washington, DC                          @
Ryan Merante@3 @08@Y@Ryan Merante        @MIF/RHP @6'0" @175  @Hollywood, FL                           @
Andrew Allen@4 @19@Y@Andrew Allen        @OF/LHP  @5'8" @150  @Fort Meade, MD                          @
Conor Archer@5 @08@Y@Conor Archer        @MIF     @5'8" @135  @Parkland, FL                            @
Mason Dick  @8 @16@Y@Mason Dick          @OF/RHP  @5'6" @175  @Oakland, MD                             @
Josh Cale   @9 @08@Y@Josh Cale           @C       @6'1" @155  @Fisherville, VA                         @
Tyler Byers @10@09@Y@Tyler Byers         @Util/RHP@5'11"@215  @Williamsport, MD                        @
Blake Herron@11@08@Y@Blake Herron        @RHP/MIF @5'10"@165  @Perryopolis, PA                         @
Bryce Belche@12@16@Y@Bryce Belcher       @1B/RHP  @6'0" @230  @Hurricane, WV                           @
Patrick Sine@13@16@Y@Patrick Sines       @OF/RHP  @6'2" @180  @Accident, MD                            @
Chandler Sap@14@11@Y@Chandler Sapp       @LHP/OF  @5'10"@170  @New Martinsville, WV                    @
Cutter Atha @15@08@Y@Cutter Atha         @OF      @5'7" @160  @Fairmont, WV                            @
Aaron Stoner@16@17@Y@Aaron Stoner        @RHP     @5'11"@200  @Hagerstown, MD                          @
Hector Blanc@17@16@Y@Hector Blanco       @3B/RHP  @5'11"@190  @Caracas, Venezuela                      @
Joey Johnson@19@08@Y@Joey Johnson        @C/RHP   @6'0" @200  @Woodsboro, MD                           @
Israel Santa@21@08@Y@Israel Santana      @C       @5'10"@235  @Miami, FL                               @
Tyler Lytle @22@19@Y@Tyler Lytle         @LHP     @5'10"@200  @Confluence, PA                          @
Dontae Euban@23@08@Y@Dontae Eubanks      @MIF     @5'6" @160  @Charlotte Court House, VA               @
Jashanno Swe@24@19@Y@Jashanno Sweeting   @LHP     @5'8" @170  @Nassau, Bahamas                         @
Josh Bitting@25@16@Y@Josh Bittinger      @C       @6'0" @200  @Accident, MD                            @
Nick William@26@08@Y@Nick Williams       @3B      @5'11"@235  @Williamsport, MD                        @
Evan Rodehea@27@16@Y@Evan Rodeheaver     @RHP     @5'10"@140  @Oakland, MD                             @
Steven Haer @28@11@Y@Steven Haer         @LHP     @6'2" @185  @Meyersdale, PA                          @
Aaron Broadw@29@08@Y@Aaron Broadwater    @1B      @5'11"@185  @Grantsville, MD                         @
Forrest Spur@33@09@Y@Forrest Spurlock    @1B      @6'1" @250  @Morrisvale, WV                          @
Brandon Pliv@34@11@Y@Brandon Plivelich   @OF/LHP  @6'3" @200  @Fairmont, WV                            @
John Kitchen@40@08@Y@John Kitchen        @1B      @5'11"@190  @Pittsburgh, PA                          @
Daniel Sislo@45@16@Y@Daniel Sislo        @C       @6'0" @180  @Oakland, MD                             @
Kevin Colaw @50@08@Y@Kevin Colaw         @RHP     @6'3" @170  @Oakland, MD                             @
