Camden McGil@1 @09@Y@Camden McGill       @2b/SS   @5'10"@165  @Cartersville, Ga                        @
Mikhail Caze@3 @08@Y@Mikhail Cazenave    @RHP/OF  @5'10"@160  @Rainbow City, AL                        @
Elijah White@5 @08@Y@Elijah White        @OF      @6'3" @205  @Kennesaw, Ga                            @
Chris Baker @6 @08@Y@Chris Baker         @OF      @5'11"@175  @Calhoun, Ga                             @
Ty Fowler   @7 @08@Y@Ty Fowler           @OF      @6'3" @190  @Cartersville, Ga                        @
Blake Oxenre@8 @09@Y@Blake Oxenreider    @2B      @5'9" @175  @Cedartown, Ga                           @
Khari Anders@9 @08@Y@Khari Anderson      @SS      @5'9" @175  @Atlanta, Ga                             @
Freddie Beam@11@08@Y@Freddie Beamon      @OF      @6'2" @180  @Dahlonega, GA                           @
Mitchell Man@12@08@Y@Mitchell Mannino    @RHP     @5'10"@170  @Powder Springs, GA                      @
Jeremy Brown@13@11@Y@Jeremy Brown        @LHP     @6'0" @190  @Dacula, Ga                              @
Alec Arnsdor@15@08@Y@Alec Arnsdorff      @C       @5'11"@195  @Clyo, Ga                                @
Parker Acuff@18@11@Y@Parker Acuff        @LHP     @6'3" @195  @Woodstock, GA                           @
Greg Gerard @19@08@Y@Greg Gerard         @RHP     @6'4" @195  @Bremen, Ga                              @
Dalton Geeki@20@08@Y@Dalton Geekie       @3B/1B/RH@6'5" @190  @Powder Springs, Ga                      @
Albert Harle@22@09@Y@Albert Harless      @RHP     @6'3" @185  @Dallas, Ga                              @
Chap Lindstr@24@16@Y@Chap Lindstrom      @1B      @6'3" @220  @Cumming, Ga                             @
Ed Lott     @25@08@Y@Ed Lott             @RHP/1B  @6'4" @210  @Kennesaw, Ga                            @
Gavin Peters@26@08@Y@Gavin Peters        @OF      @6'3" @180  @Douglasville, Ga                        @
Brent Kyzar @27@11@Y@Brent Kyzar         @LHP     @6'5" @195  @Leesburg, Ga                            @
Maxwell Watk@28@08@Y@Maxwell Watkins     @3B      @5'10"@205  @Hiram, Ga                               @
Nick Constan@33@11@Y@Nick Constan        @LHP/DH  @5'10"@180  @Opelika, AL                             @
Andrew Mocah@37@08@Y@Andrew Mocahbee     @C       @6'1" @195  @Ringgold, Ga                            @
Brad Sansing@40@17@Y@Brad Sansing        @C       @6'0" @185  @Woodstock, Ga                           @
Tyler Elwer @44@08@Y@Tyler Elwer         @RHP     @6'3" @185  @Roswell, Ga                             @
Matt Reynold@45@08@Y@Matt Reynolds       @INF     @5'9" @170  @Hiram, Ga                               @
Dillon Swagg@46@16@Y@Dillon Swaggerty    @RHP     @6'4" @180  @Woodstock, Ga                           @
Harris Battl@50@08@Y@Harris Battle       @RHP     @5'10"@180  @Cartersville, Ga                        @
John Hood   @51@08@Y@John Hood           @RHP     @6'3" @205  @Cartersville, GA                        @
Jamie Thagga@55@16@Y@Jamie Thaggard      @RHP     @6'4" @185  @Acworth, Ga                             @
Trey Silmon @59@08@Y@Trey Silmon         @C       @6'3" @225  @Rossville, GA                           @
