London Lindl@1 @08@Y@London Lindley      @        @     @     @                                        @
Tyler Landmo@2 @17@Y@Tyler Landmon       @        @     @     @                                        @
Aaron Bentle@3 @08@Y@Aaron Bentley       @        @     @     @                                        @
JT Phillips @4 @16@Y@JT Phillips         @        @     @     @                                        @
Tyler Schwar@5 @16@Y@Tyler Schwartz      @        @     @     @                                        @
Kendrick Tho@6 @16@Y@Kendrick Thompson   @        @     @     @                                        @
Ryan Lang   @7 @08@Y@Ryan Lang           @        @     @     @                                        @
Matt Taylor @8 @16@Y@Matt Taylor         @        @     @     @                                        @
Will Dreggor@9 @08@Y@Will Dreggors       @        @     @     @                                        @
Jerad Curry @11@16@Y@Jerad Curry         @        @     @     @                                        @
Matt Gray   @12@08@Y@Matt Gray           @        @     @     @                                        @
LaDonis Brya@14@08@Y@LaDonis Bryant      @        @     @     @                                        @
Dustin Beggs@15@16@Y@Dustin Beggs        @        @     @     @                                        @
Charles Shef@16@16@Y@Charles Sheffield   @        @     @     @                                        @
Robert Masse@18@08@Y@Robert Massenburg   @        @     @     @                                        @
Milton Miran@20@08@Y@Milton Miranda      @        @     @     @                                        @
Derrick Nels@21@09@Y@Derrick Nelson      @        @     @     @                                        @
Pierce Ressm@22@16@Y@Pierce Ressmeyer    @        @     @     @                                        @
Austin Simmo@24@09@Y@Austin Simmons      @        @     @     @                                        @
Alex Dadels @25@08@Y@Alex Dadels         @        @     @     @                                        @
Erik Davis  @27@19@Y@Erik Davis          @        @     @     @                                        @
Morgan Bunti@28@17@Y@Morgan Bunting      @        @     @     @                                        @
Luis Valdes @29@16@Y@Luis Valdes         @        @     @     @                                        @
Brad Taylor @31@16@Y@Brad Taylor         @        @     @     @                                        @
Ty Alvey    @32@08@Y@Ty Alvey            @        @     @     @                                        @
Andrew Corbi@33@08@Y@Andrew Corbitt      @        @     @     @                                        @
Michael Peel@34@08@Y@Michael Peel        @        @     @     @                                        @
Joe Marlow  @37@16@Y@Joe Marlow          @        @     @     @                                        @
Chip Capper @40@08@Y@Chip Capper         @        @     @     @                                        @
Dylan Willia@42@08@Y@Dylan Williams      @        @     @     @                                        @
