Doug Cesena @1 @16@Y@Doug Cesena         @C       @5-8  @170  @Mount Pleasant, MI/Mount Pleasant (12') @
Jacob Waters@2 @00@Y@Jacob Waters        @Inf.    @5-10 @175  @Lansing, MI/Lansing Eastern (12')       @
Grant VanLie@3 @08@Y@Grant VanLiew       @RHP     @5-8  @175  @Holt, MI/Holt                           @
Aaron Fadden@4 @11@Y@Aaron Fadden        @OF      @5-10 @180  @Gull Lake, MI/Gull Lake ('13)           @
Joe Loria   @5 @16@Y@Joe Loria           @Inf.    @6-1  @180  @Warren, MI/Da La Salle (12')            @
Anthony Vill@6 @08@Y@Anthony Villar      @Inf.    @6-1  @185  @Hartland Twp., MI/Hartland ('13)        @
Tim Redder  @7 @11@Y@Tim Redder          @LHP     @6-0  @183  @Rockford, MI/Rockford ('13)             @
Santiago Men@8 @08@Y@Santiago Mendez     @RHP     @6-1  @200  @Lansing, MI/Lansing Eastern ('13)       @
Kyle Schweig@9 @08@Y@Kyle Schweiger      @RHP     @6-0  @175  @Rochester Hills, MI/Stoney Creek ('13)  @
Nick Black  @10@16@Y@Nick Black          @C       @5-11 @218  @Anchor Bay, MI/Anchor Bay (12')         @
Garrett Wash@11@09@Y@Garrett Washington  @OF      @6-0  @182  @North Branch, MI/North Branch ('13)     @
Matt Brown  @12@16@Y@Matt Brown          @RHP     @6-2  @181  @Walker, MI/Kenowa Hills (12')           @
Nolan Page  @14@11@Y@Nolan Page          @OF      @5-11 @185  @Lake Orion, MI/Lake Orion ('13)         @
Dylan Davis @15@18@Y@Dylan Davis         @OF      @5-10 @155  @Byron Center, MI/Byron Center (12')     @
Jim Eloff   @16@16@Y@Jim Eloff           @Inf.    @6-0  @195  @Novi, MI/Novi (12')                     @
Jake Berg   @19@08@Y@Jake Berg           @RHP     @6-1  @189  @Walker, MI/Kenowa Hills ('13)           @
Matt Hayes  @22@16@Y@Matt Hayes          @RHP     @5-11 @195  @Allen Park, MI/Allen Park (11')         @
Joe Malewitz@23@11@Y@Joe Malewitz        @1B      @5-11 @180  @Grand Rapids, MI/GR Catholic Central    @
Ian Hathaway@24@19@Y@Ian Hathaway        @OF      @6-0  @195  @Macomb, MI/Dakota ('12)                 @
Wes Vaughn  @25@16@Y@Wes Vaughn          @OF      @6-3  @185  @East Grand Rapids, MI/East Grand Rapids @
Christian We@26@08@Y@Christian Westdorp  @RHP     @6-3  @190  @Grand Rapids, MI/Forest Hills Eastern ('@
Brian Feinau@27@11@Y@Brian Feinauer      @LHP     @6-5  @250  @Bay City, MI/Bay City All-Saints ('13)  @
Dominic Cint@28@08@Y@Dominic Cintorino   @RHP     @6-1  @185  @Walker, MI/Kenowa Hills ('13)           @
Eric Schweit@29@08@Y@Eric Schweitzer     @Inf.    @5-11 @185  @Comstock Park, MI/Comstock Park ('13)   @
Jake Weshale@30@11@Y@Jake Weshalek       @1B      @6-0  @205  @Royal Oak, MI/Royal Oak Shrine ('13)    @
Collin Lay  @31@08@Y@Collin Lay          @RHP     @6-1  @170  @Portland, MI/Portland St. Patrick ('13) @
Dylan VanPut@32@16@Y@Dylan VanPutten     @1B      @6-4  @230  @Middleville, MI/Thornapple-Kellogg (12')@
Garrett Veih@33@08@Y@Garrett Veihl       @RHP     @6-0  @190  @Holt, MI/Greenville ('13)               @
Seth Husby  @34@08@Y@Seth Husby          @1B      @6-6  @215  @Jenison, MI/Jenison ('13)               @
Tyler Friese@36@17@Y@Tyler Friese        @C       @6-3  @245  @Clinton Twp., MI/Chippewa Hills ('12)   @
