Casey Plunke@2 @08@Y@Casey Plunket       @OF      @5-10 @170  @Hamilton, N.J.                          @
John Hetterm@3 @08@Y@John Hetterman      @RHP     @6-0  @165  @Fallston, Md.                           @
Gabriel Cast@4 @08@Y@Gabriel Castillo    @INF     @6-1  @180  @Bronx                                   @
Brandon Smit@6 @08@Y@Brandon Smith       @INF     @5-11 @185  @Duncannon                               @
James Englis@7 @08@Y@James English       @RHP     @5-10 @190  @ Pa.                                    @
Stephen Lozo@8 @08@Y@Stephen Lozoskie    @INF     @6-1  @175  @Burlington                              @
Anthony Vatt@10@10@Y@Anthony Vattuone    @LHP     @5-8  @170  @ N.J.                                   @
CJ Young    @11@08@Y@CJ Young            @INF     @6-0  @170  @Smithtown                               @
Tyler Napier@12@16@Y@Tyler Napierala     @OF      @5-11 @180  @ N.Y.                                   @
Rob Koski   @13@16@Y@Rob Koski           @C/RHP   @6-0  @200  @Fallston                                @
Dalton Reed @14@11@Y@Dalton Reed         @LHP     @6-1  @180  @ Md.                                    @
Jake Molison@15@16@Y@Jake Molison        @OF      @6-3  @200  @Germantown                              @
Anthony Atti@16@08@Y@Anthony Atticks     @RHP     @6-5  @195  @ Md.                                    @
Brett Hash  @17@08@Y@Brett Hash          @INF     @6-3  @215  @Coatesville                             @
Daulton Week@19@08@Y@Daulton Weeks       @INF/OF  @5-11 @185  @Lebanon                                 @
Ben Collinci@20@08@Y@Ben Collincini      @RHP     @6-0  @180  @Pa.                                     @
Nick Economo@21@08@Y@Nick Economos       @RHP     @6-6  @215  @Bel Air                                 @
Anthony Stri@22@16@Y@Anthony Stricker    @RHP     @6-3  @200  @ Md.                                    @
Joe Sheeran @23@08@Y@Joe Sheeran         @INF     @5-11 @185  @Glenmore                                @
Cody Brittai@24@16@Y@Cody Brittain       @OF      @6-0  @190  @ Pa.                                    @
Justin Maleh@25@16@Y@Justin Malehorn     @INF     @6-0  @205  @N.Y.                                    @
Chad Bronson@26@08@Y@Chad Bronson        @RHP     @5-11 @175  @Bel Air                                 @
Craig Joseph@27@16@Y@Craig Joseph        @C/OF    @5-11 @200  @Pa.                                     @
AJ Powell   @28@08@Y@AJ Powell           @RHP     @5-11 @210  @Pa.                                     @
Justin Beime@29@08@Y@Justin Beimel       @RHP     @6-5  @220  @ Md.                                    @
Carlos-Henri@31@19@Y@Carlos-Henri Ferre  @LHP     @6-4  @210  @Harrisburg                              @
Austin Griff@33@08@Y@Austin Griffie      @RHP     @6-2  @215  @Glenmoore                               @
Alex Eckenro@35@08@Y@Alex Eckenrode      @RHP     @6-8  @225  @Taneytown, Md.                          @
