A.J. Fabrizi@1 @16@Y@A.J. Fabrizio       @Outfield@5'9''@180  @Palm City, FL                           @
Lonnie Cohen@2 @16@Y@Lonnie Cohen        @Outfield@6'1''@185  @Teaneck, NJ                             @
Andrew Coope@3 @08@Y@Andrew Cooper       @Designat@5'11'@185  @Lansingburgh, NY                        @
Michael Fanc@4 @08@Y@Michael Fancher     @Outfield@6'0''@195  @Gloversville, NY                        @
Alexander Ly@5 @11@Y@Alexander Lynch     @Pitcher @6'0''@180  @Newport, NY                             @
Shinnosuke T@6 @09@Y@Shinnosuke Takahasha@Infield/@6'2''@192  @Chiba, Japan                            @
Carlos Almon@7 @20@Y@Carlos Almonte      @Infield @5'11'@184  @Brooklyn, NY                            @
Nicholas Bur@8 @16@Y@Nicholas Burch      @Pitcher @6'1''@235  @Salem, NY                               @
Dan Colburn @9 @19@Y@Dan Colburn         @Pitcher/@6'0''@185  @Ilion, NY                               @
Christopher @10@19@Y@Christopher Burns II@Infield/@5'10'@190  @Endicott, NY                            @
Tyler Philli@11@08@Y@Tyler Phillips      @Infield @5'10'@185  @Hancock, NY                             @
Brandon Mart@12@08@Y@Brandon Martinez    @Outfield@6'0''@175  @River Edge, NJ                          @
Thomas Carri@13@08@Y@Thomas Carrigan     @Infield/@6'0''@175  @Niskayuna, NY                           @
Will Apps   @14@08@Y@Will Apps           @Pitcher @5'10'@155  @Cicero, NY                              @
Matthew Lich@15@08@Y@Matthew Lichtman    @Infield @5'9''@157  @Smithtown, NY                           @
Eric Downey @16@11@Y@Eric Downey         @Outfield@6'0''@195  @Colonie, NY                             @
Denis Lyman @17@17@Y@Denis Lyman         @Pitcher @6'3''@190  @Kingston, NY                            @
Ben Moxley  @19@16@Y@Ben Moxley          @Pitcher @6'2''@190  @Oneonta, NY                             @
Kohei Otsuka@20@11@Y@Kohei Otsuka        @Pitcher @5'7''@150  @Tokyo, Japan                            @
John Boland @21@08@Y@John Boland         @Catcher @6'2''@200  @Rhinebeck, NY                           @
Kyle Garriso@22@16@Y@Kyle Garrison       @Pitcher @6'4''@170  @Schenectady, NY                         @
Michael Harr@23@08@Y@Michael Harrington  @Infield/@6'4''@205  @Glens Falls, NY                         @
Michael DeCa@24@16@Y@Michael DeCarlo     @Pitcher @6'4''@230  @Wynantskill, NY                         @
Robert Hardy@25@16@Y@Robert Hardy        @Pitcher @6'2''@200  @Clark Mills, NY                         @
Lucas Godlew@26@08@Y@Lucas Godlewski     @Pitcher @6'4''@205  @Little Falls, NY                        @
Francis Pret@27@08@Y@Francis Prettitore  @Catcher @6'1''@220  @Bayville, NY                            @
Seve Kowalsk@28@08@Y@Seve Kowalski       @Pitcher @6'3''@173  @Franklin Springs, NY                    @
Taishi Teras@32@11@Y@Taishi Terashima    @Outfield@5'7''@155  @Hiranai, Aomori, Japan                  @
Chaz Griffit@33@16@Y@Chaz Griffiths      @Pitcher @6'4''@240  @Coxsackie, NY                           @
