Nathan Yoder@1 @08@Y@Nathan Yoder        @of      @5'4" @122  @Stryker, Ohio                           @
Bryce Elder @2 @08@Y@Bryce Elder         @c       @5'11"@185  @Ottawa, Kan.                            @
Cory Kerbs  @3 @16@Y@Cory Kerbs          @of/rhp  @5'8" @166  @Nevada, Mo.                             @
Nick Yoder  @4 @16@Y@Nick Yoder          @ss      @5'8" @141  @Millersburg, Ohio                       @
Corey Fowler@5 @08@Y@Corey Fowler        @util    @5'10"@154  @Boone, Iowa                             @
Rene' Rivera@6 @08@Y@Rene' Rivera        @2b      @5'6" @116  @McGregor, Texas                         @
Nick Mitchel@7 @08@Y@Nick Mitchell       @c       @6'1" @185  @Wichita, Kan.                           @
Brady Staton@8 @08@Y@Brady Staton        @of/rhp  @5'9" @163  @Kenesaw, Neb.                           @
Philip Hammo@9 @08@Y@Philip Hammons      @of/1b   @5'9" @190  @Independence, Mo.                       @
Scott Cooper@10@16@Y@Scott Cooper        @2b/3b   @5'9" @144  @Sand Springs, Okla.                     @
Jesse Norrid@11@08@Y@Jesse Norrid        @c       @5'10"@189  @Tulsa, Okla.                            @
Jarret Wolf @12@16@Y@Jarret Wolf         @of      @5'11"@192  @Sand Springs, Okla.                     @
Nick Ferraro@13@16@Y@Nick Ferraro        @rhp     @5'6" @199  @Kansas City, Mo.                        @
Josh Hibbard@14@08@Y@Josh Hibbard        @rhp/inf @5'10"@187  @Munford, Tenn.                          @
Jib Carson  @15@08@Y@Jib Carson          @lhp     @5'8" @165  @Macon, Ill.                             @
Lucas Garces@17@08@Y@Lucas Garces        @2b/3b   @6'1" @180  @Santo Domingo, D.R.                     @
Robert Orteg@18@08@Y@Robert Ortega       @rhp     @5'11"@195  @Riverside, Calif.                       @
Brandon Kutr@19@16@Y@Brandon Kutrubs     @rhp     @6'3" @164  @Brunswick,Ohio                          @
Shaquille Th@20@08@Y@Shaquille Theus     @of      @5'9" @177  @Kansas City, Mo.                        @
Mangin Chaco@21@08@Y@Mangin Chacon       @rhp     @5'11"@193  @Harlingen, Texas                        @
Dustin King @22@16@Y@Dustin King         @rhp     @6'3" @244  @Wichita, Kan.                           @
Stephen Cabe@23@16@Y@Stephen Cabe        @rhp     @6'0" @186  @Niles, Mich.                            @
Zac Pearson @25@08@Y@Zac Pearson         @lhp/of  @5'8" @201  @Many, La.                               @
Owen Stubber@27@08@Y@Owen Stubberfield   @rhp     @6'2" @192  @Georgetown, Ontario                     @
Stefon Gridd@28@16@Y@Stefon Griddine     @c/1b    @5'11"@264  @Grandview, Mo.                          @
Alex Leff   @32@08@Y@Alex Leff           @1b      @5'8" @278  @Andover, Kan.                           @
Pete Whitmer@35@08@Y@Pete Whitmer        @rhp/inf @5'11"@242  @London, Ohio                            @
