Tyler Lane  @1 @16@Y@Tyler Lane          @OF      @6'   @180  @Papillion, ne.                          @
Aaron Seele @2 @08@Y@Aaron Seele         @SS      @     @     @                                        @
Spencer Redm@3 @10@Y@Spencer Redmond     @P       @     @     @                                        @
Matt Hoeltin@4 @08@Y@Matt Hoelting       @CF      @     @     @                                        @
Zach Roberts@5 @08@Y@Zach Roberts        @3B      @     @     @                                        @
Royce Behar @6 @16@Y@Royce Behar         @2B      @     @     @                                        @
Kasey Clark @7 @08@Y@Kasey Clark         @C       @     @     @                                        @
Seann Baker @8 @08@Y@Seann Baker         @2B      @     @     @                                        @
Dakota Woods@9 @08@Y@Dakota Woods        @3B      @     @     @                                        @
Taylor Hendr@10@16@Y@Taylor Hendrick     @P       @     @     @                                        @
Jeremy Wagne@11@17@Y@Jeremy Wagner       @DH      @     @     @                                        @
Brett Norris@12@08@Y@Brett Norris        @P       @     @     @                                        @
Clayton Tiff@13@08@Y@Clayton Tiffany     @P       @     @     @                                        @
Josh Moore  @14@11@Y@Josh Moore          @P       @     @     @                                        @
Justin Paul @15@16@Y@Justin Paul         @LF      @     @     @                                        @
Brandon Beav@16@08@Y@Brandon Beavers     @LF      @     @     @                                        @
David Amer  @17@10@Y@David Amer          @RF      @     @     @                                        @
Eli Relford @18@09@Y@Eli Relford         @1B      @     @     @                                        @
T.J. Perez  @19@08@Y@T.J. Perez          @C       @     @     @                                        @
Thad Hawk   @20@08@Y@Thad Hawk           @P       @     @     @                                        @
Tyler Rice  @21@16@Y@Tyler Rice          @P       @     @     @                                        @
Brendon Garr@22@08@Y@Brendon Garrett     @P       @     @     @                                        @
Sam Brooks  @23@11@Y@Sam Brooks          @1B      @     @     @                                        @
Tyler Ogden @24@08@Y@Tyler Ogden         @P       @     @     @                                        @
Skyler Barne@25@19@Y@Skyler Barnes       @P       @     @     @                                        @
Evan Smith  @26@08@Y@Evan Smith          @RF      @     @     @                                        @
Scott Shinn @27@08@Y@Scott Shinn         @P       @     @     @                                        @
Gavin Darr  @28@08@Y@Gavin Darr          @1B      @     @     @                                        @
Jaylen Jenki@30@08@Y@Jaylen Jenkins      @RF      @     @     @                                        @
Tanner Holz @31@11@Y@Tanner Holz         @P       @     @     @                                        @
Jarrod Byous@32@11@Y@Jarrod Byous        @P       @     @     @                                        @
