Randy Bell  @2 @08@Y@Randy Bell          @IF/OF/P @5'11 @185  @Woodville, MS                           @
Quade Smith @3 @11@Y@Quade Smith         @OF      @5'9  @175  @Brandon, MS                             @
Matt Jones  @6 @08@Y@Matt Jones          @INF     @6'0  @190  @Madison, MS                             @
Brian Mills @7 @16@Y@Brian Mills         @OF/IF   @6'3  @180  @Mendenhall, MS                          @
Toler Robins@8 @16@Y@Toler Robinson      @OF/IF   @5'11 @180  @Pearl, MS                               @
Chase Luncef@9 @09@Y@Chase Lunceford     @INF     @6'2  @185  @Clinton, MS                             @
Luke Reynold@11@09@Y@Luke Reynolds       @INF     @6'1  @180  @Forest, MS                              @
Keller Bradf@14@08@Y@Keller Bradford     @RHP     @6'0  @160  @Raymond, MS                             @
Gage Posey  @15@11@Y@Gage Posey          @P/OF    @6'3  @190  @Brookhaven, MS                          @
Tyler Cox   @16@08@Y@Tyler Cox           @IF/OF/P @6'3  @215  @Brandon, MS                             @
Austin Sande@17@08@Y@Austin Sanders      @P/OF    @6'1  @190  @Madison, MS                             @
Casey Sutton@18@08@Y@Casey Sutton        @RHP     @6'2  @225  @Monroe, La.                             @
Marshall Bog@19@08@Y@Marshall Boggs      @INF     @6'0  @210  @Cleveland, MS                           @
Casey Echols@21@08@Y@Casey Echols        @OF      @6'3  @205  @Brandon, MS                             @
Houston Case@23@08@Y@Houston Case        @P/IF/OF @6'3  @190  @Brookhaven, MS                          @
Curt Chism  @24@08@Y@Curt Chism          @INF     @6'5  @225  @Madison, MS                             @
Wesley Wilki@25@16@Y@Wesley Wilkinson    @RHP     @6'0  @175  @Pearl, MS                               @
Blake Ainswo@26@08@Y@Blake Ainsworth     @INF     @5'11 @165  @Brandon, MS                             @
Lee Ogletree@27@08@Y@Lee Ogletree        @C       @6'3  @220  @Raymond, MS                             @
MIchael Joll@28@08@Y@MIchael Jolly       @RHP     @6'5  @205  @Mobile, Ala.                            @
Daniel Brine@29@10@Y@Daniel Briner       @LHP     @6'0  @195  @Madison, MS                             @
Roger Murphy@30@11@Y@Roger Murphy        @LHP     @6'1  @175  @Brandon, MS                             @
Chase Cater @31@16@Y@Chase Cater         @RHP     @6'0  @205  @Rayville, La.                           @
Derek Martin@32@08@Y@Derek Martin        @P/IF    @6'3  @215  @Flora, MS                               @
Graham Ahlri@33@08@Y@Graham Ahlrich      @IF/P    @6'4  @215  @Madison, MS                             @
Caleb Upton @34@16@Y@Caleb Upton         @C       @5'10 @200  @Natchez, MS                             @
Franklin Hay@35@11@Y@Franklin Hayes      @LHP     @5'9  @160  @Mendenhall, MS                          @
Andrew Culve@36@11@Y@Andrew Culver       @LHP     @6'2  @195  @Brookhaven, MS                          @
Jonathan Was@37@08@Y@Jonathan Washam     @C       @5'11 @195  @Sterlington, La.                        @
