Erik Hinojos@1 @08@Y@Erik Hinojosa       @2B      @5'7  @160  @Houston, TX                             @
Scott Popesc@2 @16@Y@Scott Popescu       @3B      @5'11 @195  @Flower Mound, TX                        @
Reggie Wilso@3 @19@Y@Reggie Wilson       @CF      @5'9  @185  @Beaumont, TX                            @
Garrett Webb@4 @20@Y@Garrett Webb        @3B      @5'10 @180  @Brenham, TX                             @
TJ Sparr    @5 @08@Y@TJ Sparr            @3B      @6'1  @215  @Wichita, KS                             @
Ishmael Edwa@6 @08@Y@Ishmael Edwards     @LF      @6'0  @200  @Tomball, TX                             @
Julian Servi@7 @16@Y@Julian Service      @RF      @6'3  @205  @Sarnia, Ontario                         @
Ryan Romo   @9 @08@Y@Ryan Romo           @LF      @6'3  @210  @Dallas, TX                              @
Dane Steinha@10@16@Y@Dane Steinhagen     @RF      @6'1  @180  @Beaumont, TX                            @
Gabriel Rayg@11@16@Y@Gabriel Raygoza     @RHP     @6'0  @185  @San Antonio, TX                         @
Colton Child@12@08@Y@Colton Childress    @LF      @5'10 @185  @Blanco, TX                              @
Joshua Moore@13@09@Y@Joshua Moore        @1B      @6'2  @245  @Gilbert, AZ                             @
Nathan Docke@14@11@Y@Nathan Dockery      @LHP     @5'10 @150  @Amarillo, TX                            @
Eddie Papare@15@12@Y@Eddie Paparella     @SS      @6'3  @195  @Pennington, NJ                          @
Foster Burch@16@16@Y@Foster Burchett     @2B      @6'0  @185  @Forsan, TX                              @
Jacob Leal  @17@08@Y@Jacob Leal          @C       @5'8  @170  @Grapevine, TX                           @
Kenny Roder @18@11@Y@Kenny Roder         @LHP     @5'8  @150  @Hoboken, NJ                             @
Dillion Drur@19@08@Y@Dillion Drury       @RF      @6'4  @205  @Colorado City, CO                       @
Jeff Stovall@20@16@Y@Jeff Stovall        @RHP     @6'1  @170  @Irving, TX                              @
Matthew Holc@22@08@Y@Matthew Holcombe    @1B      @6'3  @205  @Flower Mound, TX                        @
Jose Favela @23@16@Y@Jose Favela         @C       @6'4  @235  @El Paso, TX                             @
Ryan McCarve@24@08@Y@Ryan McCarvel       @C       @6'3  @180  @Moreno Valley, CA                       @
Brandon Wagn@25@09@Y@Brandon Wagner      @2B      @6'1  @200  @Hopewell, NJ                            @
Brenon Rhode@26@08@Y@Brenon Rhodes       @SS      @6'0  @185  @Snyder, TX                              @
Zach Winn   @27@08@Y@Zach Winn           @RHP     @6'2  @175  @Show Low, AZ                            @
Ty Penningto@28@08@Y@Ty Pennington       @RHP     @6'0  @170  @Tuscon, AZ                              @
Colton Carpe@29@08@Y@Colton Carpenter    @RHP     @6'0  @215  @Weatherford, TX                         @
Zach Flanaga@30@08@Y@Zach Flanagan       @RHP     @6'2  @175  @Tyler, TX                               @
Christian Bo@31@08@Y@Christian Botnick   @RHP     @6'3  @205  @Brampton, Ontario                       @
Austin Solec@33@19@Y@Austin Solecitto    @LHP     @6'2  @200  @Franklin Lakes, NJ                      @
Christopher @34@08@Y@Christopher Cano    @RHP     @6'2  @180  @Corpus Christi, TX                      @
Dwight Velar@36@08@Y@Dwight Velarde      @RHP     @6'1  @175  @Albuquerque, NM                         @
Blake Kortha@40@09@Y@Blake Korthauer     @LHP     @5'8  @140  @Tyler, TX                               @
Matthew Youn@41@08@Y@Matthew Young       @RHP     @6'1  @205  @Midlothian, TX                          @
Brian Heldma@42@16@Y@Brian Heldman       @RHP     @6'3  @190  @Austin, TX                              @
Ryan Almager@44@08@Y@Ryan Almager        @1B      @6'2  @220  @Lubbock, TX                             @
Tanner Scott@45@19@Y@Tanner Scott        @LHP     @6'2  @210  @Cleveland, OH                           @
Blake Smith @46@16@Y@Blake Smith         @RHP     @6'5  @225  @Tyler, TX                               @
Dallas Manak@47@19@Y@Dallas Manaker      @LHP     @6'4  @170  @Katy, TX                                @
