Alex Helenek@1 @16@Y@Alex Helenek        @P       @6-1  @170  @Glenville, NY                           @
Bradley Adam@2 @16@Y@Bradley Adams       @C       @6-0  @160  @Troy, NY                                @
Charles Pars@3 @19@Y@Charles Parslow     @P/OF    @5-10 @165  @Fonda, NY                               @
Chris Carmel@4 @08@Y@Chris Carmel        @P       @5-7  @145  @Waterford, NY                           @
Brett Fenton@5 @17@Y@Brett Fenton        @UTIL    @5-10 @160  @Troy, NY                                @
Cameron Bow @6 @08@Y@Cameron Bow         @C       @5-9  @180  @Shaftsbury, VT                          @
Mike Sunkes @7 @16@Y@Mike Sunkes         @P/INF   @6-0  @200  @Waterford, NY                           @
Franklin Mil@8 @09@Y@Franklin Miller     @P       @5-11 @165  @Ballston Spa, NY                        @
Lewis Lima  @9 @08@Y@Lewis Lima          @P/OF    @6-1  @165  @Guilderland, NY                         @
Jonas Godell@11@16@Y@Jonas Godell        @P/OF    @5-8  @185  @East Greenbush, NY                      @
Cristian Dis@12@08@Y@Cristian Disla      @INF     @5-8  @170  @Manhattan, NY                           @
Harrison Pau@13@16@Y@Harrison Paulino    @C       @5-9  @200  @New York, NY                            @
Dan Ciaramel@14@08@Y@Dan Ciaramella      @P       @6-1  @200  @Latham, NY                              @
Kyle Hall   @15@08@Y@Kyle Hall           @P       @6-2  @175  @Castleton, NY                           @
Mike Versche@16@16@Y@Mike Verschelden    @P       @6-1  @180  @Ghent, NY                               @
Quinn Barnha@17@09@Y@Quinn Barnhart      @P/INF   @6-3  @205  @Unadilla, NY                            @
Tim Hughes  @18@08@Y@Tim Hughes          @P       @6-6  @190  @Coeymans Hollow, NY                     @
Zach Steimer@19@08@Y@Zach Steimer        @P/INF   @6-2  @215  @Ballston Spa, NY                        @
Eric Mueller@20@08@Y@Eric Mueller        @OF      @6-3  @185  @Glenmont, NY                            @
Chad Sinko  @21@08@Y@Chad Sinko          @P       @6-3  @185  @Latham, NY                              @
Anthony Scac@22@19@Y@Anthony Scaccia     @P/1B    @6-1  @205  @Voorheesville, NY                       @
Casey Cohan @23@08@Y@Casey Cohan         @SS      @6-4  @195  @Saratoga, NY                            @
Anthony Spat@25@08@Y@Anthony Spataro     @INF     @5-11 @160  @Niskayuna, NY                           @
Hans Schmidt@26@08@Y@Hans Schmidt        @P       @6-4  @215  @Catskill, NY                            @
Joseph Bende@28@08@Y@Joseph Bender       @3B      @6-2  @205  @Guilderland, NY                         @
Kevin Bilyns@29@08@Y@Kevin Bilynsky      @P       @6-1  @225  @Watervliet, NY                          @
Mike Slinger@31@08@Y@Mike Slingerland    @P       @6-6  @175  @Burnt Hills, NY                         @
Matt Sand   @32@08@Y@Matt Sand           @OF      @6-0  @185  @Altamont, NY                            @
Edward Corni@34@08@Y@Edward Corniel      @INF     @6-1  @230  @New York, NY                            @
