Jake Ek     @2 @16@Y@Jake Ek             @SS      @     @     @                                        @
Quintin Cran@3 @16@Y@Quintin Crandall    @3B      @     @     @                                        @
Austin Harms@4 @19@Y@Austin Harms        @LHP     @     @     @                                        @
Tucker Chadd@5 @16@Y@Tucker Chadd        @C       @     @     @                                        @
Gabe Wurth  @6 @16@Y@Gabe Wurth          @CF      @     @     @                                        @
Cameron Solk@7 @19@Y@Cameron Solko       @LHP     @     @     @                                        @
Zach Litchen@8 @11@Y@Zach Litchen        @LHP     @     @     @                                        @
Joel Frias  @9 @08@Y@Joel Frias          @3B      @     @     @                                        @
Dalton Murph@10@08@Y@Dalton Murphy       @RHP     @     @     @                                        @
Brock Hammit@11@08@Y@Brock Hammit        @OF      @     @     @                                        @
Alex Stuart @12@08@Y@Alex Stuart         @RHP     @     @     @                                        @
Jacob Schlep@13@09@Y@Jacob Schleppenbach @2B      @     @     @                                        @
Jordan Schro@14@16@Y@Jordan Schroer      @RF      @     @     @                                        @
Bennett Oliv@15@17@Y@Bennett Oliver      @1B      @     @     @                                        @
Owen Renwick@16@08@Y@Owen Renwick        @RHP     @     @     @                                        @
Matt Jones  @18@09@Y@Matt Jones          @LF      @     @     @                                        @
Kyler Lamber@19@08@Y@Kyler Lambert       @RHP     @     @     @                                        @
Anderson Var@20@08@Y@Anderson Vargas     @RHP     @     @     @                                        @
Kyle Simonds@21@16@Y@Kyle Simonds        @RHP     @     @     @                                        @
Chris Pinne @22@16@Y@Chris Pinne         @LF      @     @     @                                        @
Tanner Raibu@23@11@Y@Tanner Raiburn      @LHP     @     @     @                                        @
Zach Wilson @27@11@Y@Zach Wilson         @LHP     @     @     @                                        @
Cooper Brown@29@11@Y@Cooper Brown        @LHP     @     @     @                                        @
Matt Sutliff@30@19@Y@Matt Sutliffe       @1B      @     @     @                                        @
Dakota Shado@32@16@Y@Dakota Shadoan      @C       @     @     @                                        @
Tyler Coufal@33@08@Y@Tyler Coufal        @RHP     @     @     @                                        @
Brody Kraus @34@08@Y@Brody Kraus         @RHP     @     @     @                                        @
Jake Bublitz@35@08@Y@Jake Bublitz        @C       @     @     @                                        @
Isaac Leuth @36@08@Y@Isaac Leuth         @RHP     @     @     @                                        @
Bobby Morett@37@08@Y@Bobby Moretti       @RHP     @     @     @                                        @
Reed Morton @38@08@Y@Reed Morton         @RHP     @     @     @                                        @
