Nick Ratzlof@1 @11@Y@Nick Ratzloff       @OF      @5'11 @185  @Sioux Falls, SD                         @
Alex Krupa  @2 @09@Y@Alex Krupa          @OF      @5'9  @165  @Greenwood, IN                           @
Jacob Sheldo@3 @20@Y@Jacob Sheldon-Collin@INF     @5'10 @170  @Boronia, Vic, AUS                       @
Jordan Schle@4 @16@Y@Jordan Schlehuber   @INF     @6'2  @175  @Aurora, CO                              @
Jason McMurr@5 @16@Y@Jason McMurray      @INF     @6'1  @195  @W. Des Moines, IA                       @
Logan Kiefer@6 @08@Y@Logan Kiefer        @INF     @6'3  @175  @Castle Rock, CO                         @
Ryan Merrill@7 @09@Y@Ryan Merrill        @INF     @5'11 @180  @Omaha, NE                               @
Josh Newell @8 @11@Y@Josh Newell         @OF      @5'11 @180  @Highlands Ranch, CO                     @
Jack McVicke@9 @08@Y@Jack McVicker       @OF      @6'0  @175  @Naples, FL                              @
Nate Ek     @10@08@Y@Nate Ek             @UTL     @5'10 @180  @Columbus, NE                            @
Dom Thompson@11@11@Y@Dom Thompson-William@OF      @6'0  @185  @Sioux City, IA                          @
David Parret@12@16@Y@David Parrett       @C/UTL   @6'0  @195  @Edmond, OK                              @
Drake Robiso@14@16@Y@Drake Robison       @RHP     @6'1  @175  @Machesney Park, IL                      @
Thomas Busbi@15@16@Y@Thomas Busbice      @RHP     @6'1  @185  @Papillion, NE                           @
Brayden Youn@16@08@Y@Brayden Young       @RHP     @6'0  @180  @Lincoln, NE                             @
Chad Worman @17@19@Y@Chad Worman         @LHP     @6'3  @205  @Blue Springs, MO                        @
Taner Ledezm@18@11@Y@Taner Ledezma       @LHP/1B  @6'1  @185  @E. Moline, IL                           @
Alex Crowl  @19@16@Y@Alex Crowl          @UTL     @6'1  @200  @Council Bluffs, IA                      @
Dylan Shofne@20@09@Y@Dylan Shofner       @C/OF    @6'0  @200  @Junction, TX                            @
Joey Ludeman@21@08@Y@Joey Ludemann       @C/UTL   @6'2  @180  @Lavista, NE                             @
Kaden Moore @22@16@Y@Kaden Moore         @C/1B    @6'3  @220  @S. Sioux City, NE                       @
Jake Scudder@23@09@Y@Jake Scudder        @UTL     @6'0  @185  @Rock Island, IL                         @
Beau Zeihen @24@08@Y@Beau Zeihen         @RHP     @6'3  @175  @Portage, WI                             @
Kaj Timmerma@25@08@Y@Kaj Timmermans      @RHP     @6'3  @180  @Bussum, HOL                             @
Derek Franci@26@16@Y@Derek Francis       @INF     @6'2  @205  @Manhattan, KS                           @
Craig Larkin@28@19@Y@Craig Larkin        @LHP     @6'2  @205  @Ottumwa, IA                             @
Adam Adreon @29@08@Y@Adam Adreon         @RHP     @6'3  @210  @Ogden, IA                               @
Marcus McNea@30@11@Y@Marcus McNeace      @INF     @6'4  @210  @Lake Quivira, KS                        @
Keenan Breen@31@08@Y@Keenan Breen        @RHP     @6'3  @205  @Assaria, KS                             @
Quinn Carpen@32@16@Y@Quinn Carpenter     @RHP/OF  @6'5  @205  @Chester, NY                             @
Sean Johnson@33@16@Y@Sean Johnson        @RHP     @6'7  @205  @Durango, CO                             @
Ian Schwicke@34@08@Y@Ian Schwickert      @RHP     @6'6  @195  @Mankato, MN                             @
Erik Swanson@35@16@Y@Erik Swanson        @RHP     @6'3  @220  @Terrace Park, OH                        @
Sam Donko   @36@08@Y@Sam Donko           @RHP     @6'2  @240  @Cortland, OH                            @
Nick Thayer @37@17@Y@Nick Thayer         @RHP     @6'5  @220  @Lenexa, KS                              @
Kevin Elder @38@08@Y@Kevin Elder         @RHP     @6'0  @240  @Burlington, IL                          @
Drew Adriaen@39@08@Y@Drew Adriaens       @RHP     @6'6  @220  @Sheridan, WY                            @
Chris Halbur@40@08@Y@Chris Halbur        @RHP     @6'5  @230  @Manning, IA                             @
