Aaron Foss  @1 @17@Y@Aaron Foss          @INF     @     @     @                                        @
Elvis Cuello@2 @16@Y@Elvis Cuello        @OF      @     @     @                                        @
Osha Brewer @3 @20@Y@Osha Brewer         @INF     @     @     @                                        @
Dave Engel  @4 @16@Y@Dave Engel          @INF     @     @     @                                        @
John Debord @5 @08@Y@John Debord         @P       @     @     @                                        @
Gabe Ploof  @6 @11@Y@Gabe Ploof          @P       @     @     @                                        @
Max Koprek  @7 @08@Y@Max Koprek          @P       @     @     @                                        @
Zach Ottosen@8 @18@Y@Zach Ottosen        @OF/P    @     @     @                                        @
Blake Thiess@10@16@Y@Blake Thiesse       @OF      @     @     @                                        @
Andrew Emanu@11@09@Y@Andrew Emanuel      @OF      @     @     @                                        @
Ben Vatnsdal@12@16@Y@Ben Vatnsdal        @P       @     @     @                                        @
Reid Holum  @13@08@Y@Reid Holum          @OF      @     @     @                                        @
Brock Cichon@14@08@Y@Brock Cichon        @OF/P    @     @     @                                        @
Ryan Miller @15@16@Y@Ryan Miller         @INF/P   @     @     @                                        @
Rancel Rosad@16@16@Y@Rancel Rosado       @C       @     @     @                                        @
Eric Benson @17@16@Y@Eric Benson         @P       @     @     @                                        @
Luke Thoma  @19@16@Y@Luke Thoma          @P       @     @     @                                        @
Trey Allis  @20@09@Y@Trey Allis          @C       @     @     @                                        @
Caleb Fisher@21@16@Y@Caleb Fisher        @P       @     @     @                                        @
Austin Gugge@22@16@Y@Austin Guggenberger @INF/P   @     @     @                                        @
Bazil Zuchkl@23@09@Y@Bazil Zuchkle       @1B      @     @     @                                        @
Reed Bender @25@16@Y@Reed Bender         @P       @     @     @                                        @
Eythan Stang@26@19@Y@Eythan Stangland    @P       @     @     @                                        @
Tyrel Courno@27@08@Y@Tyrel Cournoyer     @INF/P   @     @     @                                        @
Lane LeGarde@28@08@Y@Lane LeGarde        @C       @     @     @                                        @
Jeremy Aube @29@08@Y@Jeremy Aube         @INF/P   @     @     @                                        @
Peter Meidem@30@08@Y@Peter Meidema       @1B      @     @     @                                        @
