J.G. Miley  @1 @08@Y@J.G. Miley          @OF      @5-9  @160  @Tupelo, Miss.                           @
Kris Brown  @2 @08@Y@Kris Brown          @RHP/OF  @6-0  @166  @Forest, La.                             @
Chris Morgan@3 @08@Y@Chris Morgan        @INF/OF  @5-10 @182  @Madison, Miss.                          @
Trent Giambr@4 @16@Y@Trent Giambrone     @INF/OF  @5-10 @179  @Metairie, La.                           @
Carter Polle@5 @08@Y@Carter Polles       @INF/OF  @5-11 @184  @Hattiesburg, Miss.                      @
Stephen Stig@7 @16@Y@Stephen Stiglets    @INF/OF  @6-3  @175  @Gulfport, Miss.                         @
Westin Strin@8 @19@Y@Westin Stringer     @LHP     @6-1  @195  @Terry, Miss.                            @
Caleb Ladner@9 @09@Y@Caleb Ladner        @INF/OF  @6-0  @194  @Bay St. Louis, Miss.                    @
Jordan Stark@12@16@Y@Jordan Stark        @INF/OF  @6-5  @208  @Flowood, Miss.                          @
Joshua Pankr@13@16@Y@Joshua Pankratz     @INF     @6-3  @204  @Taylorsville, Miss.                     @
Will Brand  @14@11@Y@Will Brand          @LHP     @6-2  @187  @Hickory, Miss.                          @
Lane Ratliff@15@11@Y@Lane Ratliff        @LHP     @6-3  @184  @Purvis, Miss.                           @
Christian Da@16@08@Y@Christian Dale      @RHP/INF @6-0  @149  @Columbus, Miss.                         @
Avery Owens @17@08@Y@Avery Owens         @RHP     @5-10 @145  @Laurel, Miss.                           @
Will Simon  @18@08@Y@Will Simon          @RHP/UTL @5-10 @168  @Hattiesburg, Miss.                      @
Walt Prince @19@08@Y@Walt Prince         @C/INF   @5-8  @189  @Magee, Miss.                            @
Cole Barlow @20@16@Y@Cole Barlow         @RHP     @6-2  @190  @Madison, Miss.                          @
Will Hazen  @22@11@Y@Will Hazen          @LHP     @6-4  @207  @Diamondhead, Miss.                      @
Perry Turner@23@11@Y@Perry Turner        @LHP     @6-1  @182  @Leakesville, Miss.                      @
Madison Robe@24@09@Y@Madison Roberts     @C       @6-3  @200  @Pelham, Ala.                            @
Kyle East   @26@16@Y@Kyle East           @RHP     @6-2  @201  @Saucier, Miss.                          @
Alex Shermer@27@16@Y@Alex Shermer        @OF      @6-3  @203  @Brandon, Miss.                          @
Tyler Graves@28@16@Y@Tyler Graves        @C       @6-2  @220  @Petal, Miss.                            @
Trent Black @29@08@Y@Trent Black         @RHP     @5-10 @205  @Ellisville, Miss.                       @
Taylor Karr @30@08@Y@Taylor Karr         @RHP     @6-3  @194  @Batesville, Miss.                       @
Chase Hensle@32@08@Y@Chase Hensley       @RHP/INF @6-3  @215  @Humboldt, Tenn.                         @
Daniel Goff @33@08@Y@Daniel Goff         @INF/RHP @6-2  @206  @Lucedale, Miss.                         @
Tyler Schank@35@08@Y@Tyler Schankin      @INF     @6-1  @225  @Gulfport, Miss.                         @
