Chase Richar@1 @09@Y@Chase Richards      @OF      @5'7''@135  @Portage, MI                             @
Dalton Shear@2 @16@Y@Dalton Shearer      @IF      @5'11'@180  @Buchanan, MI                            @
Tyler Tramme@3 @08@Y@Tyler Trammell      @OF      @5'9''@160  @Spanish Fort, AL                        @
Dylan Ahern @4 @16@Y@Dylan Ahern         @IF/OF   @6'3''@185  @Rochester Hills, MI                     @
Trent Felt  @5 @16@Y@Trent Felt          @OF      @5'10'@185  @Shelby, MI                              @
Greyson Gran@6 @18@Y@Greyson Granger     @LHP/OF  @6'0''@180  @Portage, MI                             @
Tyler Moore @7 @16@Y@Tyler Moore         @IF/RHP  @6'2''@180  @Battle Creek, MI                        @
Kevin Phelps@8 @08@Y@Kevin Phelps        @IF      @6'0''@160  @Portage, MI                             @
Taylor Hunte@9 @16@Y@Taylor Hunter       @C       @5'9''@180  @Jackson, MI                             @
Isaac Miller@10@16@Y@Isaac Miller        @OF      @6'0''@210  @Midland, MI                             @
Ty Laurencig@11@17@Y@Ty Laurencig        @RHP     @6'3''@165  @Portage, MI                             @
Mitch Anders@12@08@Y@Mitch Anderson      @OF      @5'11'@160  @Mattawan, MI                            @
Nate Henckel@13@16@Y@Nate Henckel        @IF      @6'2''@180  @Buchanan, MI                            @
Dylan Robert@14@11@Y@Dylan Roberts       @LHP     @6'1''@185  @Howell, MI                              @
Jacob O'Berr@15@08@Y@Jacob O'Berry       @RHP     @6'4''@205  @Clarkston, MI                           @
Jared Vander@16@08@Y@Jared Vanderbor     @RHP     @6'3''@210  @Portage, MI                             @
Simeon Vanhe@17@16@Y@Simeon Vanheest     @C       @5'10'@180  @Holland, MI                             @
Gavin Porter@18@08@Y@Gavin Porter        @C       @5'9''@210  @Portage, MI                             @
Tyler Middle@19@09@Y@Tyler Middleton     @RHP     @6'3''@210  @Port Elgin, ON, Canada                  @
Ryan Peninge@20@16@Y@Ryan Peninger       @IF      @6'1''@185  @Mattawan, MI                            @
Tyler Steven@21@09@Y@Tyler Stevens       @C/IF    @5'10'@205  @Portage, MI                             @
Andrew Kelle@22@16@Y@Andrew Kelley       @RHP     @5'11'@225  @Allegan, MI                             @
Ryan Slaught@23@08@Y@Ryan Slaughter      @IF/RHP  @6'5''@190  @Clarkston, MI                           @
Justin Goike@24@20@Y@Justin Goike        @RHP     @6'4''@215  @Saline, MI                              @
Tanner Graha@25@19@Y@Tanner Graham       @LHP     @6'0''@220  @Climax, MI                              @
Mason Vredev@26@08@Y@Mason Vredevoogd    @RHP     @6'3''@200  @Grandville, MI                          @
Ben Root    @27@09@Y@Ben Root            @RHP     @6'1''@190  @Kalamazoo, MI                           @
Austin Stein@28@08@Y@Austin Steinfort    @RHP     @6'8''@225  @Grand Rapids, MI                        @
Anthony Warg@29@18@Y@Anthony Wargolet    @LHP     @6'4''@215  @Richland, MI                            @
TJ Cerven   @31@11@Y@TJ Cerven           @LHP     @6'3''@210  @Decatur, MI                             @
Coby Herrima@32@16@Y@Coby Herriman       @RHP     @6'2''@225  @Charlevoix, MI                          @
