Cully Wilson@1 @16@Y@Cully Wilson        @OF      @5-10 @180  @Champaign, Ill.                         @
Kyle Pool   @3 @16@Y@Kyle Pool           @RHP     @6-2  @180  @Onarga, Ill.                            @
Tyler Knight@5 @16@Y@Tyler Knight        @OF      @5-11 @175  @Danville, Ill.                          @
Jeff Cardena@7 @09@Y@Jeff Cardenas       @INF     @5-11 @185  @Fort Wayne, Ind.                        @
Nick Ulrey  @9 @08@Y@Nick Ulrey          @C/OF    @5-9  @180  @Greenfield, Ind.                        @
Trey Hannam @10@08@Y@Trey Hannam         @OF      @6-3  @195  @Kewanee, Ill.                           @
Ryan Montcal@11@16@Y@Ryan Montcalm       @INF     @6-0  @185  @Lincoln, Ill.                           @
John McLaugh@13@16@Y@John McLaughlin     @C/3B    @5-10 @185  @New Lenox, Ill.                         @
Kalvin Thong@14@16@Y@Kalvin Thongchamleun@INF     @5-8  @170  @Wheeling, Ill.                          @
Jacob Lane  @15@08@Y@Jacob Lane          @1B/RHP  @6-4  @190  @Indianapolis, Ind.                      @
Cody Trost  @17@08@Y@Cody Trost          @RHP     @6-0  @160  @Kankakee, Ill.                          @
Tylor Hedge @19@16@Y@Tylor Hedge         @OF      @6-1  @180  @Martinton, Ill.                         @
Joe Stukenbo@21@08@Y@Joe Stukenborg      @INF     @6-0  @190  @South Bend, Ind.                        @
Tim Blake   @23@16@Y@Tim Blake           @RHP     @6-3  @205  @Crest Hill, Ill.                        @
Dakota Ware @24@08@Y@Dakota Ware         @INF     @5-11 @195  @Williamsport, Ind.                      @
Eric Phillis@25@17@Y@Eric Phillis        @OF      @6-2  @195  @Streator, Ill.                          @
Kjeld Torkel@27@16@Y@Kjeld Torkelson     @OF      @6-4  @220  @Morris, Ill.                            @
Michael Kend@29@08@Y@Michael Kendrick    @INF     @5-9  @180  @Hazel Crest, Ill.                       @
Zach Barkdul@30@16@Y@Zach Barkdull       @C/1B    @6-0  @220  @Indianapolis, Ind.                      @
Zach Rapp   @31@08@Y@Zach Rapp           @C       @6-3  @250  @Bonfield, Ill.                          @
Tyler Sabol @33@16@Y@Tyler Sabol         @RHP     @6-2  @190  @Streator, Ill.                          @
Henry Gerrit@35@11@Y@Henry Gerritson     @LHP     @5-9  @195  @Gilman, Ill.                            @
Thomas Wolge@37@08@Y@Thomas Wolgemuth    @RHP     @6-3  @185  @Mahomet, Ill.                           @
Alex Bullard@39@16@Y@Alex Bullard        @RHP     @6-1  @205  @Cornell, Ill.                           @
Scott Runyan@41@08@Y@Scott Runyan        @RHP     @6-0  @200  @Champaign, Ill.                         @
Adam Slager @44@08@Y@Adam Slager         @RHP     @6-4  @200  @Peotone, Ill.                           @
Jimmy Brandt@45@11@Y@Jimmy Brandt        @LHP     @6-0  @190  @Kankakee, Ill.                          @
Luke Jarvis @47@19@Y@Luke Jarvis         @LHP     @6-3  @220  @Aroma Park, Ill.                        @
Cori Herbert@49@16@Y@Cori Herbert        @RHP     @6-0  @230  @Chicago, Ill.                           @
