Shane Kemp  @1 @16@Y@Shane Kemp          @OF/P    @6'3  @185  @Waterloo, IA                            @
Sulliam Rios@2 @08@Y@Sulliam Rios Reyes  @SS      @6'   @165  @Caguas, Puerto Rico                     @
Adam Barbari@3 @08@Y@Adam Barbarich      @OF      @5'10 @170  @Perth, West Australia                   @
Ozzie Adams @4 @16@Y@Ozzie Adams         @2B/P    @5'10 @175  @Clear Lake, Iowa                        @
Ryan Curtis @5 @08@Y@Ryan Curtis         @2B      @5'11 @180  @Altoona, Iowa                           @
David Sweeti@6 @16@Y@David Sweeting      @P       @     @     @                                        @
Zach Patters@7 @11@Y@Zach Patterson      @OF      @6'   @185  @Burlington, Iowa                        @
Alexis Bauzo@9 @16@Y@Alexis Bauzo        @P       @6'3  @195  @Carolina, Puerto Rico                   @
Milton Croes@10@16@Y@Milton Croes        @1B/3B/OF@195  @6'1  @Noord, Aruba                            @
Alex Thompso@11@16@Y@Alex Thompson       @OF      @     @     @                                        @
Shawn Hagart@12@16@Y@Shawn Hagarty       @UTL     @     @     @                                        @
Todd Oberthi@13@08@Y@Todd Oberthien      @P       @5'11 @175  @Solon, IA                               @
Tyler Butz  @14@08@Y@Tyler Butz          @1B/3B   @     @     @Cedar Rapids, Iowa                      @
Hayden Sloan@15@08@Y@Hayden Sloane       @C       @     @     @Perth, W. Australia                     @
Shawn Simmon@16@16@Y@Shawn Simmons       @P       @     @     @Buffalo, Iowa                           @
Austin Schmi@17@08@Y@Austin Schmitt      @SS/2B   @     @     @                                        @
Eric Schenck@18@19@Y@Eric Schenck-Joblins@OF      @     @     @                                        @
Spencer Dean@20@08@Y@Spencer Dean        @P       @     @     @Cedar Rapids, Iowa                      @
Keaton Black@21@19@Y@Keaton Blackford    @P       @     @     @                                        @
Angel Merced@24@20@Y@Angel Merced        @C/P     @     @     @                                        @
Nick Jones  @25@16@Y@Nick Jones          @1B      @     @     @                                        @
Randy Perez @26@08@Y@Randy Perez         @3B      @     @     @Bronx, New York                         @
Will Ross   @27@16@Y@Will Ross           @P       @     @     @Iowa City, Iowa                         @
Jeffrey Cast@30@08@Y@Jeffrey Castillo    @P       @     @     @Bronx, New York                         @
Brian Daphne@32@19@Y@Brian Daphney       @P       @     @     @                                        @
Cale Henke  @33@16@Y@Cale Henke          @P       @     @     @                                        @
Zach William@35@08@Y@Zach Williams       @P       @     @     @                                        @
Matt Paciell@43@08@Y@Matt Paciello       @OF      @     @     @                                        @
Jamison Stee@46@11@Y@Jamison Steege      @P       @     @     @                                        @
Adam Marra  @48@11@Y@Adam Marra          @P       @     @     @                                        @
