Devin Tohm  @1 @08@Y@Devin Tohm          @OF      @     @     @Browns Valley, MN                       @
Cody Carroll@2 @10@Y@Cody Carroll        @CF/P    @     @     @                                        @
James Uriell@3 @08@Y@James Uriell        @RF      @     @     @                                        @
Drew Schill @4 @08@Y@Drew Schill         @C/2B    @     @     @                                        @
Kolton Schul@7 @08@Y@Kolton Schull       @C/2B    @     @     @                                        @
Keaten Mikke@8 @17@Y@Keaten Mikkelsen    @3B      @     @     @                                        @
Kodie Vote  @10@08@Y@Kodie Vote          @OF/P    @     @     @                                        @
Josh Johanse@11@08@Y@Josh Johansen       @OF/P    @     @     @                                        @
Brady LaMott@12@08@Y@Brady LaMotte       @1B      @     @     @                                        @
Ben Morris  @18@08@Y@Ben Morris          @SS/P    @     @     @                                        @
Skyler Carls@20@11@Y@Skyler Carlson      @1B/P    @     @     @                                        @
Jordan DeMar@21@09@Y@Jordan DeMarais     @INF     @     @     @                                        @
