Spencer Phil@1 @08@Y@Spencer Phillips    @SS/LF   @     @     @Bayside, FL                             @
Nick Stuart @2 @08@Y@Nick Stuart         @OF      @     @     @Fuquay-Varina                           @
Ryan Cobb   @3 @16@Y@Ryan Cobb           @OF      @     @     @Snow Hill                               @
Blake Watkin@4 @08@Y@Blake Watkins       @SS      @     @     @Raleigh                                 @
Cole Bray   @5 @08@Y@Cole Bray           @SS      @     @     @Perquimans                              @
Cory Nygard @6 @16@Y@Cory Nygard         @2B      @     @     @Wilson                                  @
Tee McConnel@7 @16@Y@Tee McConnell       @2B/SS   @     @     @Poquosan, Va                            @
David Wiggin@8 @16@Y@David Wiggins       @P       @     @     @La Grange                               @
Brandon Tant@9 @16@Y@Brandon Tant        @INF/P   @     @     @Garner                                  @
Chastin Radf@10@17@Y@Chastin Radford     @OF      @     @     @La Grange                               @
Alex Groff  @12@08@Y@Alex Groff          @OF      @     @     @Garden Spot, PA                         @
Nykolai Elli@13@16@Y@Nykolai Ellis       @C       @     @     @Grassfield, VA                          @
Sam Barber  @14@17@Y@Sam Barber          @C       @     @     @Tabb, Va                                @
Christian Lo@15@08@Y@Christian Locklear  @2B      @     @     @Pembroke                                @
Taylor Tew  @16@16@Y@Taylor Tew          @3B/P    @     @     @Clinton                                 @
Garrett Holl@17@08@Y@Garrett Holland     @P/1B    @     @     @Kinston                                 @
Carrington A@18@09@Y@Carrington Austin   @C       @     @     @Garner                                  @
Will Moyer  @19@16@Y@Will Moyer          @P       @     @     @Raleigh                                 @
Troy Jones  @20@18@Y@Troy Jones          @P       @     @     @Great Bridge, Va                        @
Brandon Cavi@21@16@Y@Brandon Cavil       @OF/3B   @     @     @Severna Park, MD                        @
Tre Hill    @22@08@Y@Tre Hill            @P       @     @     @Greenville                              @
Stephen Alla@23@09@Y@Stephen Allard      @1B      @     @     @Farmville                               @
Ryan Blake  @25@17@Y@Ryan Blake          @1B/P    @     @     @Hickory, Va                             @
Terrance Hea@26@08@Y@Terrance Heath      @OF      @     @     @Pamlico                                 @
Jonathan Har@27@18@Y@Jonathan Hardison   @P       @     @     @Kinston                                 @
Seth Reeves @28@10@Y@Seth Reeves         @P       @     @     @Grays Creek                             @
Jacob Willia@29@08@Y@Jacob Williams      @P       @     @     @Lake Norman                             @
Caleb Kearne@30@16@Y@Caleb Kearney       @P       @     @     @La Grange                               @
Mason Warren@31@16@Y@Mason Warren        @P       @     @     @Clinton                                 @
Tyler Kenney@32@16@Y@Tyler Kenney        @P       @     @     @Raleigh                                 @
Robbie Hiser@33@16@Y@Robbie Hiser        @3B/P    @     @     @Grafton, Va                             @
Jimmy Angell@34@08@Y@Jimmy Angell        @P       @     @     @York, Va                                @
Gunner Tynda@35@16@Y@Gunner Tyndall      @1B      @     @     @Snow Hill                               @
Will Humphri@36@08@Y@Will Humphries      @2B      @     @     @Buelleville                             @
Daniel Sande@37@08@Y@Daniel Sanderford   @C       @     @     @Raleigh                                 @
Jordan Burch@38@08@Y@Jordan Burch        @C       @     @     @St. Mary's Ryken, MD                    @
