Ethan Ruff  @1 @09@Y@Ethan Ruff          @OF      @     @     @Waterloo, IL                            @
Austin Stilt@2 @08@Y@Austin Stilts       @INF     @     @     @Alton, IL                               @
Ron Wisnasky@4 @08@Y@Ron Wisnasky        @OF      @     @     @Alton, MO                               @
Jordan Brigg@5 @08@Y@Jordan Briggs       @INF     @     @     @Roxana, IL                              @
Logan Mueth @6 @08@Y@Logan Mueth         @INF     @     @     @Waterloo, IL                            @
Hunter Ryan @7 @16@Y@Hunter Ryan         @C       @     @     @O'Fallon, MO                            @
Ross Moldenh@8 @08@Y@Ross Moldenhauer    @INF     @     @     @Perryville, MO                          @
Blake Thomas@10@16@Y@Blake Thomas        @OF      @     @     @Troy, L                                 @
Jake Guillia@11@16@Y@Jake Guillianelli   @P       @     @     @Lake Zurich, IL                         @
James Degeor@12@08@Y@James Degeorge      @OF      @     @     @Lake Zurich, IL                         @
Kyle Case   @13@08@Y@Kyle Case           @C       @     @     @O'Fallon, MO                            @
Ryan Gvillo @14@08@Y@Ryan Gvillo         @P/INF   @     @     @Bunker Hill, IL                         @
Grant Starke@15@10@Y@Grant Starke        @P       @     @     @Wentzville, MO                          @
Casey Thomas@16@08@Y@Casey Thomason      @INF     @     @     @                                        @
Nick Parrino@18@08@Y@Nick Parrino        @P       @     @     @Brighton, IL                            @
Ty Lewis    @20@16@Y@Ty Lewis            @P       @     @     @Troy, IL                                @
John Wuellin@21@17@Y@John Wuelling       @OF      @     @     @Valmeyer, IL                            @
Matt Huelsma@22@16@Y@Matt Huelsman       @INF     @     @     @Edwardsville, IL                        @
Mike Mulder @26@08@Y@Mike Mulder         @P       @     @     @Lake Zurich, IL                         @
Jordan Boden@27@16@Y@Jordan Bodenbach    @INF     @     @     @Alton, IL                               @
Tim Nicholso@29@09@Y@Tim Nicholson       @INF/P   @     @     @Cahokia, IL                             @
Austin Schmi@30@16@Y@Austin Schmidt      @P       @     @     @Troy, IL                                @
Blake Novack@31@16@Y@Blake Novack        @P       @     @     @Alton, IL                               @
Luke Conner @32@08@Y@Luke Conner         @C       @     @     @                                        @
Alex Lay    @34@08@Y@Alex Lay            @P       @     @     @Edwardsville, IL                        @
Nick Droste @35@08@Y@Nick Droste         @INF     @     @     @Alton, IL                               @
Dustin Young@36@16@Y@Dustin Young        @OF      @     @     @Granite City, IL                        @
Troy Toedebu@37@08@Y@Troy Toedebusch     @P       @     @     @Chillicothe, MO                         @
Matt Boivin @45@16@Y@Matt Boivin         @P       @     @     @Edwardsville, IL                        @
Luke Chapman@46@08@Y@Luke Chapman        @P       @     @     @Pinkneyville, IL                        @
Brandon Broa@51@16@Y@Brandon Broadwater  @P       @     @     @Granite City, IL                        @
Austin Pittm@55@16@Y@Austin Pittman      @INF     @     @     @New Bloomfield, MO                      @
Lance Smith @56@11@Y@Lance Smith         @P       @     @     @St. Louis, MO                           @
Jacob Klaus @67@16@Y@Jacob Klaus         @P       @     @     @O'Fallon, MO                            @
