Justin Palme@2 @16@Y@Justin Palmer       @Infield @     @     @                                        @
Austin Muenc@3 @08@Y@Austin Muench       @Outfield@     @     @                                        @
Zeke Rowe   @4 @10@Y@Zeke Rowe           @Pitcher @     @     @                                        @
Carter Prang@6 @16@Y@Carter Pranger      @Outfield@     @     @                                        @
Neal Aherin @8 @17@Y@Neal Aherin         @Infield/@     @     @                                        @
Nick Lonerga@9 @08@Y@Nick Lonergan       @Outfield@     @     @                                        @
Colby Griggs@10@08@Y@Colby Griggs        @Infield @     @     @                                        @
Michael Ring@11@08@Y@Michael Ringer      @Pitcher @     @     @                                        @
Steven Rush @14@08@Y@Steven Rush         @Infield @     @     @                                        @
Logan Gebhar@15@19@Y@Logan Gebhards      @Pitcher @     @     @                                        @
Seth Riggle @16@16@Y@Seth Riggle         @Outfield@     @     @                                        @
Reed Willenb@17@16@Y@Reed Willenborg     @Pitcher @     @     @                                        @
Michael Reav@18@16@Y@Michael Reavy       @Catcher @     @     @                                        @
Tyler Borski@19@11@Y@Tyler Borski        @Pitcher/@     @     @                                        @
Ryan Bailey @20@16@Y@Ryan Bailey         @Pitcher @     @     @                                        @
Will Schneid@21@08@Y@Will Schneider      @Infield @     @     @                                        @
Drew Levitt @22@08@Y@Drew Levitt         @Infield @     @     @                                        @
Sam Goode   @23@08@Y@Sam Goode           @Infield @     @     @                                        @
Logan Faber @24@16@Y@Logan Faber         @Pitcher @     @     @                                        @
Bryce Wright@25@08@Y@Bryce Wright        @Catcher @     @     @                                        @
Connor Creas@28@08@Y@Connor Creasey      @Pitcher @     @     @                                        @
Jonathan Squ@29@08@Y@Jonathan Squibb     @Infield @     @     @                                        @
Ridge Ackerm@30@16@Y@Ridge Ackerman      @Pitcher @     @     @                                        @
Nic Roubidou@31@08@Y@Nic Roubidoux       @Outfield@     @     @                                        @
Blake Welch @33@08@Y@Blake Welch         @Pitcher @     @     @                                        @
Lucas Hall  @34@08@Y@Lucas Hall          @Pitcher @     @     @                                        @
Sawyer Howar@36@11@Y@Sawyer Howard       @Pitcher @     @     @                                        @
Taylor Staff@38@11@Y@Taylor Staff        @Pitcher @     @     @                                        @
