CORY BARNES @1 @08@Y@CORY BARNES         @OF      @5'8  @150  @                                        @
JUSTIN STEIN@3 @11@Y@JUSTIN STEINBRUNNER @OF      @5'10 @180  @                                        @
SPENCER HURL@4 @16@Y@SPENCER HURLEY      @OF      @5'11 @175  @                                        @
ANDREW SMITH@5 @16@Y@ANDREW SMITH        @RHP     @5'11 @160  @                                        @
TANNER SHUBE@6 @08@Y@TANNER SHUBERT      @IN      @5'11 @170  @                                        @
TYLER GUDAT @7 @08@Y@TYLER GUDAT         @C       @5'9  @160  @                                        @
BLAKE LONG  @8 @16@Y@BLAKE LONG          @IN      @6'3  @190  @                                        @
AJ JACKSON  @10@08@Y@AJ JACKSON          @OF/RHP  @6'3  @180  @                                        @
RYAN SLOAN  @11@08@Y@RYAN SLOAN          @IN      @6'0  @165  @                                        @
NOLAN HAAKE @12@08@Y@NOLAN HAAKE         @OF/DH   @5'9  @185  @                                        @
CODY HEIDBRE@13@08@Y@CODY HEIDBREDER     @C/OF    @5'10 @170  @                                        @
TJ CARTER   @14@16@Y@TJ CARTER           @IN      @5'8  @175  @                                        @
LABAN PETZOL@16@08@Y@LABAN PETZOLDT      @IN      @6'0  @170  @                                        @
JARROD STORM@18@08@Y@JARROD STORMS       @RHP     @6'3  @195  @                                        @
SCOTT COSTEL@20@08@Y@SCOTT COSTELLO      @C       @5'8  @165  @                                        @
JOHN FISHER @21@16@Y@JOHN FISHER         @RHP     @6'3  @175  @                                        @
AUSTIN GALLE@23@16@Y@AUSTIN GALLEGO      @IN      @6'2  @200  @                                        @
ARIS HOPP   @24@11@Y@ARIS HOPP           @LHP     @5'10 @175  @                                        @
KYLE PEDEN  @26@16@Y@KYLE PEDEN          @RHP     @6'1  @175  @                                        @
JARED LENGAR@27@08@Y@JARED LENGARCHER    @RHP     @6'0  @175  @                                        @
JOHN-PIERRE @30@08@Y@JOHN-PIERRE HOBBS   @RHP     @5'10 @185  @Chicago, IL                             @
JAKOB THOMAS@32@08@Y@JAKOB THOMAS        @RHP     @5'7  @150  @                                        @
CHANCE SIMPS@34@16@Y@CHANCE SIMPSON      @RHP     @6'6  @230  @                                        @
COLTON AMBER@35@11@Y@COLTON AMBERG       @LHP     @6'0  @200  @                                        @
CODY BOLEN  @52@19@Y@CODY BOLEN          @LHP     @6'1  @265  @                                        @
