Jake Dersi  @2 @08@Y@Jake Dersi          @Utility @5'8" @160  @North Ridgeville                        @
Matt Beall  @3 @09@Y@Matt Beall          @INF     @5'8" @155  @Avon Lake                               @
Tyler Mazzei@5 @16@Y@Tyler Mazzei        @SS/P    @6'1" @180  @Lorain                                  @
Nathan Ash  @6 @08@Y@Nathan Ash          @P       @6'2" @175  @Wakeman                                 @
Kevin Shaw  @7 @08@Y@Kevin Shaw          @INF/OF  @6'1" @180  @North Ridgeville                        @
Aaron Rumins@8 @16@Y@Aaron Ruminski      @P/OF    @6'   @175  @Strongsville                            @
Sam Elseser @10@08@Y@Sam Elseser         @CF      @6'1" @190  @Akron                                   @
Aaron Johnso@12@08@Y@Aaron Johnson       @Utility @5'7" @150  @Cleveland                               @
Garret Mulli@13@11@Y@Garret Mullins      @P/1B    @6'2" @185  @Amherst                                 @
Blake Sopko @15@08@Y@Blake Sopko         @C/P     @5'10"@195  @                                        @
Denzil Boss @18@16@Y@Denzil Boss         @C/1B    @6'1" @175  @Columbia Station                        @
Jordan Hanus@19@16@Y@Jordan Hanuscin     @OF/1B/P @6'   @190  @Avon                                    @
Derek Mills @22@09@Y@Derek Mills         @INF/P   @6'1" @180  @Lorain                                  @
Thomas Hollo@23@08@Y@Thomas Holloway     @3B/C/P  @5'9" @185  @Lorain                                  @
Mike Lipcsey@27@08@Y@Mike Lipcsey        @P/OF    @5'8" @180  @                                        @
Darion Katyn@29@08@Y@Darion Katynski     @P/1B/C  @6'2" @165  @Elyria                                  @
Nathan Keith@44@08@Y@Nathan Keith        @1B/P    @6'4" @235  @Shefield                                @
