Roquel Marsh@1 @08@Y@Roquel Marsh        @OF/RHP  @5'10 @165  @Dothan, AL                              @
Blaine Eads @2 @16@Y@Blaine Eads         @RHP     @5'8  @165  @Carbon Hill, AL                         @
Michael Tedf@3 @08@Y@Michael Tedford     @IF      @5'8  @165  @Jasper, AL                              @
Houston Mabr@4 @08@Y@Houston Mabray      @RHP     @6'2  @170  @Troy, AL                                @
Brandon Pugh@5 @17@Y@Brandon Pugh        @OF      @5'11 @165  @Grove Hill, AL                          @
Trey Mathers@6 @09@Y@Trey Matherson      @IF/OF   @5'11 @190  @Alabaster, AL                           @
Chance Callo@7 @16@Y@Chance Calloway     @RHP     @6'1  @185  @Clanton, AL                             @
Blake Grill @8 @09@Y@Blake Grill         @OF      @6'0  @170  @Alabaster, AL                           @
Brandon Mayh@9 @16@Y@Brandon Mayhann     @C       @5'11 @180  @Wewahitchka, FL                         @
Dusty Jones @10@16@Y@Dusty Jones         @C       @5'11 @190  @Navarre, FL                             @
Monterio May@11@19@Y@Monterio May        @OF/LHP  @6'0  @175  @Grady, AL                               @
Payne Wilson@12@08@Y@Payne Wilson        @IF      @5'8  @170  @Grove Hill, AL                          @
Aaron Waltma@13@16@Y@Aaron Waltman       @IF/OF   @5'8  @160  @Mobile, AL                              @
Mason Rogers@14@08@Y@Mason Rogers        @IF/OF   @6'1  @185  @Demopolis, AL                           @
Kade Suther @15@08@Y@Kade Suther         @RHP     @6'2  @160  @Mobile, AL                              @
Jed Carter  @16@08@Y@Jed Carter          @RHP     @6'0  @170  @Tallassee, AL                           @
Brennon Orcu@17@08@Y@Brennon Orcutt      @RHP     @6'3  @175  @Defuniak Springs, FL                    @
Brady Eldrid@18@16@Y@Brady Eldridge      @RHP     @5'10 @160  @Slocomb, AL                             @
Cody Spivey @19@16@Y@Cody Spivey         @RHP     @6'0  @180  @Prattville, AL                          @
Charlie Spen@20@17@Y@Charlie Spencer     @1B/C    @6'0  @240  @Theodore, AL                            @
Beck Vann   @21@16@Y@Beck Vann           @RHP     @6'6  @180  @Union Springs, AL                       @
Jordan Tharp@23@08@Y@Jordan Tharpe       @RHP     @6'3  @180  @Dothan, AL                              @
John Bess   @24@08@Y@John Bess           @RHP     @5'9  @190  @Florala, AL                             @
Conner Smith@25@16@Y@Conner Smith        @IF      @5'10 @180  @Crawfordville, FL                       @
Nick Bender @26@08@Y@Nick Bender         @IF      @6'6  @205  @Mobile, AL                              @
Jud Owens   @27@08@Y@Jud Owens           @C       @5'11 @175  @Brantley, AL                            @
Brian Benoit@28@08@Y@Brian Benoit        @RHP     @6'0  @200  @Baker, FL                               @
Michael D'Ar@29@11@Y@Michael D'Arville   @LHP     @6'1  @165  @Luverne, AL                             @
Russell Mose@31@08@Y@Russell Moseley     @RHP     @6'0  @200  @Opp, AL                                 @
Zach Ward   @32@08@Y@Zach Ward           @OF      @5'10 @210  @Andalusia, AL                           @
John Cunning@33@11@Y@John Cunningham     @LHP     @6'1  @155  @Dothan, AL                              @
Hunter Odom @36@08@Y@Hunter Odom         @RHP     @6'0  @140  @Andalusia, AL                           @
Jay Corneliu@37@11@Y@Jay Cornelius       @LHP     @6'4  @180  @Irvington, AL                           @
Cody Marler @38@08@Y@Cody Marler         @1B      @6'0  @240  @Red Level, AL                           @
