Malik Jackso@1 @20@Y@Malik Jackson       @OF      @5'10 @     @                                        @
Adam Babcock@2 @08@Y@Adam Babcock        @OF      @5'8  @150  @                                        @
Dalton Boslo@3 @16@Y@Dalton Boslooper    @RHP     @5'11 @150  @                                        @
Michael Krus@5 @16@Y@Michael Kruse       @OF      @6'0  @195  @                                        @
Justin Willi@6 @08@Y@Justin Williams     @2B      @5'10 @190  @                                        @
Dylan Peck  @7 @08@Y@Dylan Peck          @C       @5'10 @180  @                                        @
Blake Buckne@8 @17@Y@Blake Buckner       @C, OF   @6'0  @180  @                                        @
Tyler Kain  @9 @16@Y@Tyler Kain          @RHP     @6'4  @175  @                                        @
Michael Park@10@10@Y@Michael Parks       @LHP     @6'0  @175  @                                        @
Derek Staelg@11@08@Y@Derek Staelgraeve   @RHP     @6'0  @185  @                                        @
Zach Byron  @12@20@Y@Zach Byron          @SS, OF  @6'1  @180  @                                        @
Steven Hatha@13@09@Y@Steven Hathaway     @3B      @6'1  @200  @                                        @
Chad Cook   @14@08@Y@Chad Cook           @IF      @6'0  @185  @                                        @
Alek Greiner@16@09@Y@Alek Greiner        @RHP, OF @6'4  @180  @                                        @
Bradley Jone@17@16@Y@Bradley Jones       @1B      @6'0  @190  @                                        @
Logan Stewar@18@11@Y@Logan Stewart       @1B, OF  @5'11 @195  @                                        @
Cole Schaenz@19@16@Y@Cole Schaenzer      @RHP     @6'3  @201  @                                        @
William Mala@20@09@Y@William Malak       @C, 1B   @5'7  @190  @                                        @
Mitchell War@21@08@Y@Mitchell Ward       @RHP, 1B @6'2  @210  @                                        @
Chad Skarjun@22@08@Y@Chad Skarjune       @RHP     @6'4  @215  @                                        @
Dominic Vale@23@16@Y@Dominic Valente     @RHP     @6'3  @190  @                                        @
Tyler Vaugha@24@17@Y@Tyler Vaughan       @OF      @5'11 @185  @                                        @
Jacob Ribera@25@08@Y@Jacob Riberas       @RHP     @6'3  @200  @                                        @
Jorge Grullo@26@08@Y@Jorge Grullon       @RHP     @6'3  @190  @                                        @
Daniel Cario@27@08@Y@Daniel Carion       @RHP     @6'2  @     @                                        @
Craig Bynum @28@09@Y@Craig Bynum         @2B      @5'10 @155  @                                        @
Richard Borl@29@17@Y@Richard Borland     @LHP     @5'11 @175  @                                        @
Jonathan Roe@33@08@Y@Jonathan Roehler    @SS      @6'2  @170  @                                        @
Logan Ryan  @34@18@Y@Logan Ryan          @LHP     @6'5  @222  @                                        @
