John Bloom  @2 @16@Y@John Bloom          @RHP     @5-9  @160  @Laurel, IA                              @
Austin Allen@3 @16@Y@Austin Allen        @OF      @5-10 @165  @Milo, IA                                @
Parker Rolfe@6 @08@Y@Parker Rolfes       @INF/RHP @5-9  @150  @Le Mars, IA                             @
Austin Batta@7 @08@Y@Austin Battaglia    @INF/RHP @6-0  @180  @Waukee, IA                              @
Draysun Lum @8 @08@Y@Draysun Lum         @OF      @5-11 @170  @Victoria, BC                            @
Daryl Blasko@9 @16@Y@Daryl Blaskovich    @INF     @5-10 @180  @Brentwood Bay, BC                       @
Prince De Ma@10@16@Y@Prince De Marco     @RHP     @6-1  @200  @Chicago, IL                             @
Emanuel Gasp@11@08@Y@Emanuel Gaspard     @INF     @5-11 @175  @Papillion, NE                           @
Kyle Herrick@12@08@Y@Kyle Herrick        @RHP     @6-3  @195  @Adel, IA                                @
Eric Kent   @14@16@Y@Eric Kent           @INF     @6-0  @195  @Ft. Madison, IA                         @
Corey Ceponi@15@19@Y@Corey Ceponis       @LHP     @6-3  @220  @Chicago, IL                             @
Steven Drees@16@17@Y@Steven Dreesman     @INF     @5-9  @170  @Carroll, IA                             @
Alex McCune @17@08@Y@Alex McCune         @RHP/OF  @6-2  @195  @Johnston, IA                            @
Patrick Rank@19@08@Y@Patrick Rankin      @RHP     @6-5  @195  @Rice Lake, WI                           @
Richard Engl@20@16@Y@Richard England     @RHP     @6-2  @205  @Centerville, IA                         @
Pedro Lopez @21@12@Y@Pedro Lopez         @INF     @5-8  @155  @Naples, FL                              @
Schyler Kane@22@08@Y@Schyler Kane        @RHP     @6-2  @165  @Pella, IA                               @
Danny Smith @23@11@Y@Danny Smith         @LHP     @6-4  @265  @Oyens, IA                               @
Daniel Camar@24@08@Y@Daniel Camareno     @INF     @5-8  @145  @San Juan, PR                            @
Alexis Melen@25@08@Y@Alexis Melendez     @C/INF   @5-11 @190  @San Juan, PR                            @
Jorge Michae@26@11@Y@Jorge Michael-Bautis@LHP     @6-1  @155  @Caracus, VN                             @
Bennett Mann@27@17@Y@Bennett Mann        @OF      @6-1  @200  @Marshalltown, IA                        @
Colin Schroe@28@08@Y@Colin Schroeder     @OF      @5-10 @155  @Grimes, IA                              @
Ty Russell  @29@17@Y@Ty Russell          @INF     @6-1  @190  @Victoria, BC                            @
Brandon Bord@30@08@Y@Brandon Bordonaro   @C       @6-2  @200  @Plano, TX                               @
Ryan Thrashe@31@08@Y@Ryan Thrasher       @C       @5-10 @180  @Sherwood Park, Alberta                  @
Wesley Warwi@32@08@Y@Wesley Warwick      @INF     @5-10 @190  @North English, IA                       @
Chase Stout @33@09@Y@Chase Stout         @RHP/C   @6-0  @160  @Nevada, IA                              @
John Krause @34@16@Y@John Krause         @OF      @5-9  @180  @Slater, IA                              @
Julio Batist@35@08@Y@Julio Batista       @RHP     @6-4  @235  @San Juan, PR                            @
Aneudis Sand@36@08@Y@Aneudis Sandoval    @OF      @6-0  @195  @Manati, PR                              @
Ali Asif    @37@08@Y@Ali Asif            @RHP/INF @6-6  @210  @Corona, NY                              @
Chris Thomps@39@08@Y@Chris Thompson      @RHP     @6-1  @185  @Sioux Falls, SD                         @
Will Summers@44@08@Y@Will Summers        @INF     @6-0  @170  @Ankeny, IA                              @
