Christopher @1 @16@Y@Christopher Roumbaki@INF/OF  @     @     @Taunton, Mass.                          @
Scott O'Brie@2 @16@Y@Scott O'Brien       @INF     @     @     @East Bridgewater, Mass.                 @
Brandon Gall@3 @08@Y@Brandon Gallahue    @C       @     @     @Plymouth, Mass.                         @
Corey Walker@4 @11@Y@Corey Walker        @LHP     @     @     @North Attleboro, Mass.                  @
Jospeh Walsh@5 @16@Y@Jospeh Walsh        @OF      @     @     @Taunton, Mass.                          @
Patrick Murr@6 @16@Y@Patrick Murray      @INF     @     @     @Weymouth, Mass.                         @
Shane Holmes@7 @19@Y@Shane Holmes        @LHP     @     @     @East Bridgewater, Mass.                 @
David Murphy@8 @08@Y@David Murphy        @INF     @     @     @Plymouth, Mass.                         @
Russell Boud@9 @08@Y@Russell Boudreau    @INF     @     @     @Norton, Mass.                           @
David Tarr  @10@19@Y@David Tarr          @LHP/OF  @     @     @Easton, Mass.                           @
Joseph Comme@11@09@Y@Joseph Commesso     @INF     @     @     @Marshfield, Mass.                       @
Travis Ritch@12@17@Y@Travis Ritchie      @OF      @     @     @Taunton, Mass.                          @
Nick Darrah @14@08@Y@Nick Darrah         @OF      @     @     @Brockton, Mass.                         @
Luke Nagle  @15@17@Y@Luke Nagle          @INF/RHP @     @     @Pembroke, Mass.                         @
Matt Levasse@16@08@Y@Matt Levasseur      @INF     @     @     @Milton, Mass.                           @
Trevor Packa@17@16@Y@Trevor Packard      @C       @     @     @Brockton, Mass.                         @
Nick Olivier@18@08@Y@Nick Oliviera       @C       @     @     @New Bedford, Mass.                      @
Sam Devine  @20@11@Y@Sam Devine          @LHP     @     @     @Taunton, Mass.                          @
Tom Protenti@21@08@Y@Tom Protentis       @RHP     @     @     @Lakeville, Mass.                        @
Collin Ross @22@19@Y@Collin Ross         @LHP     @     @     @Marshfield, Mass.                       @
Brent Eaton @24@08@Y@Brent Eaton         @RHP     @     @     @Plymouth, Mass.                         @
