Colton Hilbr@2 @20@Y@Colton Hilbrenner   @C, 2B   @5'9  @165  @Odessa, MO                              @
Dre Jensen  @3 @16@Y@Dre Jensen          @P       @5'9  @185  @Cache, OK                               @
Zach Shaw   @4 @20@Y@Zach Shaw           @SS      @6'2  @155  @Odessa, MO                              @
Jared Yarber@5 @16@Y@Jared Yarberry      @SS, 3B  @5'11 @180  @Strafford, MO                           @
Sam Atkinson@6 @08@Y@Sam Atkinson        @1B, C   @5'10 @165  @Jefferson City, MO                      @
Matt Safrane@7 @08@Y@Matt Safranek       @2B, SS  @5'10 @170  @Papillion, NE                           @
Dominic Defe@8 @08@Y@Dominic Defeo       @C       @6'0  @185  @Blue Springs, MO                        @
Jamie Graese@9 @16@Y@Jamie Graeser       @CF      @6'2  @170  @O'Fallon, MO                            @
Josh Srna   @10@08@Y@Josh Srna           @OF, C   @6'0  @180  @Westmoreland, KS                        @
Dylan Farrel@11@16@Y@Dylan Farrell       @OF, 2B  @5'10 @170  @Grain Valley, MO                        @
Zach Morgan @12@16@Y@Zach Morgan         @OF      @5'10 @180  @Oak Grove, MO                           @
Corey Beard @14@08@Y@Corey Beard         @P, 3B   @6'3  @200  @Jefferson City, MO                      @
Jared Gage  @15@20@Y@Jared Gage          @1B, C   @6'1  @170  @Belton, MO                              @
Eric Ross   @16@11@Y@Eric Ross           @OF      @5'10 @180  @Kansas City, MO                         @
Logan Taylor@17@11@Y@Logan Taylor        @P       @6'0  @170  @Blue Springs, MO                        @
Kyle Combs  @18@16@Y@Kyle Combs          @P       @5'11 @140  @Independence, MO                        @
Thomas Bouch@19@19@Y@Thomas Boucher      @P       @6'0  @165  @Ft. Worth, TX                           @
Zach Zurbric@20@11@Y@Zach Zurbrick       @P       @6'0  @190  @Grain Valley, MO                        @
Ryan Harshba@24@16@Y@Ryan Harshbarger    @OF      @6'0  @170  @Westmoreland, KS                        @
Aaron Kreitm@25@08@Y@Aaron Kreitman      @P       @6'2  @215  @Warrensburg, MO                         @
Aaron Kurtz @28@08@Y@Aaron Kurtz         @P       @6'1  @240  @Kearney, MO                             @
Cole Distler@29@09@Y@Cole Distler        @3B      @5'11 @160  @Jefferson City, MO                      @
Alan Hall   @30@11@Y@Alan Hall           @OF      @5'7  @165  @O'Fallon, MO                            @
Jake Kern   @31@16@Y@Jake Kern           @P       @6'2  @170  @Lee's Summit, MO                        @
Dakota Graha@32@08@Y@Dakota Graham       @P       @6'5  @210  @Odessa, MO                              @
Aaron Riffel@33@11@Y@Aaron Riffel        @P       @6'0  @190  @El Dorado, KS                           @
Dylan Rouco @34@17@Y@Dylan Rouco         @1B      @6'2  @185  @Broomfield, CO                          @
Tanner Swish@35@11@Y@Tanner Swisher      @P       @5'11 @210  @Lee's Summit, MO                        @
Zach Yarberr@36@08@Y@Zach Yarberry       @P       @6'0  @165  @190                                     @
Dylan Riley @45@08@Y@Dylan Riley         @P       @6'0  @195  @Holden, MO                              @
JW McGraw   @47@08@Y@JW McGraw           @P       @6'2  @185  @Odessa, MO                              @
Ryan Frankli@50@08@Y@Ryan Franklin       @P       @5'11 @165  @O'Fallon, MO                            @
