Ethan Smith @1 @16@Y@Ethan Smith         @OF      @6'0  @175  @Kansas City, MO                         @
Marcus Gates@2 @08@Y@Marcus Gates        @IF      @5'9  @180  @Kansas City, MO                         @
Orencio Fish@3 @16@Y@Orencio Fisher      @IF      @5'10 @165  @Lee's Summit, MO                        @
Jake Baker  @4 @08@Y@Jake Baker          @C       @6'0  @180  @Kansas City, MO                         @
Andrew Stand@5 @17@Y@Andrew Standifer    @OF/IF   @6'2  @190  @Independence, MO                        @
Ryan Stevens@6 @08@Y@Ryan Stevens        @RHP/OF  @5'10 @185  @Springfield, MO                         @
Nate Winfrey@9 @08@Y@Nate Winfrey        @IF      @6'3  @210  @Kansas City, MO                         @
Landon Snyde@10@16@Y@Landon Snyder       @RHP     @6'1  @190  @Ozark, MO                               @
Austin Kochs@12@08@Y@Austin Kochsmeier   @C/OF    @6'1  @195  @Kansas City, KS                         @
Nick Hertzog@14@08@Y@Nick Hertzog        @IF/C    @5'9  @175  @Liberty, MO                             @
Dan Leible  @15@17@Y@Dan Leible          @RHP     @6'0  @175  @Manchester, MO                          @
Brendan Feld@16@16@Y@Brendan Feldmann    @RHP     @6'3  @215  @Washington, MO                          @
Brad Boegel @17@16@Y@Brad Boegel         @RHP     @6'4  @215  @Adell, WI                               @
John Osborne@18@17@Y@John Osborne        @RHP     @6'3  @210  @Columbia, MO                            @
Garrin Haile@19@16@Y@Garrin Haile        @OF/IF   @5'9  @180  @La Mirada, CA                           @
Trenton Hill@20@19@Y@Trenton Hill        @IF/OF/LH@6'4  @210  @Bentonville, AR                         @
Zack Riley  @21@16@Y@Zack Riley          @RHP     @6'3  @200  @Kansas City, MO                         @
Jaren Kutzke@22@11@Y@Jaren Kutzke        @LHP/OF  @6'5  @215  @Topeka, KS                              @
Ozzie Rodrig@24@16@Y@Ozzie Rodriguez     @C/IF    @6'0  @180  @Chandler, AZ                            @
Conner Arcob@26@08@Y@Conner Arcobasso    @OF/IF   @6'0  @190  @Jefferson City, MO                      @
Bryce Bentle@27@16@Y@Bryce Bentley       @RHP     @6'3  @190  @Kansas City, MO                         @
Nick Andre  @28@16@Y@Nick Andre          @RHP     @6'2  @215  @St. Petersburg, FL                      @
Justin Given@29@08@Y@Justin Givens       @RHP     @6'8  @240  @Lee's Summit, MO                        @
Ramsey Scott@30@09@Y@Ramsey Scott        @IF/OF   @6'5  @230  @Cape Girardeau, MO                      @
Conner Matso@31@08@Y@Conner Matson       @RHP     @6'1  @185  @Oak Grove, MO                           @
Marcus Brown@32@16@Y@Marcus Brown        @OF      @5'11 @195  @Blue Springs, MO                        @
Dylan Koehle@34@16@Y@Dylan Koehler       @IF      @5'11 @190  @St. Louis, MO                           @
Jake VanVact@35@11@Y@Jake VanVacter      @LHP     @6'0  @175  @Kansas City, MO                         @
Kevin Smith @36@08@Y@Kevin Smith         @C       @5'11 @180  @Excelsior Springs, MO                   @
Will Mahnken@44@08@Y@Will Mahnken        @RHP/IF  @6'2  @230  @Kansas City, MO                         @
Steven D'Ami@47@08@Y@Steven D'Amico      @RHP     @6'1  @195  @Overland Park, KS                       @
