Trevor Podse@1 @16@Y@Trevor Podsednik    @INF     @6-0  @160  @Colleyville, TX                         @
Matt Campbel@2 @16@Y@Matt Campbell       @INF     @6-0  @170  @Chesapeake, VA                          @
Zach Valenzu@3 @16@Y@Zach Valenzuela     @INF     @5-7  @170  @Victoria, TX                            @
Sidney Daley@4 @08@Y@Sidney Daley        @OF      @6-4  @175  @Hurst, TX                               @
J.T. Stevens@5 @00@Y@J.T. Stevenson      @        @     @     @                                        @
Max Hogan   @6 @17@Y@Max Hogan           @INF/OF  @5-11 @190  @Belton, TX                              @
Zach Suarez @7 @08@Y@Zach Suarez         @C/INF   @5-11 @180  @Austin, TX                              @
Jonathan Tau@8 @08@Y@Jonathan Tauzin     @C       @5-11 @13   @Sugar Land, TX                          @
Stacy Heinat@9 @08@Y@Stacy Heinatz       @INF     @5-10 @175  @Marble Falls, TX                        @
Evan William@10@16@Y@Evan Williams       @OF      @6-0  @170  @McKinney, TX                            @
Miles Mannin@11@16@Y@Miles Manning       @INF/RHP @5-10 @170  @Victoria, TX                            @
Eric Johnson@12@08@Y@Eric Johnson        @Of      @5-11 @170  @Sugar Land, TX                          @
Zach Gonzale@13@16@Y@Zach Gonzalez       @OF      @6-1  @205  @Red Oak, TX                             @
Andrew Sanch@14@16@Y@Andrew Sanchez      @RHP     @6-10 @170  @Houston, TX                             @
Enrique Oque@15@16@Y@Enrique Oquendo     @RHP     @6-2  @195  @Euless, TX                              @
Mason George@16@08@Y@Mason George        @C       @5-9  @190  @China Spring, TX                        @
Tyler Watson@17@00@Y@Tyler Watson        @        @     @     @                                        @
Will Jenkins@18@08@Y@Will Jenkins        @1B      @6-4  @175  @Grapevine, TX                           @
Zachary Korn@20@08@Y@Zachary Kornely     @RHP     @6-3  @185  @Grapevine, TX                           @
Lorenzo Lync@21@08@Y@Lorenzo Lynch       @INF     @6-3  @220  @Cedar Hill, TX                          @
Sterling Wyn@22@19@Y@Sterling Wynn       @LHP     @6-2  @192  @China Spring, TX                        @
Andrew Rhode@23@17@Y@Andrew Rhodes       @OF      @6-2  @185  @Cypress, TX                             @
Kody Hesseme@26@16@Y@Kody Hessemer       @RHP     @6-0  @165  @Tomball, TX                             @
Conner Camac@27@16@Y@Conner Camacho      @RHP     @6-1  @200  @Pilot Point, TX                         @
Braxton Holl@28@08@Y@Braxton Hollensead  @INF     @6-0  @170  @League City, TX                         @
Matt Mundkow@30@16@Y@Matt Mundkowsky     @RHP     @6-2  @205  @Tomball, TX                             @
Garrett Wall@31@19@Y@Garrett Wallace     @OF      @6-3  @215  @McKinney, TX                            @
Garrison Wil@32@08@Y@Garrison Williams   @RHP     @6-3  @195  @Grapevine, TX                           @
Dalton Rodri@35@16@Y@Dalton Rodriguez    @C       @6-0  @215  @Bay City, TX                            @
Cole Ridgely@36@08@Y@Cole Ridgely        @RHP     @5-8  @135  @Marble Falls, TX                        @
Patrick Herb@37@16@Y@Patrick Herbelin    @RHP     @6-0  @170  @Hewitt, TX                              @
Caleb Doughe@38@08@Y@Caleb Dougherty     @RHP     @6-3  @185  @Keller, TX                              @
Patrick Phil@40@08@Y@Patrick Phillips    @RHP     @6-7  @235  @Tuckahoe, VA                            @
Nathan Bertn@41@11@Y@Nathan Bertness     @LHP     @6-4  @170  @Sugar Land, TX                          @
Zach Johnson@42@08@Y@Zach Johnson        @1B      @6-3  @220  @Austin, TX                              @
Greg Maisto @43@11@Y@Greg Maisto         @        @     @     @                                        @
Tanner Frits@44@08@Y@Tanner Fritsch      @INF/OF  @6-2  @185  @LaGrange, TX                            @
