Keaton Smith@1 @08@Y@Keaton Smith        @IF      @6'0  @165  @Meridian MS                             @
Bryant Johns@2 @08@Y@Bryant Johnston     @RHP     @5'10 @155  @Gulfport MS                             @
Brooks Balis@3 @16@Y@Brooks Balisterri   @IF      @6'0  @175  @Benton AR                               @
Andrew Crook@5 @16@Y@Andrew Crook        @RHP/OF  @6'0  @180  @Springdale AR                           @
Dustin Smith@7 @08@Y@Dustin Smith        @RHP/IF  @6'2  @190  @Richland MS                             @
Michael Druh@8 @08@Y@Michael Druhan      @RHP/OF  @6'2  @210  @Collierville TN                         @
Ben Gann    @9 @16@Y@Ben Gann            @IF      @6'0  @195  @Birmingham AL                           @
Paul Angel  @11@17@Y@Paul Angel          @OF      @6'0  @200  @Birmingham AL                           @
Mac Seibert @12@16@Y@Mac Seibert         @IF      @6'0  @205  @Cantonment FL                           @
Jake Smith  @13@08@Y@Jake Smith          @RHP     @6'4  @200  @Soso MS                                 @
Kellon Hibba@14@16@Y@Kellon Hibbard      @RHP     @6'0  @180  @Collierville TN                         @
Grant Hill  @15@16@Y@Grant Hill          @OF      @5'11 @180  @Collinsville MS                         @
Chance McDon@18@08@Y@Chance McDonald     @RHP/OF  @6'2  @205  @Meridian MS                             @
Jeremy Knigh@19@08@Y@Jeremy Knight       @RHP     @6'0  @180  @Pascagoula MS                           @
Scott Votaw @21@08@Y@Scott Votaw         @IF      @6'3  @220  @New Hebron MS                           @
Jonathan Por@22@08@Y@Jonathan Porter     @RHP     @6'1  @190  @Meridian MS                             @
Garrett LaRo@24@16@Y@Garrett LaRousa     @C       @6'1  @200  @Long Beach MS                           @
Jared Savell@26@08@Y@Jared Savell        @C       @5'10 @190  @Terry MS                                @
Chandler Bla@27@08@Y@Chandler Blakeney   @RHP     @6'0  @180  @Stringer MS                             @
Goose Yates @28@08@Y@Goose Yates         @RHP/IF  @6'2  @205  @Gulfport MS                             @
Dalton Thoma@32@08@Y@Dalton Thomas       @IF      @6'3  @235  @Grenada MS                              @
Kevin Hall  @33@16@Y@Kevin Hall          @C/OF    @6'3  @210  @Collerville TN                          @
Josh Curtis @34@08@Y@Josh Curtis         @RHP     @6'1  @200  @Shannon MS                              @
Baylor Obert@35@08@Y@Baylor Obert        @RHP/OF  @6'1  @190  @Jackson MS                              @
