Dom Flemming@1 @16@Y@Dom Flemming        @INF/P   @5'6" @165  @Plymouth, MN                            @
Tony Lopez  @2 @08@Y@Tony Lopez          @INF/P   @5'5" @155  @Rio Rico, AZ                            @
Colt Trebesc@3 @16@Y@Colt Trebesch       @U/P     @5'10"@165  @Glencoe, MN                             @
Sergio Valen@4 @08@Y@Sergio Valenzuela   @U       @5'9" @135  @Rio Rico, AZ                            @
Zach Parfitt@5 @08@Y@Zach Parfitt        @OF/P    @5'11"@170  @New Richmond, WI                        @
Ryan Manick @6 @16@Y@Ryan Manick         @P       @5'9" @200  @Cook, MN                                @
Aaron Oslin @7 @19@Y@Aaron Oslin         @P       @6'2" @180  @Mora, MN                                @
Spencer Salo@8 @16@Y@Spencer Salo        @P       @6'2" @200  @Cherry, MN                              @
Tim Scott   @9 @16@Y@Tim Scott           @OF/P    @6'1" @190  @Macon, GA                               @
Jacob Bruner@10@08@Y@Jacob Bruner        @INF/P   @6'0" @185  @Coon Rapids, MN                         @
Martin Alcov@11@08@Y@Martin Alcoverde    @P/INF   @5'11"@165  @Nogales, AZ                             @
Henry Hellma@12@09@Y@Henry Hellmann      @UTL     @5'9" @155  @Deer River, MN                          @
Luis Victori@13@16@Y@Luis Victoria       @INF/C   @5'0" @175  @Santo Domingo. D.R.                     @
Michael Adle@14@08@Y@Michael Adler       @P       @5'9" @155  @Anaheim, CA                             @
Tyler Hallas@15@09@Y@Tyler Hallas        @OF      @5'7" @155  @Chateauguay, Quebec                     @
Shiquing San@16@12@Y@Shiquing Santana    @INF     @5'9" @150  @St. Thomas, V.I.                        @
Ryan Fontela@17@08@Y@Ryan Fontela        @OF      @5'11"@160  @Virginia, MN                            @
Lance Latval@18@08@Y@Lance Latvala       @U/P     @6'0" @175  @Deer River, MN                          @
Ben O'Neill @24@11@Y@Ben O'Neill         @P       @5'9" @180  @Vaudreuil-Dorion, Quebec                @
Cody Kurta  @33@16@Y@Cody Kurta          @INF     @6'0" @230  @Ironwood, MI                            @
Daniel Trejo@44@09@Y@Daniel Trejo        @C/P     @6'1" @240  @Sahuarita, AZ                           @
