Matt Bouthil@2 @00@Y@Matt Bouthilette    @        @     @     @                                        @
Brandon Sheh@3 @00@Y@Brandon Sheh        @        @     @     @                                        @
William Olse@4 @00@Y@William Olsen       @        @     @     @                                        @
Yonjery Pere@5 @00@Y@Yonjery Perez       @        @     @     @                                        @
Dan Kacsmar @6 @00@Y@Dan Kacsmar         @        @     @     @                                        @
Sean Villega@7 @00@Y@Sean Villegas       @        @     @     @                                        @
Kevin Aita  @8 @00@Y@Kevin Aita          @        @     @     @                                        @
Eric Pacanks@9 @00@Y@Eric Pacanksy       @        @     @     @                                        @
Vincent Gamb@11@00@Y@Vincent Gambardella @        @     @     @                                        @
Kevin Bock  @12@00@Y@Kevin Bock          @        @     @     @                                        @
Kevin Pacans@13@00@Y@Kevin Pacansky      @        @     @     @                                        @
Michael Kaef@14@00@Y@Michael Kaefer      @        @     @     @                                        @
Vinny Enea  @15@00@Y@Vinny Enea          @        @     @     @                                        @
Juan Napoles@16@00@Y@Juan Napoles        @        @     @     @                                        @
Patrick Doug@17@00@Y@Patrick Dougherty   @        @     @     @                                        @
Marc Ramirez@19@00@Y@Marc Ramirez        @        @     @     @                                        @
Frank Gaydos@20@00@Y@Frank Gaydos        @        @     @     @                                        @
Ramon Diaz  @21@00@Y@Ramon Diaz          @        @     @     @                                        @
Joseph Smith@22@00@Y@Joseph Smith        @        @     @     @                                        @
Matthew Leva@23@00@Y@Matthew Levan       @        @     @     @                                        @
David Matta @24@00@Y@David Matta         @        @     @     @                                        @
Dean Roventi@25@00@Y@Dean Roventini      @        @     @     @                                        @
Randy Morla @27@00@Y@Randy Morla         @        @     @     @                                        @
Scott Griffi@28@00@Y@Scott Griffin       @        @     @     @                                        @
Andrew Hevia@30@00@Y@Andrew Hevia        @        @     @     @                                        @
Matthew Rama@32@00@Y@Matthew Ramandi     @        @     @     @                                        @
Matthew Mart@35@00@Y@Matthew Martinson   @        @     @     @                                        @
Rob Fliegelm@40@00@Y@Rob Fliegelman      @        @     @     @                                        @
Thomas Post @41@00@Y@Thomas Post         @        @     @     @                                        @
Felix Santan@42@00@Y@Felix Santana       @        @     @     @                                        @
Steve Sepa  @44@00@Y@Steve Sepa          @        @     @     @                                        @
