Corey Huskey@1 @17@Y@Corey Huskey        @2B      @     @     @St. Louis, MO                           @
Cole Kaiser @2 @17@Y@Cole Kaiser         @OF      @     @     @Ontario, Canada                         @
Jalen Miller@3 @16@Y@Jalen Miller        @RHP     @     @     @Louisville, KY                          @
Jake Cowan  @4 @08@Y@Jake Cowan          @OF      @     @     @Columbia, MO                            @
Tanner Ward @7 @17@Y@Tanner Ward         @1B      @     @     @Fredericktown, MO                       @
Joey Johnson@8 @08@Y@Joey Johnson        @RHP     @     @     @Blythville, AR                          @
Brad Cuyos  @9 @16@Y@Brad Cuyos          @C       @     @     @Pearland, TX                            @
Trevor Huth @10@08@Y@Trevor Huth         @RHP     @     @     @Booneville, MO                          @
Logan Bradle@11@16@Y@Logan Bradley       @3B/1B   @     @     @Farmington, MO                          @
Brian Koppei@12@16@Y@Brian Koppeis       @3B      @     @     @Farmington, MO                          @
Connor Davau@13@16@Y@Connor Davault      @C       @     @     @Farmington, MO                          @
Colby Brown @15@16@Y@Colby Brown         @RHP     @     @     @Perryville, MO                          @
Charlie Palm@16@08@Y@Charlie Palmer      @OF      @     @     @South Haven, MS                         @
Hunter Leepe@17@16@Y@Hunter Leeper       @SS      @     @     @Mokane, MO                              @
Kyle Porter @20@08@Y@Kyle Porter         @RHP/OF  @     @     @Porter, TX                              @
Mauricio Jun@21@16@Y@Mauricio Junco      @RHP/C   @     @     @Houston, TX                             @
Christian Mo@23@08@Y@Christian Montes    @OF      @     @     @Houston, TX                             @
Klayton Loug@24@08@Y@Klayton Loughary    @C       @     @     @Bismark, MO                             @
Cody Heisser@25@16@Y@Cody Heisserer      @1B/RHP  @     @     @Cape Girardeau, MO                      @
Cory Lubinsk@26@12@Y@Cory Lubinski       @MIF     @     @     @St. Louis, MO                           @
Jordan Savag@27@08@Y@Jordan Savage       @RHP/C   @     @     @Washburn, MO                            @
Jake Triulzi@28@19@Y@Jake Triulzi        @LHP     @     @     @St. Louis, MO                           @
Andrew Suite@29@08@Y@Andrew Suiter       @RHP     @     @     @Ste. Genevieve, MO                      @
Justin Murph@30@08@Y@Justin Murphy       @RHP     @     @     @Ausvasse, MO                            @
Dakota Glore@33@09@Y@Dakota Glore        @OF      @     @     @Potosi, MO                              @
Matt Szymcza@34@10@Y@Matt Szymczak       @LHP     @     @     @Spring, TX                              @
Jake Moore  @42@08@Y@Jake Moore          @RHP/UT  @     @     @Hillsboro, MO                           @
Tyler Thomps@44@16@Y@Tyler Thompson      @RHP     @     @     @Union, MO                               @
