Eric Koob   @2 @16@Y@Eric Koob           @2B      @     @     @Worthingont                             @
Eric Jass   @3 @11@Y@Eric Jass           @OF/C    @     @     @Heron Lake                              @
Trent Carlso@4 @16@Y@Trent Carlson       @C/IF/P  @     @     @Slayton                                 @
Justin Jass @5 @08@Y@Justin Jass         @OF      @     @     @Heron Lake                              @
Brett Larson@7 @16@Y@Brett Larson        @IF/C    @     @     @Jackson                                 @
Mark Ferguso@11@16@Y@Mark Ferguson       @IF      @     @     @Jackson                                 @
Dustin Pronk@12@16@Y@Dustin Pronk        @IF/P    @     @     @Jackson                                 @
Evan Koch   @16@08@Y@Evan Koch           @IF/P    @     @     @Cedar Rapids                            @
Mic Holinka @17@16@Y@Mic Holinka         @OF      @     @     @Fulda                                   @
Rylan Scholt@18@08@Y@Rylan Scholtes      @IF      @     @     @Worthington                             @
Taylor Lupto@19@16@Y@Taylor Lupton       @OF      @     @     @Sioux Falls                             @
Clark Hein  @20@08@Y@Clark Hein          @IF/P    @     @     @Fulda                                   @
Tristan Sore@21@08@Y@Tristan Sorenson    @IF/P    @     @     @Worthington                             @
Derek Buysse@22@08@Y@Derek Buysse        @IF/OF   @     @     @Marshall                                @
