Ivan Morales@1 @08@Y@Ivan Morales        @2B      @5'6" @160  @Chicago                                 @
Angelo Gabin@2 @08@Y@Angelo Gabino       @INF     @5'7" @160  @North Riverside                         @
Anthony Rizq@3 @16@Y@Anthony Rizquez     @INF     @6'0" @175  @Canada                                  @
Jhony Salaza@4 @08@Y@Jhony Salazar       @SS / 2B @5'8" @150  @Chicago                                 @
Chris Wido  @5 @16@Y@Chris Wido          @C       @6'2" @180  @St. Charles                             @
Elias McMaho@6 @08@Y@Elias McMahon       @CF / P  @5'11"@160  @Berwyn                                  @
Moises Diaz @7 @08@Y@Moises Diaz         @2B / SS @5'8" @175  @Chicago                                 @
Lorenzo Agua@8 @11@Y@Lorenzo Aguayo      @P       @5'10"@170  @Chicago                                 @
Michael Podg@9 @08@Y@Michael Podgorny    @P       @5'11"@165  @Chicago                                 @
Luis Brizuel@10@08@Y@Luis Brizuela       @INF     @6'0" @160  @Chicago                                 @
Armando Sale@11@08@Y@Armando Saleh       @INF     @5'7" @160  @Cicero                                  @
Giovannni Go@12@16@Y@Giovannni Goycochea @P       @5'7" @160  @Cicero                                  @
Joseph Priet@13@08@Y@Joseph Prieto       @P       @5'8" @160  @Cicero                                  @
Angel Munoz @14@08@Y@Angel Munoz         @2B      @5'5" @160  @Cicero                                  @
Alexander Ro@15@11@Y@Alexander Rodriguez @OF / 1B @6'0" @180  @Chicago                                 @
Dalvin Ramos@16@08@Y@Dalvin Ramos        @CF      @5'10"@150  @Chicago                                 @
Mark Navarro@17@08@Y@Mark Navarro        @P       @5'9" @145  @Chicago                                 @
Christian Ma@18@16@Y@Christian Martinez  @1B / P  @6'2" @215  @Beach Park                              @
Marco D'Ange@19@08@Y@Marco D'Angelo      @OF / 1B @6'3" @195  @Cicero                                  @
Hector Aguir@20@08@Y@Hector Aguirre      @P       @6'0" @180  @Cicero                                  @
Eddie Ortega@21@16@Y@Eddie Ortega        @3B / P  @6'1" @180  @Berwyn                                  @
Steven Slowi@22@16@Y@Steven Slowik       @3B / C  @6'2" @200  @Lyons                                   @
Mario Rivera@23@08@Y@Mario Rivera        @C       @5'8" @170  @Chicago                                 @
Michael Tosa@24@08@Y@Michael Tosado      @UTL     @6'1" @200  @Chicago                                 @
Jospeh Janoc@25@16@Y@Jospeh Janociak     @1B / P  @6'1" @215  @Chicago                                 @
Steve Kuta  @26@11@Y@Steve Kuta          @P       @5'8" @170  @Berwyn                                  @
Wilfredo Agu@27@08@Y@Wilfredo Aguilera   @P / 1B  @6'1" @200  @Chicago                                 @
Geovanni Dua@28@08@Y@Geovanni Duarte Vall@UTL     @5'9" @155  @Puerto Rico                             @
Marcus Mason@29@08@Y@Marcus Mason        @P       @5'8" @180  @Chicago                                 @
Joseph Zeped@30@08@Y@Joseph Zepeda       @P       @5'10"@180  @Chicago                                 @
Stanley Trom@31@08@Y@Stanley Tromiczak   @OF      @5'7" @180  @Berwyn                                  @
Geovanny Riv@32@08@Y@Geovanny Rivera     @2B      @5'10"@180  @Berwyn                                  @
Alejandro Fl@33@08@Y@Alejandro Flores    @1B / P  @6'3" @200  @Bewyn                                   @
Melvin Gonza@34@08@Y@Melvin Gonzalez     @P       @6'2" @200  @Chicago                                 @
Eric Ramirez@35@16@Y@Eric Ramirez        @1B / 3B @6'0" @230  @Berwyn                                  @
