Zack Westber@1 @16@Y@Zack Westberry      @RHP     @     @     @Murfreesboro, TN                        @
Devon Dager @2 @08@Y@Devon Dager         @OF/INF  @     @     @                                        @
Darren White@4 @08@Y@Darren White        @C       @     @     @                                        @
Luke Toms   @5 @16@Y@Luke Toms           @SS      @     @     @Hagerstown, MD                          @
JC Daily    @6 @16@Y@JC Daily            @CF      @     @     @Hallsville, TX                          @
Nathan Hamme@7 @11@Y@Nathan Hammer       @LHP     @     @     @Winchester, TN                          @
Josh Hopkins@8 @16@Y@Josh Hopkins        @RHP     @     @     @Greenbrier, TN                          @
Clayton Pali@9 @18@Y@Clayton Palicki     @1B/LHP  @     @     @Huntsville, AL                          @
Hayden Pewit@10@16@Y@Hayden Pewitt       @C       @     @     @Martyville, TN                          @
Nick Chamber@11@08@Y@Nick Chambers       @OF      @     @     @                                        @
Hayden Baile@12@08@Y@Hayden Bailey       @RHP     @     @     @                                        @
Chris Adams @13@19@Y@Chris Adams         @OF      @     @     @Huntsville, AL                          @
Cole Thiede @14@09@Y@Cole Thiede         @OF/1B   @     @     @                                        @
Sean Davis  @17@16@Y@Sean Davis          @RHP     @     @     @Manchester, TN                          @
Peyton Phill@18@11@Y@Peyton Phillips     @LHP     @     @     @Tullahoma, TN                           @
Logan Conley@19@16@Y@Logan Conley        @INF     @     @     @                                        @
Patrick Pote@20@08@Y@Patrick Poteet      @INF     @     @     @Maryville, TN                           @
Elliott Bush@21@19@Y@Elliott Bush        @LHP     @     @     @Fayetteville, TN                        @
Matt Sharp  @22@08@Y@Matt Sharp          @RHP     @     @     @                                        @
Ben Holland @24@16@Y@Ben Holland         @INF     @     @     @Murfreesboro, TN                        @
Cody Blackbu@25@08@Y@Cody Blackburn      @INF/C   @     @     @                                        @
