Brance Kahle@1 @16@Y@Brance Kahle        @IF      @     @     @Grapevine, TX                           @
Hunter Steph@2 @11@Y@Hunter Stephens     @OF/P    @     @     @Durant, OK                              @
Colt Pickens@3 @20@Y@Colt Pickens        @IF      @     @     @Yukon, OK                               @
Daniel Arthu@5 @16@Y@Daniel Arthur       @C       @     @     @Tulsa, OK                               @
Austin Stewa@6 @17@Y@Austin Stewart      @OF      @     @     @Rockwall, TX                            @
John Watson @7 @16@Y@John Watson         @P       @     @     @Shawnee, OK                             @
Bradley Horn@8 @16@Y@Bradley Horn        @P       @     @     @Rowlett, TX                             @
Blake Campo @9 @16@Y@Blake Campo         @OF      @     @     @Ardmore, OK                             @
James Bowker@10@08@Y@James Bowker        @OF/P    @     @     @Ardmore, OK                             @
Sean Rodarte@11@08@Y@Sean Rodarte        @OF      @     @     @Midlothian, TX                          @
Hunter Meyn @13@16@Y@Hunter Meyn         @OF      @     @     @Yukon, OK                               @
Chase Watt  @14@12@Y@Chase Watt          @IF      @     @     @Lee's Summit, MO                        @
Austin Hagy @15@08@Y@Austin Hagy         @P       @     @     @Wichita Falls, TX                       @
Lane Paul   @16@08@Y@Lane Paul           @C/1B    @     @     @Tuttle, OK                              @
Aaron Varden@17@11@Y@Aaron Varden        @P       @     @     @Prosper, TX                             @
BW Savage   @20@16@Y@BW Savage           @OF      @     @     @Madill, OK                              @
Hunter Raley@21@19@Y@Hunter Raley        @P       @     @     @Plano, TX                               @
Hunter Hanso@22@12@Y@Hunter Hanson       @IF      @     @     @Yakima, WA                              @
John Hayes  @23@16@Y@John Hayes          @P       @     @     @Pottsboro, TX                           @
Brandon Grim@24@19@Y@Brandon Grimsley    @OF      @     @     @McAlester,OK                            @
Trenton Dupr@25@11@Y@Trenton Dupre       @P/OF    @     @     @Yakima, WA                              @
Kyle Baker  @26@11@Y@Kyle Baker          @OF      @     @     @Tulsa, OK                               @
Ruben Ramos @27@08@Y@Ruben Ramos         @OF      @     @     @Durant, OK                              @
Jake Hooper @28@16@Y@Jake Hooper         @IF      @     @     @Norman, OK                              @
Trevor Inman@29@11@Y@Trevor Inman        @OF      @     @     @Coppell, TX                             @
Michael Brin@30@08@Y@Michael Brinska     @P       @     @     @Edmond, OK                              @
Jordan Scott@31@08@Y@Jordan Scott        @P       @     @     @Roff, OK                                @
Chase Crites@32@16@Y@Chase Crites        @IF      @     @     @Caney, OK                               @
Connor Counc@34@16@Y@Connor Counce       @IF      @     @     @Denison, TX                             @
Kenen Wining@35@08@Y@Kenen Wininger      @C       @     @     @Iowa Park, TX                           @
Caleb McDona@36@08@Y@Caleb McDonald      @IF      @     @     @Kingston, OK                            @
Brian Greism@41@16@Y@Brian Greisman      @P       @     @     @Ardmore, OK                             @
Jake Patters@42@08@Y@Jake Patterson      @P       @     @     @Kingston, OK                            @
Daulton Dugg@44@08@Y@Daulton Dugger      @P/OF    @     @     @Coppell, TX                             @
Walker Hines@45@11@Y@Walker Hines        @1B      @     @     @Leedey, OK                              @
