Tyler Suther@2 @11@Y@Tyler Sutherland    @        @     @     @                                        @
Connor Goede@3 @16@Y@Connor Goedert      @        @     @     @                                        @
Justin Warne@4 @16@Y@Justin Warne        @        @     @     @                                        @
Spencer Ibar@5 @09@Y@Spencer Ibarra      @        @     @     @                                        @
Brady Childs@6 @08@Y@Brady Childs        @        @     @     @                                        @
Brett Kendig@7 @08@Y@Brett Kendig        @        @     @     @                                        @
Colby Smith @8 @16@Y@Colby Smith         @        @     @     @                                        @
Dylan Christ@9 @17@Y@Dylan Christie      @        @     @     @                                        @
Colton Crock@10@16@Y@Colton Crocker      @        @     @     @                                        @
Andy Young  @11@16@Y@Andy Young          @        @     @     @                                        @
Jake Johnson@12@16@Y@Jake Johnson        @        @     @     @                                        @
Blake Gooden@13@08@Y@Blake Gooden        @        @     @     @                                        @
Nathan Whitc@14@08@Y@Nathan Whitcomb     @        @     @     @                                        @
Casey Quinla@15@11@Y@Casey Quinlan       @        @     @     @                                        @
Tucker Fox  @16@08@Y@Tucker Fox          @        @     @     @                                        @
Tony Lane   @17@08@Y@Tony Lane           @        @     @     @                                        @
Trever Burkd@18@08@Y@Trever Burkdoll     @        @     @     @                                        @
Connor Dawso@20@16@Y@Connor Dawson       @        @     @     @                                        @
Josh Willis @21@11@Y@Josh Willis         @        @     @     @                                        @
Craig Johnso@23@16@Y@Craig Johnson       @        @     @     @                                        @
Brandon Mart@25@11@Y@Brandon Martinkus   @        @     @     @                                        @
Shane Hummel@27@08@Y@Shane Hummel        @        @     @     @                                        @
Matt Slauter@30@08@Y@Matt Slauter        @        @     @     @                                        @
Adam Fritts @31@16@Y@Adam Fritts         @        @     @     @                                        @
Garrett Spea@32@11@Y@Garrett Spears      @        @     @     @                                        @
Cody Hutchin@37@16@Y@Cody Hutchinson     @        @     @     @                                        @
Jake Golden @42@08@Y@Jake Golden         @        @     @     @                                        @
Jared Hender@45@08@Y@Jared Henderson     @        @     @     @                                        @
