Tyler Almage@2 @17@Y@Tyler Almager       @RHP     @5'10 @180  @Eunice, NM                              @
Alexis Torre@3 @16@Y@Alexis Torrez       @OF      @6'2  @190  @Bronx, NY                               @
Lance Cullum@4 @16@Y@Lance Cullum        @RHP/INF @6'3  @185  @Denton, TX                              @
Clark Kahawa@5 @16@Y@Clark Kahawaii      @C       @5'10 @180  @Plano, TX                               @
Fernando Fer@6 @11@Y@Fernando Fernandez-B@LHP     @6'1  @190  @Montreal, QC                            @
Braden Marti@7 @16@Y@Braden Martin       @INF     @6'1  @180  @Andrews, TX                             @
Ernie Sandov@8 @16@Y@Ernie Sandoval      @RHP     @6'0  @200  @Albuquerque, NM                         @
Kholton Sanc@9 @16@Y@Kholton Sanchez     @C       @6'2  @180  @Farmington                              @
Jared Gaspar@10@19@Y@Jared Gaspard       @OF      @6'3  @190  @Freindswood, TX                         @
Colby Price @11@11@Y@Colby Price         @LHP     @6'4  @190  @Kountze, TX                             @
Dalton Bower@12@16@Y@Dalton Bowers       @INF     @5'9  @160  @Albuquerque, NM                         @
Isaac Lopez @13@08@Y@Isaac Lopez         @RHP     @6'0  @170  @Palmer, TX                              @
Trenton Rous@14@08@Y@Trenton Rousseau    @RHP     @6'1  @190  @Lake Jacksion, TX                       @
Grant Phifer@15@08@Y@Grant Phifer        @RHP     @6'3  @220  @Amarillo, TX                            @
Mark Simon  @16@08@Y@Mark Simon          @RHP     @6'0  @190  @Houston, TX                             @
Xaiver Tremb@17@08@Y@Xaiver Tremblay     @RHP     @6'3  @200  @Jonquiere, QC                           @
Preston Mars@18@16@Y@Preston Marsh       @INF     @6'1  @210  @Seabrook, TX                            @
Jose Torrez @19@08@Y@Jose Torrez De Jesus@INF     @6'1  @170  @Yabucoa, PR                             @
Jacy Cave   @20@08@Y@Jacy Cave           @INF     @6'3  @170  @Farmington, NM                          @
AJ Perez    @21@17@Y@AJ Perez            @OF      @5'9  @180  @Alice, TX                               @
Austin Botel@22@11@Y@Austin Botello      @OF      @5'9  @180  @Galveston, TX                           @
Brett Worthe@23@08@Y@Brett Worthen       @RHP     @5'10 @150  @Albuquerque, NM                         @
Will Bass   @24@09@Y@Will Bass           @INF     @5'10 @170  @Plainview, TX                           @
Zak Felix   @25@09@Y@Zak Felix           @INF     @5'8  @170  @Rio Rancho, NM                          @
Luke Papnico@26@16@Y@Luke Papnicoulau    @RHP     @6'2  @210  @Melborne, AST                           @
Branden Grie@27@08@Y@Branden Grieger     @INF     @6'0  @160  @Simi Vally, CA                          @
JP Rousseau @32@08@Y@JP Rousseau         @C       @5'11 @195  @Montreal, QC                            @
Treance Bare@33@08@Y@Treance Barela      @OF      @6'0  @210  @Albuquerque, NM                         @
Adalberto So@34@16@Y@Adalberto Soto Villa@RHP     @6'2  @260  @Tucson, AZ                              @
Lane Hobbs  @42@08@Y@Lane Hobbs          @RHP     @6'4  @215  @Thrall, TX                              @
Jerrott Gray@55@11@Y@Jerrott Gray        @LHP     @6'2  @250  @Temecula, CA                            @
