T.J. Jacobs @1 @08@Y@T.J. Jacobs         @INF     @6'0  @169  @Billings, MT                            @
Alec Cain   @2 @16@Y@Alec Cain           @2B      @5'9  @170  @Aurora, CO                              @
Ruben Lerma @3 @16@Y@Ruben Lerma         @CF      @5'11 @170  @Tucson, AZ                              @
Zach Henders@4 @16@Y@Zach Henderson      @OF      @5'11 @165  @Tucson, AZ                              @
Chris Foster@5 @08@Y@Chris Foster        @C       @5'5  @160  @Rio Rancho, NM                          @
Angel Peguer@6 @19@Y@Angel Peguero       @OF      @5'8  @165  @North Bergen, NJ                        @
Brad Blackwe@7 @12@Y@Brad Blackwell      @SS      @5'9  @170  @Roswell, NM                             @
Jake Todd   @8 @16@Y@Jake Todd           @INF     @5'11 @185  @Albuquerque, NM                         @
Kyle Goldfar@9 @19@Y@Kyle Goldfarb       @LHP     @6'1  @180  @Albuquerque, NM                         @
Isaac Parra @10@08@Y@Isaac Parra         @RHP     @5'11 @195  @Los Lunas, NM                           @
Correy Davis@11@18@Y@Correy Davis        @1B      @6'2  @200  @Troup, TX                               @
Dillon McTag@14@11@Y@Dillon McTague      @LHP     @6'2  @195  @Westminster, CO                         @
Austin Allme@15@16@Y@Austin Allmendinger @RHP     @6'2  @190  @Highland Village, TX                    @
Ruger Rodrig@16@08@Y@Ruger Rodriguez     @RHP     @6'2  @184  @Los Lunas, NM                           @
Pedro Bacame@17@16@Y@Pedro Bacame        @RHP     @6'4  @185  @Tucson, AZ                              @
Ragan Cole  @18@08@Y@Ragan Cole          @RHP     @6'0  @225  @Alamogordo, NM                          @
George Navad@19@08@Y@George Navadel      @RHP     @6'2  @170  @El Paso, TX                             @
Justin Jewel@20@19@Y@Justin Jewell       @LHP     @5'10 @190  @Woodlawn, TN                            @
Jeremy Morte@21@11@Y@Jeremy Mortensen    @LHP     @6'0  @190  @Coppell, TX                             @
Ciji Ramos  @22@16@Y@Ciji Ramos          @RHP     @6'2  @190  @Albuquerque, NM                         @
Austin Grier@23@16@Y@Austin Grier        @OF      @5'9  @180  @Albuquerque, NM                         @
Jaylen Fuent@24@12@Y@Jaylen Fuentes      @2B      @5'10 @170  @Artesia, NM                             @
Devin Hubbar@25@10@Y@Devin Hubbard       @LHP     @6'0  @140  @Roswell, NM                             @
Caleb Mitche@26@16@Y@Caleb Mitchell      @C       @5'11 @165  @White House, TN                         @
John Giove  @28@16@Y@John Giove          @RHP     @5'9  @190  @Queen Creek, AZ                         @
Michael Shaw@29@08@Y@Michael Shaw        @RHP     @6'2  @189  @Thousand Oaks, CA                       @
Joe Galindo @30@08@Y@Joe Galindo         @C       @6'3  @215  @El Paso, TX                             @
David Herrer@31@19@Y@David Herrera       @LHP     @5'9  @165  @Roswell, NM                             @
Zach Habarka@32@16@Y@Zach Habarka        @OF      @6'1  @170  @N. Little Rock, AR                      @
Jacob Gomez @33@16@Y@Jacob Gomez         @RHP     @6'3  @245  @Las Cruces, NM                          @
Cody Reynold@34@08@Y@Cody Reynolds       @INF     @6'1  @216  @Los Lunas, NM                           @
Justice Bold@36@16@Y@Justice Boldin      @RHP     @6'3  @190  @Page, AZ                                @
Caelin Wilco@37@08@Y@Caelin Wilcox       @INF     @6'0  @166  @Rio Rancho, NM                          @
Dominic Marq@38@08@Y@Dominic Marquez     @2B      @5'9  @160  @Albuquerque, NM                         @
Donovan Oros@39@08@Y@Donovan Orosco      @OF      @5'10 @190  @Artesia, NM                             @
Matt Garley @40@08@Y@Matt Garley         @RHP     @6'0  @192  @Albuquerque, NM                         @
Bryson Campb@41@08@Y@Bryson Campbell     @INF     @6'0  @180  @Garden Valley, CA                       @
Kendrick San@42@08@Y@Kendrick Sanchez    @RHP     @6'0  @200  @Albuquerque, NM                         @
Patrick Moyl@43@08@Y@Patrick Moyle       @OF      @6'1  @155  @Marana, AZ                              @
Stephen Rich@44@11@Y@Stephen Richy       @LHP     @6'0  @175  @Golden, CO                              @
