Dominic Morr@1 @08@Y@Dominic Morris      @IF      @5'10"@170  @Pulaski, VA                             @
Dylan Roller@2 @16@Y@Dylan Roller        @2B      @5'10"@160  @Smithville, TN                          @
Justin Wisem@6 @08@Y@Justin Wiseman      @1B/P    @6'0" @200  @Johnson City, TN                        @
Leslie Hurle@7 @08@Y@Leslie Hurley       @OF/1B/P @6'2" @175  @Johnson City, TN                        @
Zach Huber  @8 @16@Y@Zach Huber          @OF/P    @6'2" @175  @Prince George, VA                       @
Nicolas Cull@9 @08@Y@Nicolas Cullop      @OF      @5'10"@130  @Blackstone, VA                          @
Derek Persin@11@08@Y@Derek Persinger     @3B/P    @5'10"@145  @New Castle, VA                          @
Christian Wi@12@08@Y@Christian Williams  @P       @5'10"@150  @Tazewell, VA                            @
Joseph Lanha@15@11@Y@Joseph Lanham       @OF/P    @5'9" @165  @Ft. Bragg, NC                           @
Tyler Hoy   @16@08@Y@Tyler Hoy           @P       @5'10"@170  @Radford,VA                              @
Trevor Duddi@17@11@Y@Trevor Dudding      @P/1B    @5'9" @170  @Pembroke, va                            @
Will Andrews@18@16@Y@Will Andrews        @P       @6'1" @190  @Alexandria, VA                          @
Justin Bouti@20@17@Y@Justin Boutin       @OF/SS   @5'11"@145  @Alexandria, VA                          @
Jose Pichard@21@16@Y@Jose Pichardo       @C       @5'9" @185  @Lowell, MA                              @
Gregory Lill@22@14@Y@Gregory Lilly       @OF/P    @5'9" @180  @Denver, NC                              @
Cody Long   @23@11@Y@Cody Long           @P       @6'2  @185  @Pulaski,VA                              @
Brandon Huff@27@10@Y@Brandon Huff        @1B/P    @6'4" @215  @Pulaski, VA                             @
Chad Gens   @33@08@Y@Chad Gens           @IF/P    @6'3" @215  @Lowell, MA                              @
Jacob Doughe@34@16@Y@Jacob Dougherty     @C       @5'10"@175  @West Deptford, NJ                       @
