Cory Hale   @1 @09@Y@Cory Hale           @OF      @5'9" @155  @Haltom, TX                              @
Matt Goudie @2 @08@Y@Matt Goudie         @SS      @5'9" @160  @Frisco, TX                              @
George Geige@3 @16@Y@George Geiger       @2b      @5'10"@185  @Washington, D.C.                        @
Ben Green   @5 @08@Y@Ben Green           @C       @5'11"@195  @Pflugerville, TX                        @
Luke Waddell@6 @08@Y@Luke Waddell        @OF/INF  @6'1" @170  @The Colony, TX                          @
Easton Johns@7 @08@Y@Easton Johnson      @SS      @5'9" @150  @Austin, TX                              @
Cedrick Robe@9 @08@Y@Cedrick Robertson   @OF      @5'6" @150  @Pflugerville, TX                        @
jason Adams @11@08@Y@jason Adams         @RHP     @6'   @160  @Colleyville, TX                         @
Blake Brunne@12@08@Y@Blake Brunnemann    @RHP     @6'   @155  @New Braunfels, TX                       @
Jose Blanco @13@08@Y@Jose Blanco         @CF/3B   @5'11"@185  @Santo Domingo, D.R.                     @
Carson Lee  @14@08@Y@Carson Lee          @2B/OF   @5'10"@185  @Houston, TX                             @
Jacob Hudson@15@17@Y@Jacob Hudson        @RHP     @6'4" @215  @Abilene, TX                             @
Jacob Columb@16@08@Y@Jacob Columbo       @C       @5'9" @205  @Frisco, TX                              @
Omar Martine@17@08@Y@Omar Martinez       @C/3B    @5'10"@205  @Bridgeport, TX                          @
Bryce Helmca@18@08@Y@Bryce Helmcamp      @OF/1B   @6'2" @250  @Smithville, TX                          @
Ben Russell @19@19@Y@Ben Russell         @LHP     @6'2" @230  @Arlington, TX                           @
Jacob Morris@20@11@Y@Jacob Morrison      @LHP     @5'9" @170  @Forney, TX                              @
Marziel Rodr@21@08@Y@Marziel Rodriguez   @RHP     @5'11"@145  @Mission, TX                             @
Tyler Schmid@22@11@Y@Tyler Schmidt       @LHP     @6'6" @180  @Austin, TX                              @
Zack Wilburn@23@08@Y@Zack Wilburn        @1B      @6'2" @210  @Keller, TX                              @
Jordan Fishe@24@08@Y@Jordan Fisher       @RHP     @6'1" @195  @Maypearl, TX                            @
Dan Hawk    @25@08@Y@Dan Hawk            @RHP     @6'2" @185  @Frisco, TX                              @
Kirby Smith @26@09@Y@Kirby Smith         @1B      @5'11"@255  @Angus, Ontario                          @
Edwardo Nava@28@16@Y@Edwardo Nava        @RHP     @6"   @210  @Ft. Worth, TX                           @
Trevor Russe@30@16@Y@Trevor Russell      @3B/1B   @5'11"@220  @Ft. Worth, TX                           @
