Josh Baker  @1 @16@Y@Josh Baker          @P. OF   @     @     @Stockton, Mo                            @
Colbie Butch@4 @16@Y@Colbie Butcher      @OF      @     @     @Flippin, Ar                             @
Trey Rose   @5 @16@Y@Trey Rose           @OF      @     @     @                                        @
Cody Mills  @6 @08@Y@Cody Mills          @1B      @     @     @Mt. Grove, Mo                           @
Jared Dahl  @7 @08@Y@Jared Dahl          @UT      @     @     @                                        @
Jenner Jones@8 @08@Y@Jenner Jones        @3B      @     @     @Harrison, Ar                            @
Matthew Prin@9 @16@Y@Matthew Prinner     @SS      @     @     @Viola, Ar                               @
Anthony Noft@11@11@Y@Anthony Noftsger    @P       @     @     @Berryville, Ar                          @
Nathan Kane @13@08@Y@Nathan Kane         @2B, OF  @     @     @Harrison, Ar                            @
John Turney @14@16@Y@John Turney         @P       @     @     @Salem, Ar                               @
Branche McGr@16@09@Y@Branche McGriff     @2B      @     @     @                                        @
Gus Shields @18@08@Y@Gus Shields         @2B, SS  @     @     @Russellville, Ar                        @
Brent Bunker@20@16@Y@Brent Bunker        @C, RF   @     @     @Searcy, Ar                              @
Dakota Ornel@21@18@Y@Dakota Ornelas      @P       @     @     @Prairie Grove, Ar                       @
Donnie Hoppe@22@08@Y@Donnie Hoppe        @3B      @     @     @Berryville, Ar                          @
Tony Hutchin@24@17@Y@Tony Hutchinson     @1B      @     @     @                                        @
Logan Prock @25@08@Y@Logan Prock         @OF      @     @     @Lebanon, Mo                             @
Luke Treece @26@08@Y@Luke Treece         @P, RF   @     @     @Springdale, Ar                          @
Jeremy Brann@28@16@Y@Jeremy Brann        @P       @     @     @Pine Bluff, Ar                          @
Stephen Swag@30@16@Y@Stephen Swagerty    @P       @     @     @Jacksonville, Ar                        @
TJ Bigham   @31@08@Y@TJ Bigham           @3B      @     @     @Mena, Ar                                @
Justin Hinsl@32@16@Y@Justin Hinsley      @C       @     @     @Mansfield, Mo                           @
Todd Miller @33@11@Y@Todd Miller         @P, 1B, O@     @     @Mountain Home, Ar                       @
Taylor Weife@37@16@Y@Taylor Weifenbach   @P       @     @     @Bentonville, Ar                         @
Logan Halsey@39@08@Y@Logan Halsey        @OF      @     @     @Fort Smith, Ar                          @
Dustin Mills@43@09@Y@Dustin Mills        @C, 3B   @     @     @Mt. Grove, Mo                           @
Calvin Dryer@44@08@Y@Calvin Dryer        @1B, SS  @     @     @Buffalo, Mo                             @
Hunter Johns@51@16@Y@Hunter Johnson      @P       @     @     @Star City, Ar                           @
Klayton Solb@52@16@Y@Klayton Solberg     @1B, 3B  @     @     @Mountain Home, Ar                       @
Julian Calix@56@08@Y@Julian Calixto      @1B      @     @     @Chicago, Il                             @
