Nick Shiplet@00@17@Y@Nick Shiplett       @OF      @5'7  @164  @Dixon, MO                               @
Johnny Drown@1 @16@Y@Johnny Drown        @UTIL    @5'9  @175  @Escondido,  CA                          @
Ty Gunter   @2 @09@Y@Ty Gunter           @MIF     @5'10 @180  @Coweta, OK                              @
Tyler Moses @3 @08@Y@Tyler Moses         @OF      @5'11 @180  @Claremore, OK                           @
Ramon Lauren@4 @16@Y@Ramon Laureno       @UTIL    @5'11 @185  @Dominican Republic                      @
Athan Lummis@5 @11@Y@Athan Lummis        @LHP     @6'   @179  @Nixa, MO                                @
Jansen Smith@6 @09@Y@Jansen Smith        @UTIL    @5'9  @180  @Columbia, MO                            @
Alex Wise   @7 @16@Y@Alex Wise           @SS/CF   @6'   @195  @Neosho, MO                              @
Kaleb Thomas@8 @16@Y@Kaleb Thomas        @MIF/OF  @5'11 @178  @Denison, TX                             @
Brad Antchak@9 @08@Y@Brad Antchak        @SS      @5'11 @178  @Delta, BC                               @
Andrew Mille@10@17@Y@Andrew Miller       @3B/1B/OF@6'3  @210  @Frixo, TX                               @
Dustin Exfor@11@16@Y@Dustin Exford       @1B      @6'1  @215  @Watertown, NY                           @
Deen Deetz  @12@08@Y@Deen Deetz          @RHP     @6'1  @173  @Nixa, MO                                @
Vance Ray   @13@08@Y@Vance Ray           @OF      @5'10 @173  @Claremore, OK                           @
Daniel Johns@14@11@Y@Daniel Johnson      @CF      @5'11 @186  @Vallejo, CA                             @
Marc Berube @15@17@Y@Marc Berube         @RHP/OF  @6'2  @190  @Triois Pistoles, Quebec                 @
Dany Giroux @16@08@Y@Dany Giroux         @RHP     @6'2  @180  @Lavis, Quebec                           @
Justin Webb @17@16@Y@Justin Webb         @OF      @6'1  @188  @Cams, WA                                @
Colton Marti@18@08@Y@Colton Martin       @OF      @6'   @180  @Coweta, OK                              @
Cory Stiefel@19@08@Y@Cory Stiefel        @RHP/3B  @6'1  @190  @Jay, OK                                 @
Michael Fuss@21@16@Y@Michael Fusselman   @RHP/UTIL@6'3  @175  @Melissa, TX                             @
Jordan Goode@24@16@Y@Jordan Goode        @C/1B/OF @6'   @205  @Plano, TX                               @
Jake Jewell @25@16@Y@Jake Jewell         @RHP     @6'3  @200  @Norman, OK                              @
Gabriel From@27@08@Y@Gabriel Fromental   @3B/1B/OF@6'1  @192  @Quebec City, Quebec                     @
Timothy Luce@29@11@Y@Timothy Luce        @LHP     @6'   @165  @Claremore, OK                           @
Hector Cande@30@16@Y@Hector Candelaria   @C/1B    @6'3  @200  @Toa Baja, PR                            @
George Haala@31@08@Y@George Haaland      @C/1B    @6'2  @210  @Edmond, OK                              @
Isaya Vystos@32@08@Y@Isaya Vystosky      @RHP     @6'5  @182  @Bartlesville, OK                        @
Clayton Whel@34@08@Y@Clayton Whelchel    @RHP     @6'   @192  @Hunstville, AR                          @
Zach Cantwel@35@16@Y@Zach Cantwell       @RHP     @6'   @192  @Talala, OK                              @
Rush Deitz  @36@08@Y@Rush Deitz          @RHP     @6'2  @224  @Oologah, OK                             @
Lucas Schaue@44@11@Y@Lucas Schauer       @LHP/1B  @6'1  @210  @Wichita, KS                             @
Jed Owen    @62@08@Y@Jed Owen            @1B      @6'8  @245  @Springfield, MO                         @
