Rico Reyes  @1 @17@Y@Rico Reyes          @        @     @     @                                        @
Tyler Straub@2 @16@Y@Tyler Straub        @        @     @     @                                        @
Kevin Markha@3 @17@Y@Kevin Markham       @        @     @     @                                        @
Alexander Pi@4 @19@Y@Alexander Pina      @        @     @     @                                        @
Jacob Strode@5 @08@Y@Jacob Stroder       @        @     @     @                                        @
Christian Qu@7 @08@Y@Christian Quinones  @        @     @     @                                        @
Kadon Simmon@8 @08@Y@Kadon Simmons       @        @     @     @                                        @
Josh Reeves @9 @08@Y@Josh Reeves         @        @     @     @                                        @
Garrett Croo@10@08@Y@Garrett Crook       @        @     @     @                                        @
Austin Smith@11@16@Y@Austin Smith        @        @     @     @                                        @
Miguel Ponti@12@19@Y@Miguel Pontifis     @        @     @     @                                        @
Hunter Hargr@13@08@Y@Hunter Hargrove     @        @     @     @                                        @
Adrian Rodri@14@08@Y@Adrian Rodriguez    @        @     @     @                                        @
Dillon Popp @15@08@Y@Dillon Popp         @        @     @     @                                        @
Carlos Lopez@16@16@Y@Carlos Lopez        @        @     @     @                                        @
Eduarado Jim@20@08@Y@Eduarado Jimenez    @        @     @     @                                        @
Trae Patters@21@08@Y@Trae Patterson      @        @     @     @                                        @
Stephen Cail@23@11@Y@Stephen Caillet     @        @     @     @                                        @
Tyler Anderl@26@11@Y@Tyler Anderle       @        @     @     @                                        @
Hayden Hible@27@08@Y@Hayden Hibler       @        @     @     @                                        @
Dean Fleitma@30@16@Y@Dean Fleitman       @        @     @     @                                        @
Landon Darwi@32@17@Y@Landon Darwin       @        @     @     @                                        @
Josue Marcan@33@08@Y@Josue Marcano       @        @     @     @                                        @
Hunter Hende@34@08@Y@Hunter Henderson    @        @     @     @                                        @
Matt Michals@35@08@Y@Matt Michalski      @        @     @     @                                        @
Jamie Gilles@36@08@Y@Jamie Gillespie     @        @     @     @                                        @
Chance Sikes@37@08@Y@Chance Sikes        @        @     @     @                                        @
Michael Ocho@40@08@Y@Michael Ochoa       @        @     @     @                                        @
Jamie Ball  @42@19@Y@Jamie Ball          @        @     @     @                                        @
Slayton Vaug@44@08@Y@Slayton Vaughan     @        @     @     @                                        @
Blake Garret@48@08@Y@Blake Garrett       @        @     @     @                                        @
