CESAR RODRIG@2 @16@Y@CESAR RODRIGUEZ     @2ND BASE@5' 10@187  @MOORE, OK                               @
ORLANDO COLL@3 @16@Y@ORLANDO COLLADO     @2ND BASE@5' 7"@170  @BROOKLYN, NY                            @
GARRETT COLL@4 @08@Y@GARRETT COLLINS     @PITCHER @6'   @225  @ARNETT, OK                              @
RICKY HOSACK@5 @16@Y@RICKY HOSACK        @PITCHER @6' 1"@165  @SHIDLER, OK                             @
HASKELL BROW@6 @16@Y@HASKELL BROWNING    @CATCHER @6'   @210  @LUTHER, OK                              @
SKYLER ORTIZ@7 @19@Y@SKYLER ORTIZ        @1ST BASE@6'   @215  @BROOKLYN, NY                            @
GARRETT OLIV@8 @16@Y@GARRETT OLIVER      @OUTFIELD@5' 10@190  @BLANCHARD, OK                           @
JOSH GOWER  @9 @16@Y@JOSH GOWER          @PITCHER @6' 2"@170  @NEWKIRK, OK                             @
LOGAN CAMPBE@10@16@Y@LOGAN CAMPBELL      @OUTFIELD@6'   @195  @ENID                                    @
HOLDEN HEDGE@11@17@Y@HOLDEN HEDGES       @2ND BASE@6'   @210  @ENID, OK                                @
CAMDEN DENNA@12@16@Y@CAMDEN DENNARD      @CATCHER @6'   @185  @DURANT, OK                              @
BRANDON GUER@13@16@Y@BRANDON GUERRA      @PITCHER @6' 1"@190  @JONES, OK                               @
CODY HUNTER @14@16@Y@CODY HUNTER         @CATCHER @6'   @193  @ARNETT, OK                              @
TANNER MEYER@15@16@Y@TANNER MEYER        @3RD BASE@6' 1"@175  @BROKEN ARROW, OK                        @
BRYCE CLEMON@17@19@Y@BRYCE CLEMONS       @PITCHER @6'   @190  @LEEDEY, OK                              @
CASEY BOWLAN@18@11@Y@CASEY BOWLAN        @OUTFIELD@5' 11@185  @SHAWNEE, OK                             @
KOLBY BRAY  @19@19@Y@KOLBY BRAY          @PITCHER @5' 9"@155  @BROKEN BOW, OK                          @
CHANCE RICH @20@19@Y@CHANCE RICH         @PITCHER @     @     @CHANDLER, OK                            @
JEREMY SMITH@21@16@Y@JEREMY SMITH        @OUTFIELD@5' 8"@175  @KINGFISHER, OK                          @
CAMERON KIRK@22@20@Y@CAMERON KIRK        @OUTFIELD@     @     @PAWHUSKA, OK                            @
JOSE ESPINAL@23@08@Y@JOSE ESPINAL        @2ND BASE@6' 1"@165  @BROOKLYN, NY                            @
MANNY MENDEZ@24@19@Y@MANNY MENDEZ        @OUTFIELD@6' 1"@191  @QUEENS, NY                              @
CASEY WISSIN@25@08@Y@CASEY WISSINGER     @SHORTSTO@6' 2"@185  @WICHITA FALLS, TX                       @
HUNTER SCHEL@30@08@Y@HUNTER SCHELLHARDT  @OUTFIELD@6'   @185  @EDMOND, OK                              @
DALTON SMITH@31@08@Y@DALTON SMITH        @PITCHER @5' 11@175  @PERKINS, OK                             @
JUSTIN JACKS@32@08@Y@JUSTIN JACKSON      @PITCHER @6' 1"@187  @BERRYHILL, OK                           @
JORDAN POOLE@33@18@Y@JORDAN POOLE        @PITCHER @6' 3"@220  @OILTON, OK                              @
