Drew Wray   @1 @16@Y@Drew Wray           @INF     @5'10"@139  @New Albany                              @
Dustin Pratt@2 @12@Y@Dustin Pratt        @INF     @5'9" @196  @Blue Springs                            @
Heath Wood  @3 @16@Y@Heath Wood          @INF     @5'10"@150  @Corinth                                 @
Ben Foster  @4 @08@Y@Ben Foster          @INF/P   @5'11"@155  @New Albany                              @
Colby Willia@5 @09@Y@Colby Williams      @OF      @5'8" @164  @Brandon                                 @
Luke Stanley@6 @16@Y@Luke Stanley        @INF     @5'8" @147  @Oxford                                  @
Jack Hurdle @7 @08@Y@Jack Hurdle         @OF      @5'10"@174  @Byhalia                                 @
Hunt Halford@8 @19@Y@Hunt Halford        @P       @6'2" @175  @Oxford                                  @
Riley Alef  @10@16@Y@Riley Alef          @C       @5'11"@220  @New Albany                              @
Cody Bo Dill@11@11@Y@Cody Bo Dillard     @OF/P    @6'0" @194  @Blue Springs                            @
Trent Turner@12@08@Y@Trent Turner        @INF     @6'0" @179  @Brandon                                 @
Scott Pala  @13@08@Y@Scott Pala          @INF     @6'1" @161  @Hernando                                @
Townsend Mye@16@09@Y@Townsend Myers      @INF/P   @6'1" @148  @Hernando                                @
Blake Drabik@17@08@Y@Blake Drabik        @P       @6'0" @181  @Houston, Tenn.                          @
Dustin Allen@18@11@Y@Dustin Allen        @OF/P    @6'0" @193  @Iuka                                    @
David Gibson@19@16@Y@David Gibson        @P       @6'4" @213  @Corinth                                 @
Landon Boyd @20@08@Y@Landon Boyd         @INF/P   @6'3" @182  @Columbus                                @
Josh Peterso@21@11@Y@Josh Peterson       @INF     @6'5" @196  @Arvada, Colo.                           @
Easton Hall @23@17@Y@Easton Hall         @INF     @6'2" @198  @New Albany                              @
Tyler Cox   @24@16@Y@Tyler Cox           @P       @5'11"@186  @Lexington, Ky.                          @
Ben Hellums @25@16@Y@Ben Hellums         @P       @6'8" @174  @Ripley                                  @
Jordan Montg@26@08@Y@Jordan Montgomery   @OF      @5'10"@171  @Southaven                               @
Mason Maxey @27@17@Y@Mason Maxey         @P       @6'0" @152  @New Albany                              @
Tyler Nelms @28@16@Y@Tyler Nelms         @P       @5'10"@230  @Corinth                                 @
Ethan Taylor@29@16@Y@Ethan Taylor        @P       @6'2" @190  @Arlington, Tenn.                        @
Blake Frazie@30@16@Y@Blake Frazier       @C       @5'11"@190  @Corinth                                 @
Caleb Goff  @31@11@Y@Caleb Goff          @P       @5'11"@173  @Hernando                                @
Tanner Whita@32@08@Y@Tanner Whitaker     @P       @6'4" @220  @Iuka                                    @
Evan Hickman@33@16@Y@Evan Hickman        @P       @6'1" @194  @Holly Springs                           @
Blake Harwel@35@08@Y@Blake Harwell       @C       @6'1" @180  @Lake Cormorant                          @
