VINCE RAVOTT@1 @09@Y@VINCE RAVOTTO       @OF      @5'11 @145  @MISHAWAKA, IND                          @
JEFF HOLMES @2 @09@Y@JEFF HOLMES         @OF      @5'10 @167  @VALPARAISO, IND                         @
JAKE MILLER @3 @08@Y@JAKE MILLER         @OF      @5'10 @150  @VALPARAISO, IND                         @
ANDREW KOROS@4 @08@Y@ANDREW KOROSIC      @OF      @5'10 @145  @FRANKFORT, ILL                          @
JOE GALLINAT@5 @08@Y@JOE GALLINATTI      @C       @5'9  @180  @VALPARAISO, IND                         @
JAKE MCCABE @8 @08@Y@JAKE MCCABE         @RHP / SS@6'2  @165  @FRANKFORT, ILL                          @
PATRICK O'MA@9 @08@Y@PATRICK O'MALLEY    @INF     @5'9  @165  @ELK GROVE, ILL                          @
TYLER ALBRIG@10@08@Y@TYLER ALBRIGHT      @SS / 2B @5'10 @175  @ALGONQUIN , ILL                         @
JOSHUA REID @11@08@Y@JOSHUA REID         @3B      @6'0  @170  @TINLEY PARK, ILL                        @
JOHNATHAN SA@12@08@Y@JOHNATHAN SALVI     @C       @5'9  @180  @HAWTHORNE WOODS, ILL                    @
BRIAN CZYL  @14@08@Y@BRIAN CZYL          @2B / C  @5'8  @160  @LISLE, ILL                              @
AARON BUCKNE@15@08@Y@AARON BUCKNER       @RHP     @6'1  @195  @NEW BUFFALO, MICH                       @
NICK ZAK    @16@08@Y@NICK ZAK            @OF      @6'0  @160  @ELK GROVE, ILL                          @
BRENT FELDNE@17@08@Y@BRENT FELDNER       @C       @5'10 @162  @SCHERERVILLE, IND                       @
MATT BRANCAT@18@16@Y@MATT BRANCATO       @3B / OF @6'1  @205  @SCHAUMBURG, ILL                         @
MIKE SHASTAN@19@08@Y@MIKE SHASTANY       @RHP     @5'9  @186  @LAKE ZURICH, ILL                        @
JOSH PAPARON@20@08@Y@JOSH PAPARONE       @OF      @6'1  @180  @ELMHURST, ILL                           @
GABRIEL ACEV@21@16@Y@GABRIEL ACEVEDO     @3B / 1B @5'11 @220  @PORTAGE IND                             @
JOE PIZZOLAT@22@08@Y@JOE PIZZOLATO       @INF     @6'0  @190  @LAKE ZURICH, IL                         @
JACOB PAGAN @23@16@Y@JACOB PAGAN         @C       @5'9  @200  @CHICAGO, ILL                            @
MICHAEL RENI@24@08@Y@MICHAEL RENISCH     @C       @5'9  @195  @GLENVIEW, ILL                           @
ALEX VENTREL@25@11@Y@ALEX VENTRELLA      @LHP     @6'1  @180  @LISLE, ILL                              @
TANNER KISER@26@11@Y@TANNER KISER        @LHP/1B  @6'1  @230  @LAKE ZURICH, ILL                        @
DANNY HYDE  @27@08@Y@DANNY HYDE          @OF/1B / @6'4  @205  @CHICAGO                                 @
PHILLIP MADV@28@16@Y@PHILLIP MADVEK      @RHP     @6'5  @215  @HOBART, IND                             @
FRED SMART  @29@16@Y@FRED SMART          @1B / OF @6'4  @205  @EVANSTON, ILL                           @
DANIEL DOHER@30@08@Y@DANIEL DOHERTY      @RHP     @6'0  @205  @MOKENA, ILL                             @
SEAN EDER   @31@08@Y@SEAN EDER           @RHP/OF  @6'1  @205  @LAKE ZURICH, IL                         @
MICHAEL WOOD@32@08@Y@MICHAEL WOODS       @RHP     @6'4  @220  @ELK GROVE, ILL                          @
ADAM WARDA  @33@16@Y@ADAM WARDA          @2B / SS @6'0  @195  @SKOKIE, ILL                             @
ALEX DOTY   @34@16@Y@ALEX DOTY           @RHP     @6'2  @190  @HOFFMAN ESTATES, ILL                    @
ETHAN WILD  @36@09@Y@ETHAN WILD          @RHP     @6'3  @175  @O'FALLON, ILL                           @
MAX SIEDLECK@38@16@Y@MAX SIEDLECKI       @RHP     @6'4  @212  @EVANSTON, ILL                           @
JAYDEN THOMP@43@08@Y@JAYDEN THOMPSON     @RHP,INF @6'1  @160  @BLOOMINGTON, ILL                        @
DEVIN BAFIA @46@11@Y@DEVIN BAFIA         @LHP/OF  @6'0  @175  @VALPARAISO,IND                          @
KEVIN SMITH @48@08@Y@KEVIN SMITH         @RHP/C/IN@6'3  @210  @FRANKFORT, ILL                          @
