Mitchell Pre@3 @16@Y@Mitchell Preston    @SS      @5'11 @     @Wall                                    @
Dan Scheller@4 @16@Y@Dan Scheller        @C       @6'0  @     @Toms River South                        @
Angelo Mirag@5 @08@Y@Angelo Miragliotta  @C/OF    @5'10 @     @Henry Hudson                            @
Brian Pintin@6 @08@Y@Brian Pintinics     @2B/RHP  @6'1  @     @Brick Memorial                          @
Joe Clarizo @7 @16@Y@Joe Clarizo         @2B      @5'8  @     @Toms River East                         @
Rocco Gonell@9 @16@Y@Rocco Gonella       @RHP     @6'0  @     @Toms River South                        @
Chris Taggar@10@08@Y@Chris Taggart       @3B      @6'2  @     @Calvary Academy                         @
John Sulliva@11@08@Y@John Sullivan       @OF      @5'10 @     @Brick                                   @
Brandon Bloo@12@08@Y@Brandon Bloodgood   @RHP     @5'9  @     @Toms River East                         @
Tyler Iannar@14@08@Y@Tyler Iannarone     @1B      @6'0  @     @Brick                                   @
Wes Krempel @15@08@Y@Wes Krempel         @LHP     @5'8  @     @Central                                 @
Corey Zytko @18@08@Y@Corey Zytko         @RHP     @6'0  @     @Brick Memorial                          @
Dan Foley   @19@16@Y@Dan Foley           @RHP     @5'8  @     @Toms River East                         @
Jordan Silve@20@08@Y@Jordan Silvestri    @3B/P    @5'10 @     @Toms River North                        @
James Burke @21@16@Y@James Burke         @OF      @6'3  @     @Toms River South                        @
Mike Ammerma@22@16@Y@Mike Ammerman       @LHP     @6'0  @     @Howell                                  @
C.J. Pulcine@23@08@Y@C.J. Pulcine        @C       @5'8  @     @Raritan                                 @
Jordan Reize@24@08@Y@Jordan Reizer       @OF      @5'11 @     @Howell                                  @
Nick Massone@25@08@Y@Nick Massone        @1B      @6'1  @     @Howell                                  @
Joe Karagian@28@08@Y@Joe Karagiannakis   @1B      @6'1  @     @Toms River North                        @
Kevin Corris@30@16@Y@Kevin Corris        @RHP     @6'2  @     @Brick Memorial                          @
Joe Lunn    @32@08@Y@Joe Lunn            @RHP     @5'10 @     @Pinelands                               @
Steve Schulm@33@16@Y@Steve Schulman      @C       @5'11 @     @Freehold Twp                            @
Casey Macleo@34@16@Y@Casey Macleod       @3B      @5'11 @     @Monsignor Donovan                       @
Chris Genrsi@36@08@Y@Chris Genrsitz      @RHP     @6'0  @     @Jackson Memorial                        @
Steve Ushkow@44@16@Y@Steve Ushkowtiz     @RHP     @6'2  @     @Freehold Twp                            @
