Gavin Funkho@1 @16@Y@Gavin Funkhouser    @OF      @5'8  @170  @Bloomington, IN                         @
Troy Paris  @2 @16@Y@Troy Paris          @INF     @6'2  @195  @Mount Vernon, IN                        @
Alex Martin @5 @19@Y@Alex Martin         @1B/OF   @6'3  @200  @Newburgh, IN                            @
Jeff Woods  @6 @09@Y@Jeff Woods          @INF     @5'8  @160  @Plano, IL                               @
Joe Hunt    @7 @16@Y@Joe Hunt            @INF     @5'10 @180  @Flemingsburg, KY                        @
Blaine Alvey@8 @16@Y@Blaine Alvey        @OF      @6'0  @175  @Waverly, KY                             @
Kyle Pitlick@9 @08@Y@Kyle Pitlick        @OF      @5'7  @170  @Newburgh, IN                            @
Adam Jenkins@10@19@Y@Adam Jenkins        @P       @6'4  @200  @Heath, OH                               @
Yoonjae Nam @11@20@Y@Yoonjae Nam         @OF      @6'0  @185  @St. Charles, MO                         @
Tyler Ward  @12@16@Y@Tyler Ward          @INF     @6'4  @215  @Nicholasville, KY                       @
Austin Stout@13@09@Y@Austin Stout        @INF     @6'1  @155  @Yorktown, IN                            @
Alex Holder @14@16@Y@Alex Holder         @P       @6'6  @200  @Princeton, IN                           @
Bryce Paxson@15@08@Y@Bryce Paxson        @C       @6'3  @220  @Tulon, IL                               @
Logan Marsha@16@16@Y@Logan Marshall      @C       @6'1  @190  @Evansville, IN                          @
TJ Decker   @17@16@Y@TJ Decker           @P       @5'10 @185  @Brazil, IN                              @
Brad Colvert@18@08@Y@Brad Colvert        @INF/OF  @5'10 @165  @Evansville, IN                          @
Jacob Snodgr@20@08@Y@Jacob Snodgrass     @INF     @6'0  @180  @Floyds Knobs                            @
Ryan Dills  @21@08@Y@Ryan Dills          @P       @6'1  @165  @Evansville, IN                          @
Brock Dowell@22@19@Y@Brock Dowell        @P       @6'0  @160  @Jasonville, IN                          @
Nick Schelle@23@16@Y@Nick Scheller       @P       @6'1  @175  @Poseyville, IN                          @
Evan Mohr   @24@16@Y@Evan Mohr           @P       @6'4  @220  @Pendleton, IN                           @
Caleb Cowin @25@16@Y@Caleb Cowin         @INF     @5'10 @200  @Webster Groves, MO                      @
Patrick Gree@26@08@Y@Patrick Green       @P       @6'0  @210  @Jasonville, IN                          @
Mitchell Ros@27@19@Y@Mitchell Rose       @P       @6'0  @170  @Murphysboro, IL                         @
Elijah Knepp@28@11@Y@Elijah Knepper      @P       @6'3  @170  @Newton, IL                              @
Dylan Allen @29@16@Y@Dylan Allen         @P       @6'1  @200  @Evansville, IN                          @
Cody Thornto@30@16@Y@Cody Thornton       @OF      @6'1  @200  @West Terre Haute, IN                    @
Brice Stratt@31@16@Y@Brice Stratton      @P/C     @6'4  @220  @Bloomington, IN                         @
AJ Maroni   @33@19@Y@AJ Maroni           @P       @6'3  @200  @Evansville, IN                          @
Aaron Hendri@34@11@Y@Aaron Hendrickson   @P       @6'1  @220  @Evansville, IN                          @
Ryan Parrott@35@16@Y@Ryan Parrott        @INF     @6'1  @185  @Greenwood, IN                           @
Devin Willia@36@08@Y@Devin Williams      @P       @6'5  @185  @Evansville, IN                          @
Travis Buttl@37@16@Y@Travis Buttler      @P       @5'10 @175  @Mooresville, IN                         @
Brad Johnson@38@19@Y@Brad Johnson        @P       @6'3  @200  @Mount Washington, KY                    @
Ryan Battin @44@11@Y@Ryan Battin         @OF      @6'1  @180  @Greencastle, IN                         @
Aaron Parker@45@11@Y@Aaron Parker        @P       @6'4  @180  @Cloverdale, IN                          @
