Devin Fox   @2 @16@Y@Devin Fox           @IF      @5-9  @165  @Cortez, CO                              @
Keith Huntin@3 @08@Y@Keith Huntington    @OF      @6-0  @190  @Valley, CO                              @
Blake Stoehr@4 @20@Y@Blake Stoehr        @IF      @5-11 @165  @Spring, TX                              @
Landon Merka@5 @16@Y@Landon Merka        @OF      @6-0  @175  @The Woodlands, TX                       @
Kevin Barnes@7 @16@Y@Kevin Barnes        @OF      @6-0  @190  @The Woodlands, TX                       @
Marcus Stewa@8 @16@Y@Marcus Steward      @IF/P    @5-10 @185  @Longmont, CO                            @
Blake Johnso@9 @19@Y@Blake Johnson       @OF      @5-10 @220  @Fayetteville, NC                        @
Juan Mendoza@10@08@Y@Juan Mendoza        @IF      @6-0  @190  @Miami, FL                               @
Brandon Feld@12@08@Y@Brandon Feldman     @1B/P    @6-1  @195  @Victoria, BC                            @
Alex Flores @13@16@Y@Alex Flores         @IF      @5-11 @170  @Greeley, CO                             @
Jordan Moniz@15@08@Y@Jordan Moniz        @OF      @5-8  @165  @Las Vegas, NV                           @
Neiko Martin@16@08@Y@Neiko Martinez      @P       @5-11 @195  @Las Vegas, NV                           @
Marcus Gilmo@17@16@Y@Marcus Gilmore      @1B/OF   @6-0  @215  @Eads, CO                                @
Sean Blancha@18@08@Y@Sean Blanchard      @OF      @5-9  @165  @Durango, CO                             @
Josh Karlin @20@08@Y@Josh Karlin         @DH      @5-10 @205  @Berthoud, CO                            @
Matt Smith  @21@16@Y@Matt Smith          @P/IF    @6-1  @175  @Albuquerque, NM                         @
Marvin Ortiz@22@08@Y@Marvin Ortiz        @P       @6-0  @200  @Albuquerque, NM                         @
Tanner Wade @23@09@Y@Tanner Wade         @IF      @5-10 @170  @Albuquerque, NM                         @
Valentin San@24@16@Y@Valentin Sanchez    @P       @6-2  @215  @Venezuela                               @
Phillip Cruz@25@09@Y@Phillip Cruz        @IF/P    @6-0  @190  @Highlands Ranch, CO                     @
Ben Martinez@26@08@Y@Ben Martinez        @C       @5-9  @185  @Broomfield, CO                          @
Sean McClure@27@08@Y@Sean McClure        @RHP     @6-0  @180  @Arvada, CO                              @
Sean Halsey @29@08@Y@Sean Halsey         @P       @6-0  @200  @Arvada, CO                              @
Matt Wood   @30@08@Y@Matt Wood           @P       @5-11 @180  @Highlands Ranch, CO                     @
Brayden Pric@31@08@Y@Brayden Price       @P       @6-5  @200  @Hobbs, NM                               @
Anthony Boyl@33@16@Y@Anthony Boyle       @IF      @5-6  @185  @Hobbs, NM                               @
Dallas Oquis@35@08@Y@Dallas Oquist       @P       @6-0  @170  @La Junta, CO                            @
Alex Mitchel@36@11@Y@Alex Mitchell       @P       @6-3  @225  @Centennial, CO                          @
Matthew Maes@40@08@Y@Matthew Maestas     @1B      @6-3  @200  @Thornton, CO                            @
Jorge Venega@42@16@Y@Jorge Venegas       @P       @5-11 @180  @Valencia, NM                            @
Jarrett Bott@44@08@Y@Jarrett Bott        @P       @6-2  @205  @Erie, CO                                @
James Cordov@49@09@Y@James Cordova       @C       @6-0  @185  @Albuquerque, NM                         @
Brett Hull  @54@08@Y@Brett Hull          @P       @6-4  @210  @North Saanich, BC                       @
