Luis Silveri@1 @08@Y@Luis Silverio       @OF      @6'2  @175  @                                        @
Jancarlos Ci@2 @12@Y@Jancarlos Cintron   @INF     @5'8  @165  @                                        @
Chris Schaed@3 @16@Y@Chris Schaedel      @OF      @6'0  @172  @                                        @
Shawn Murray@4 @16@Y@Shawn Murray        @RHP     @5'8  @170  @                                        @
Chris Wurste@5 @16@Y@Chris Wurster       @RHP     @6'1  @175  @                                        @
Matt Warren @7 @16@Y@Matt Warren         @RHP     @6'1  @188  @                                        @
Michael Bara@8 @16@Y@Michael Barash      @C       @6'1  @203  @                                        @
Will McDonal@9 @09@Y@Will McDonald       @OF      @5'9  @170  @                                        @
Bryan Coughl@10@16@Y@Bryan Coughlin      @RHP     @6'1  @185  @                                        @
Gabe Martine@11@19@Y@Gabe Martinez       @OF      @5'11 @180  @                                        @
Brett Lashle@12@16@Y@Brett Lashley       @INF     @5'10 @175  @                                        @
Nick Gallo  @13@08@Y@Nick Gallo          @INF     @5'11 @175  @                                        @
Anthony Dela@14@08@Y@Anthony Delaney     @RHP     @5'8  @180  @                                        @
Dan Hudzina @15@16@Y@Dan Hudzina         @INF     @6'0  @190  @                                        @
Franco Guard@18@08@Y@Franco Guardascione @C       @6'0  @200  @                                        @
Peter Strezl@19@08@Y@Peter Strezlecki    @RHP     @6'2  @195  @                                        @
Joseph Boyd @20@08@Y@Joseph Boyd         @OF      @6'1  @215  @                                        @
Noel Canete @22@08@Y@Noel Canete         @RHP     @6'1  @185  @                                        @
Zach Laneve @23@16@Y@Zach Laneve         @OF/INF  @6'1  @190  @                                        @
Kendrick Gut@24@08@Y@Kendrick Gutierrez  @INF     @6'4  @220  @                                        @
Brady Arenso@25@18@Y@Brady Arenson       @LHP     @6'2  @201  @                                        @
Jon Lipinski@28@08@Y@Jon Lipinski        @RHP     @6'2  @210  @                                        @
Cody Wager  @30@08@Y@Cody Wager          @RHP     @6'3  @180  @                                        @
Zac Burger  @31@17@Y@Zac Burger          @OF      @6'1  @225  @                                        @
Cody Palmqui@33@16@Y@Cody Palmquist      @RHP     @6'6  @190  @                                        @
Matt William@35@08@Y@Matt Williams       @RHP     @6'3  @210  @                                        @
