Jake Garcia @1 @08@Y@Jake Garcia         @INF     @     @     @                                        @
Hunter Owens@2 @08@Y@Hunter Owens        @OF      @     @     @                                        @
Kyle Black  @3 @08@Y@Kyle Black          @RHP     @     @     @                                        @
Ross Coskrey@4 @08@Y@Ross Coskrey        @OF      @     @     @                                        @
Trent Shelto@5 @08@Y@Trent Shelton       @INF/OF  @     @     @                                        @
Drake Grigsb@6 @08@Y@Drake Grigsby       @INF     @     @     @                                        @
Matt Spruill@7 @16@Y@Matt Spruill        @INF     @     @     @                                        @
Jhosue Mendo@8 @16@Y@Jhosue Mendoza      @INF     @     @     @                                        @
Landon Brune@9 @08@Y@Landon Brune        @RHP     @     @     @                                        @
Shea Richard@10@08@Y@Shea Richards       @RHP     @     @     @                                        @
Austin Oliva@11@11@Y@Austin Olivas       @LHP     @     @     @                                        @
Clint Cage  @12@16@Y@Clint Cage          @INF     @     @     @                                        @
Colton Coffm@13@08@Y@Colton Coffman      @RHP     @     @     @                                        @
Robbie Petty@14@16@Y@Robbie Petty        @RHP     @     @     @                                        @
Jhonniel Alv@15@16@Y@Jhonniel Alvarez    @C       @     @     @                                        @
Jordan Darna@16@08@Y@Jordan Darnall      @INF     @     @     @                                        @
Davis Wilson@17@08@Y@Davis Wilson        @INF     @     @     @                                        @
John Shattle@18@08@Y@John Shattles       @OF      @     @     @                                        @
Greg Martens@19@16@Y@Greg Martens        @OF      @     @     @                                        @
Logan Anders@20@08@Y@Logan Anderson      @RHP     @     @     @                                        @
Zac Thompson@21@08@Y@Zac Thompson        @C       @     @     @                                        @
Preston Guil@22@16@Y@Preston Guillory    @RHP     @     @     @                                        @
Nic Marshall@23@16@Y@Nic Marshall        @C/1B    @     @     @                                        @
Adam Atkins @25@16@Y@Adam Atkins         @RHP     @     @     @                                        @
Ryan Peterso@27@08@Y@Ryan Peterson       @RHP     @     @     @                                        @
Brody Colle @28@08@Y@Brody Colle         @RHP     @     @     @                                        @
Victor Claud@29@20@Y@Victor Claudio      @INF     @     @     @                                        @
Cody Jeffcoa@30@08@Y@Cody Jeffcoat       @RHP     @     @     @                                        @
Braden Frank@31@08@Y@Braden Franklin     @1B      @     @     @                                        @
Hayden Nixon@32@19@Y@Hayden Nixon        @LHP     @     @     @                                        @
Marshall Kas@33@08@Y@Marshall Kasowski   @RHP     @     @     @                                        @
Jose Rodrigu@34@11@Y@Jose Rodriguez      @LHP     @     @     @                                        @
Nick Foshee @36@08@Y@Nick Foshee         @RHP     @     @     @                                        @
