Chris McCorm@2 @08@Y@Chris McCormick     @P       @6-1  @180  @Trinity, FL                             @
Tyler Ramsey@3 @16@Y@Tyler Ramsey        @C/P     @5-10 @190  @Palm Harbor, FL                         @
Alex Kranick@4 @08@Y@Alex Kranick        @INF     @5-9  @165  @Tampa, FL                               @
Christian Al@5 @08@Y@Christian Alicea    @C       @5-10 @190  @Toa Alta, PR                            @
Robby McCabe@6 @16@Y@Robby McCabe        @INF     @5-8  @145  @New Port Richey, FL                     @
Jose Alonzo @7 @16@Y@Jose Alonzo         @OF      @6-00 @190  @Spring Hill, FL                         @
Justin Ortiz@8 @08@Y@Justin Ortiz        @OF      @5-11 @180  @Land O'Lakes, FL                        @
Bobby Anders@9 @08@Y@Bobby Anderson      @P       @6-2  @190  @Port Richey, FL                         @
Danny Rodrig@10@08@Y@Danny Rodriguez     @RHP     @5-08 @140  @Tampa, FL                               @
Kevin Faulkn@11@08@Y@Kevin Faulkner      @1B/P    @6-4  @210  @Hudson, FL                              @
Joel Rosario@12@19@Y@Joel Rosario        @1B/P    @6-0  @195  @Gyanabo, PR                             @
Logan Johnso@13@08@Y@Logan Johnson       @OF      @6-2  @200  @Dade City, FL                           @
Tyler Cooler@15@16@Y@Tyler Cooler        @3B      @5-11 @180  @Lutz, FL                                @
Brennan Alle@16@16@Y@Brennan Allen       @OF      @6-0  @185  @Dade City, FL                           @
Adam Arrowoo@17@08@Y@Adam Arrowood       @INF/P   @6-1  @160  @Port Richey, FL                         @
Clifton Harr@18@08@Y@Clifton Harris      @P       @5-11 @170  @Lakeland, FL                            @
Ryan Beineke@19@08@Y@Ryan Beineke        @P       @6-2  @230  @Clearwater, FL                          @
Dominic Sica@20@08@Y@Dominic Sicardo     @INF     @6-3  @215  @Tampa, FL                               @
Aderly Perez@21@08@Y@Aderly Perez        @INF     @5-10 @175  @Philadelphia, PA                        @
Charlie Klei@23@16@Y@Charlie Klein       @C/P     @5-9  @190  @Cape Coral, FL                          @
Dylan Wagner@26@08@Y@Dylan Wagner        @C       @6-0  @175  @Wellington, FL                          @
Alex Priddee@27@16@Y@Alex Priddee        @OF      @5-10 @190  @North Port, FL                          @
Chris Frosch@30@16@Y@Chris Frosch        @P       @6-0  @205  @Land O'Lakes, FL                        @
Jack Hamrick@41@08@Y@Jack Hamrick        @P       @6-4  @205  @Dunedin, FL                             @
Derrick Diou@44@08@Y@Derrick Dious       @P/DH    @6-5  @205  @Dade City, FL                           @
