Conner Baker@1 @08@Y@Conner Baker        @INF     @5'10'@140  @Pace, FL                                @
Derek Fritz @2 @08@Y@Derek Fritz         @Cathcer @6'1''@215  @Sunrise, FL                             @
Dylan Stark @3 @08@Y@Dylan Stark         @2B      @5'5''@160  @North Seminole, FL                      @
Austin Thoma@4 @08@Y@Austin Thomas       @RHP     @6'2''@205  @Smith, AL                               @
Ulysses Flue@5 @08@Y@Ulysses Fluellen    @CF      @6'1''@180  @Phenix City, AL                         @
Tate Sweatt @6 @08@Y@Tate Sweatt         @OF      @5'7''@165  @Crestview, FL                           @
James Skoda @7 @08@Y@James Skoda         @OF/RHP  @6'0''@210  @Mobile, AL                              @
Will Gerdes @8 @16@Y@Will Gerdes         @RHP     @6'2''@185  @St. Petersburg, FL                      @
Marcus Morri@9 @08@Y@Marcus Morrisette   @INF     @5'11'@205  @Mobile, AL                              @
Hunter Hall @12@16@Y@Hunter Hall         @INF     @6'0''@170  @Hoover, AL                              @
Matt Muench @15@16@Y@Matt Muench         @RHP     @5'11'@170  @Orlando, FL                             @
Tyler Chatma@16@11@Y@Tyler Chatman       @LHP/1B  @5'11'@210  @Panama City, FL                         @
Alex Stephen@17@08@Y@Alex Stephens       @SS      @6'1''@190  @Wheeling, WV                            @
Thomas Husto@18@11@Y@Thomas Huston       @LHP     @6'1''@230  @Milton, FL                              @
Daniel Lewis@20@08@Y@Daniel Lewis        @RHP     @6'0''@200  @Newport, NC                             @
Patrick Madd@21@16@Y@Patrick Maddox      @OF      @6'1''@190  @Pace, FL                                @
Austin Bembn@23@16@Y@Austin Bembnowski   @RHP     @6'2''@215  @Palm Harbor, FL                         @
Andy Chacon @24@16@Y@Andy Chacon         @1B      @6'0''@215  @Miami, FL                               @
Pete Ohmer  @25@11@Y@Pete Ohmer          @LHP     @5'11'@205  @Covington, KY                           @
Logan Collie@26@08@Y@Logan Collier       @3B      @5'7''@180  @Mobile, AL                              @
Ben Emery   @27@16@Y@Ben Emery           @C       @5'11'@200  @Palm Harbor, FL                         @
Nicholas Jun@28@09@Y@Nicholas Junger     @1B/RHP  @6'1''@220  @Niceville, FL                           @
Stephen Penr@29@08@Y@Stephen Penrose     @RHP     @6'3''@190  @Pensacola, FL                           @
Will Mullen @30@08@Y@Will Mullen         @LF/2B   @5'9''@165  @Niceville, FL                           @
