Chad Woodell@1 @09@Y@Chad Woodell        @INF     @     @     @                                        @
Billy Vaughn@2 @16@Y@Billy Vaughn        @OF      @     @     @                                        @
Tyler Britto@3 @16@Y@Tyler Britton       @RHP     @     @     @                                        @
Mitch Carste@4 @16@Y@Mitch Carstens      @C/INF   @     @     @                                        @
Zach Holton @5 @16@Y@Zach Holton         @OF      @     @     @                                        @
Lane Johnson@6 @08@Y@Lane Johnson        @RHP     @     @     @                                        @
Zack Garriso@7 @08@Y@Zack Garrison       @RHP/INF @     @     @                                        @
Clay Fesperm@9 @08@Y@Clay Fesperman      @INF     @     @     @                                        @
Alex Kowalcz@10@16@Y@Alex Kowalczyk      @C       @     @     @                                        @
Parker Lamm @11@16@Y@Parker Lamm         @INF/OF  @     @     @                                        @
Josiel Colon@12@16@Y@Josiel Colon        @OF      @     @     @                                        @
Colton Vaugh@13@11@Y@Colton Vaughan      @OF      @     @     @                                        @
Kyle Majette@14@08@Y@Kyle Majette        @RHP     @     @     @                                        @
Tanner Bigha@16@09@Y@Tanner Bigham       @INF     @     @     @                                        @
Keenan Herri@17@08@Y@Keenan Herring      @OF      @     @     @                                        @
Taylor Hysso@18@19@Y@Taylor Hyssong      @LHP     @     @     @                                        @
Kyle Boraski@19@17@Y@Kyle Boraski        @RHP     @     @     @                                        @
Addison Bras@20@17@Y@Addison Braswell    @INF     @     @     @                                        @
Payden Honey@21@08@Y@Payden Honeycutt    @INF     @     @     @                                        @
Joe Mackey  @22@16@Y@Joe Mackey          @RHP     @     @     @                                        @
Grey Wordswo@23@16@Y@Grey Wordsworth     @RHP     @     @     @                                        @
Abel Hernand@24@08@Y@Abel Hernandez      @C       @     @     @                                        @
Blake Allen @25@08@Y@Blake Allen         @RHP     @     @     @                                        @
Thomas Young@26@17@Y@Thomas Young        @RHP     @     @     @                                        @
Jake May    @27@08@Y@Jake May            @C       @     @     @                                        @
Keaton Haack@28@16@Y@Keaton Haack        @RHP     @     @     @                                        @
Harry Fergus@29@16@Y@Harry Ferguson      @RHP     @     @     @                                        @
Kelly Patram@32@16@Y@Kelly Patram        @RHP     @     @     @                                        @
