Jamaal Windo@1 @00@Y@Jamaal Windom       @        @     @     @                                        @
Connar Basta@5 @00@Y@Connar Bastaich     @        @     @     @                                        @
Hunter Warne@6 @00@Y@Hunter Warner       @        @     @     @                                        @
Tre Porter  @8 @00@Y@Tre Porter          @        @     @     @                                        @
Andrew Kowal@9 @00@Y@Andrew Kowalo       @        @     @     @                                        @
Daniel Kerwi@10@00@Y@Daniel Kerwin       @        @     @     @                                        @
Elliott McCu@11@00@Y@Elliott McCummings  @        @     @     @                                        @
Aaron Cook  @12@00@Y@Aaron Cook          @        @     @     @                                        @
Tre Kerns   @14@00@Y@Tre Kerns           @        @     @     @                                        @
Korey Foltz @15@00@Y@Korey Foltz         @        @     @     @                                        @
Jamie Miller@16@00@Y@Jamie Miller        @        @     @     @                                        @
Connor Gorma@18@00@Y@Connor Gorman       @        @     @     @                                        @
Jake Marshal@20@00@Y@Jake Marshall       @        @     @     @                                        @
Kyle Elliott@21@00@Y@Kyle Elliott        @        @     @     @                                        @
Sam Vincenzo@22@00@Y@Sam Vincenzo        @        @     @     @                                        @
Scott Hessle@23@00@Y@Scott Hessler       @        @     @     @                                        @
Eddie Dutkew@24@00@Y@Eddie Dutkewcyz     @        @     @     @                                        @
Mario Santa @25@00@Y@Mario Santa Colombo @        @     @     @                                        @
Josh McKown @26@00@Y@Josh McKown         @        @     @     @                                        @
Drew Hemming@27@00@Y@Drew Hemminger      @        @     @     @                                        @
Billy Sager @29@00@Y@Billy Sager         @        @     @     @                                        @
Jamison Jone@30@00@Y@Jamison Jones       @        @     @     @                                        @
Evan Mitchel@31@00@Y@Evan Mitchell       @        @     @     @                                        @
Kyler Brown @32@00@Y@Kyler Brown         @        @     @     @                                        @
Adam Meeker @33@00@Y@Adam Meeker         @        @     @     @                                        @
Dalton Westf@34@00@Y@Dalton Westfall     @        @     @     @                                        @
Brandon Cord@36@00@Y@Brandon Cordell     @        @     @     @                                        @
Ryan Hedrick@37@00@Y@Ryan Hedrick        @        @     @     @                                        @
Alex Levitan@38@00@Y@Alex Levitan        @        @     @     @                                        @
Colin O'Brie@40@00@Y@Colin O'Brien       @        @     @     @                                        @
Brent Parris@41@00@Y@Brent Parrish       @        @     @     @                                        @
Charlie Crei@44@00@Y@Charlie Creighton   @        @     @     @                                        @
Ethan Emmart@45@00@Y@Ethan Emmart        @        @     @     @                                        @
Josh Crawfor@46@00@Y@Josh Crawford       @        @     @     @                                        @
Fraser Brown@47@00@Y@Fraser Brown        @        @     @     @                                        @
Ben Wyland  @51@00@Y@Ben Wyland          @        @     @     @                                        @
Matt Maiers @55@00@Y@Matt Maiers         @        @     @     @                                        @
