Chris Halley@2 @08@Y@Chris Halley        @OF      @5-11 @178  @Olympia Fields, IL                      @
Carter Bialk@3 @00@Y@Carter Bialka       @OF      @5-11 @155  @Frankfort, IL                           @
Bo Venezio  @5 @00@Y@Bo Venezio          @RHP     @5-8  @184  @Frankfort,IL                            @
Greg Wymer  @6 @08@Y@Greg Wymer          @3B/P    @6-2  @210  @New Lenox, IL                           @
Mike Hall   @7 @16@Y@Mike Hall           @INF     @6-0  @206  @Lemont, IL                              @
Kevin Reiher@8 @08@Y@Kevin Reiher        @C       @5-9  @199  @Blue Island, IL                         @
John Swisher@9 @16@Y@John Swisher        @P       @5-8  @150  @Peotone, IL                             @
Bobby Sheppa@10@16@Y@Bobby Sheppard      @SS      @5-11 @180  @Orland Park, IL                         @
Joe Prete   @11@16@Y@Joe Prete           @RHP     @6-1  @195  @Palos Park, IL                          @
Derek Denove@13@08@Y@Derek Denovellis    @C/3B    @6-1  @187  @Greeley, CO                             @
Mike Owens  @15@08@Y@Mike Owens          @OF      @6-2  @211  @Oak Forest, IL                          @
Conner Ryan @16@08@Y@Conner Ryan         @RHP     @6-1  @173  @Homer Glen, IL                          @
Mark Kane   @23@16@Y@Mark Kane           @INF/OF  @6-4  @163  @Tinley Park, IL                         @
Nico Kelly  @24@11@Y@Nico Kelly          @OF/P    @5-7  @148  @Chicago Heights, IL                     @
Brenden Luif@31@11@Y@Brenden Luiff       @LHP     @5-8  @169  @Tinley Park, IL                         @
Craig Quick @32@08@Y@Craig Quick         @RHP     @5-11 @160  @Monee, IL                               @
Dan Ohde    @34@16@Y@Dan Ohde            @CF      @6-0  @177  @Chicago, IL                             @
Cody Vogler @35@08@Y@Cody Vogler         @P/OF    @6-2  @270  @New Lenox, IL                           @
Aerry Pratt @44@08@Y@Aerry Pratt         @RHP     @5-11 @223  @Chesterton, IN                          @
Eric Duzan  @48@08@Y@Eric Duzan          @RHP     @6-3  @210  @Homer Glen, IL                          @
