Gavin Trista@1 @12@Y@Gavin Tristan       @SS      @     @     @                                        @
Brandon Garr@2 @16@Y@Brandon Garrett     @OF      @     @     @                                        @
Pedro Barrio@4 @08@Y@Pedro Barrios       @SS      @     @     @                                        @
Jonas Garcia@5 @08@Y@Jonas Garcia        @OF      @     @     @                                        @
Cristian Coo@6 @08@Y@Cristian Cooper     @OF      @     @     @                                        @
Kyle Parkins@9 @20@Y@Kyle Parkinson      @RHP     @     @     @                                        @
Michael Miln@10@08@Y@Michael Milner      @UTL     @     @     @                                        @
Haydon Bogar@11@20@Y@Haydon Bogard       @OF      @     @     @                                        @
Karl Craigie@12@11@Y@Karl Craigie        @LHP     @     @     @                                        @
Dayfran Orti@13@08@Y@Dayfran Ortiz       @C       @     @     @                                        @
Julian Herna@14@08@Y@Julian Hernandez    @RHP     @     @     @                                        @
Nick Cerda  @15@16@Y@Nick Cerda          @INF     @     @     @                                        @
Collin Crawf@16@08@Y@Collin Crawford     @RHP     @     @     @                                        @
Mason Sprack@17@08@Y@Mason Spracklen     @C       @     @     @                                        @
Oscar Rodrig@18@12@Y@Oscar Rodriguez     @INF     @     @     @                                        @
Michael Box @19@08@Y@Michael Box         @RHP     @     @     @                                        @
Adrian Silgu@20@16@Y@Adrian Silguero     @RHP     @     @     @                                        @
Nick Arst   @22@16@Y@Nick Arst           @OF      @     @     @                                        @
Vinny Aprea @23@16@Y@Vinny Aprea         @RHP     @     @     @                                        @
Argennis Ang@24@16@Y@Argennis Angulo     @RHP     @     @     @                                        @
Chris Balogh@25@11@Y@Chris Balogh        @1B      @     @     @                                        @
Logan Wilson@26@08@Y@Logan Wilson        @C/1B    @     @     @                                        @
Chad Dullnig@27@16@Y@Chad Dullnig        @1B      @     @     @                                        @
Jacob Dahmer@29@08@Y@Jacob Dahmer        @RHP     @     @     @                                        @
Blake Rhodes@30@16@Y@Blake Rhodes        @RHP     @     @     @                                        @
Kyle Treta  @31@08@Y@Kyle Treta          @RHP     @     @     @                                        @
Bryan Sanche@32@08@Y@Bryan Sanchez       @C       @     @     @                                        @
Cole Butler @33@08@Y@Cole Butler         @RHP     @     @     @                                        @
Michael Teag@34@16@Y@Michael Teagle      @RHP     @     @     @                                        @
Blake Winfre@35@08@Y@Blake Winfrey       @RHP     @     @     @                                        @
Rodolfo Cord@36@08@Y@Rodolfo Cordova     @RHP     @     @     @                                        @
Kyle Carroll@37@08@Y@Kyle Carroll        @RHP     @     @     @                                        @
Hunter Maphe@38@08@Y@Hunter Maphet       @DH      @     @     @                                        @
Richard Faul@39@08@Y@Richard Faulkner    @RHP     @     @     @                                        @
Jonah Taylor@40@08@Y@Jonah Taylor        @RHP     @     @     @                                        @
