Anthony Fran@2 @08@Y@Anthony Franzoso    @P       @5' 10@150  @Somerville, NJ                          @
Fabio Rodrig@4 @08@Y@Fabio Rodriguez     @OF      @5' 11@180  @Toronto, ON                             @
Steven Allem@5 @19@Y@Steven Alleman      @P       @5' 11@185  @Scotch Plains, NJ                       @
Alex Lore   @6 @08@Y@Alex Lore           @2B      @5' 9"@165  @Staten Island, NY                       @
John McTerna@7 @08@Y@John McTernan       @IF      @6' 2"@180  @Union, NJ                               @
James Barry @9 @16@Y@James Barry         @1B      @6' 1"@180  @Westfield, NJ                           @
William Wild@12@08@Y@William Wild        @OF      @5' 9"@165  @Victoria, BC                            @
Jonathan Zim@13@08@Y@Jonathan Zimmerman  @P       @5' 9"@175  @Union, NJ                               @
Anferny Elli@16@08@Y@Anferny Ellis       @2B      @5' 10@180  @Orange, NJ                              @
Michael Krom@17@08@Y@Michael Kromar      @OF      @6' 0"@190  @Bloomsbury, NJ                          @
Peter Pena  @19@16@Y@Peter Pena          @C       @5' 9"@190  @Lodi, NJ                                @
Sage Turner @22@16@Y@Sage Turner         @2B      @5' 11@190  @Staten Island, NY                       @
Omar Lewis  @23@16@Y@Omar Lewis          @3B      @5' 8"@230  @Newark, NJ                              @
Brennan Wein@24@16@Y@Brennan Weinstein   @P       @5' 11@175  @York, PA                                @
Liam Constan@25@16@Y@Liam Constantince   @P       @6' 1"@190  @Bayonne, NJ                             @
Matthew Prev@30@08@Y@Matthew Prevosti    @C       @5' 10@210  @Staten Island, NY                       @
Charles Perr@32@08@Y@Charles Perry       @P       @6' 2"@215  @Newark, NJ                              @
Eoin McCarth@42@08@Y@Eoin McCarthy       @P       @5' 10@175  @Brooklyn, NY                            @
