Josh Jackson@1 @08@Y@Josh Jackson        @OF      @5'11"@180  @Amber-Pocassett                         @
Ben Schweinf@3 @16@Y@Ben Schweinfurth    @Util.   @6'0" @175  @Mustang, OK                             @
Aaron Falgou@4 @16@Y@Aaron Falgoust      @C       @5'10"@170  @Dallas, TX                              @
Austin Kretc@5 @16@Y@Austin Kretchmar    @RHP     @6'3" @185  @Okarche, OK                             @
Holden Capps@6 @10@Y@Holden Capps        @CF      @6'1" @170  @Lawton, OK                              @
Cameron Hill@7 @16@Y@Cameron Hill        @RHP     @6'1" @180  @El Reno, OK                             @
Kendall Emer@8 @17@Y@Kendall Emerson     @IF      @5'10"@185  @Owasso, OK                              @
Dylan Sanche@9 @08@Y@Dylan Sanchez       @RHP     @5'10"@165  @Olustee, OK                             @
Dalen Edgar @10@08@Y@Dalen Edgar         @3B      @5'11"@175  @Piedmont, OK                            @
Tyler Mower @11@16@Y@Tyler Mower         @2B      @5'11"@180  @Moore, OK                               @
Rahul Badve @12@16@Y@Rahul Badve         @C       @6'2" @185  @Missassagua, ONT.                       @
Brady Good  @14@08@Y@Brady Good          @OF      @6'0" @175  @El Reno, OK                             @
Tabor Charle@15@08@Y@Tabor Charles       @RHP     @5'9" @155  @Chisolm, OK                             @
Jordan Marti@16@08@Y@Jordan Martin       @Util.   @5'11"@170  @Moore, OK                               @
Victor Draij@17@08@Y@Victor Draijer      @SS      @6'1" @170  @Heemestede                              @
Zac Brannon @18@08@Y@Zac Brannon         @OF      @5'11"@215  @Midwest City, OK                        @
Joel Black  @19@16@Y@Joel Black          @RHP     @6'3" @195  @Moore, OK                               @
Brock Stuber@20@11@Y@Brock Stuber        @LHP     @6'3" @175  @Piedmont, OK                            @
Cole Davis  @21@08@Y@Cole Davis          @C       @6'1" @195  @Piedmont, OK                            @
Sam Grellner@22@08@Y@Sam Grellner        @OF      @6'5" @220  @Okarche, OK                             @
Blake Nelson@23@08@Y@Blake Nelson        @RHP     @6'2" @185  @Norman, OK                              @
Tom McGarry @24@09@Y@Tom McGarry         @3B      @5'9" @175  @Adelaide, AUST.                         @
Deven Youngs@25@16@Y@Deven Youngstedt    @RHP     @6'4" @175  @Apache, OK                              @
Palmer Ferri@26@08@Y@Palmer Ferris       @1B      @5'11"@185  @Piedmont, OK                            @
Michael Vyko@27@08@Y@Michael Vykoukal    @C       @5'11"@180  @Ostrava, CZ                             @
Brendan Mose@28@08@Y@Brendan Moser       @C       @5'11"@180  @Anadarko, OK                            @
Matej Sucha @30@16@Y@Matej Sucha         @OF      @6'2" @215  @Prague, CZ                              @
Matt McDowel@44@08@Y@Matt McDowell       @1B      @6'3" @215  @Edmond, OK                              @
