Dallas Adkin@1 @00@Y@Dallas Adkins       @IF      @6'0  @170  @                                        @
Landon Thoma@2 @03@Y@Landon Thomas       @OF/LHP  @6'0  @175  @                                        @
Alex Wittena@3 @00@Y@Alex Wittenauer     @IF      @5'11 @155  @                                        @
Aaron Lohman@4 @00@Y@Aaron Lohmann       @IF      @5'10 @150  @                                        @
Trey Garrett@7 @00@Y@Trey Garrett        @RHP     @6'0  @200  @                                        @
Dylan Dunn  @8 @03@Y@Dylan Dunn          @LHP     @6'0  @160  @                                        @
Zack Jones  @9 @01@Y@Zack Jones          @OF/RHP  @6'1  @175  @                                        @
Nick Gant   @10@00@Y@Nick Gant           @OF      @6'2  @195  @                                        @
Jarrett Luck@11@03@Y@Jarrett Luckett     @LHP     @5'11 @185  @                                        @
Luke Izold  @12@03@Y@Luke Izold          @LHP     @6'3  @155  @                                        @
Jt Arnemann @13@00@Y@Jt Arnemann         @IF      @6'1  @180  @                                        @
Devin Chambl@15@00@Y@Devin Chambliss     @OF      @5'10 @165  @                                        @
Aj Hummel   @16@00@Y@Aj Hummel           @C       @6'1  @205  @                                        @
David Decker@17@03@Y@David Decker        @LHP     @6'0  @160  @                                        @
Darius Box  @18@00@Y@Darius Box          @IF      @6'0  @210  @                                        @
Will Fisher @19@01@Y@Will Fisher         @IF      @6'1  @210  @                                        @
Evan Chapman@20@00@Y@Evan Chapman        @RHP     @5'10 @180  @                                        @
Cory Renois @21@00@Y@Cory Renois         @RHP     @6'2  @185  @                                        @
Jake Stewart@22@00@Y@Jake Stewart        @C       @5'11 @160  @                                        @
Colten Meado@24@00@Y@Colten Meador       @IF      @6'2  @190  @                                        @
Justin Clark@25@00@Y@Justin Clark        @RHP     @6'1  @155  @                                        @
Tyler Ellis @26@00@Y@Tyler Ellis         @RHP     @6'0  @150  @                                        @
Clayton Reev@27@00@Y@Clayton Reeves      @OF      @5'10 @150  @                                        @
Eli Miller  @28@03@Y@Eli Miller          @OF/LHP  @6'1  @160  @                                        @
Paul Knapp  @30@00@Y@Paul Knapp          @IF      @6'2  @200  @                                        @
Ty Henderson@31@00@Y@Ty Henderson        @RHP     @6'7  @180  @                                        @
Sammy Stearn@33@00@Y@Sammy Stearns       @RHP     @6'3  @175  @                                        @
Derek Flaugh@34@00@Y@Derek Flaugher      @RHP     @6'3  @185  @                                        @
Zack Jansen @35@00@Y@Zack Jansen         @IF/OF   @6'3  @200  @                                        @
