Derek Basler@1 @17@Y@Derek Basler        @C       @     @     @                                        @
Justin Kimbl@4 @08@Y@Justin Kimble       @1B      @     @     @                                        @
Ralph O'Neal@6 @08@Y@Ralph O'Neal        @OF      @     @     @                                        @
Landon Byron@7 @08@Y@Landon Byron        @OF      @     @     @                                        @
Lance Mays  @8 @11@Y@Lance Mays          @OF      @     @     @                                        @
Logan Jenkin@10@17@Y@Logan Jenkins       @OF      @     @     @                                        @
Aaron Fielde@11@16@Y@Aaron Fielden       @INF     @     @     @                                        @
Colby Reeder@12@16@Y@Colby Reeder        @INF     @     @     @                                        @
Kwynn Rury  @13@08@Y@Kwynn Rury          @RHP     @     @     @                                        @
JT O'Reel   @14@08@Y@JT O'Reel           @SS      @     @     @                                        @
Joe Johnson @16@08@Y@Joe Johnson         @RHP     @     @     @                                        @
David Travis@17@16@Y@David Travis        @C       @     @     @                                        @
Ben Redden  @18@11@Y@Ben Redden          @LHP     @     @     @                                        @
Colton Prath@19@08@Y@Colton Prather      @RHP     @     @     @                                        @
Conner Brown@20@08@Y@Conner Brown        @INF     @     @     @                                        @
Logan Fleene@21@08@Y@Logan Fleener       @INF     @     @     @                                        @
Brandon Mars@23@11@Y@Brandon Marsonek    @LHP     @     @     @                                        @
Mason Sawick@26@09@Y@Mason Sawicki       @UTL     @     @     @                                        @
Joe Braun   @27@09@Y@Joe Braun           @RHP     @     @     @                                        @
Matt Smith  @28@11@Y@Matt Smith          @LHP     @     @     @                                        @
Cullen Roysd@29@08@Y@Cullen Roysden      @RHP     @     @     @                                        @
Matt Baranch@30@16@Y@Matt Baranchak      @RHP     @     @     @                                        @
Jordan Craig@31@08@Y@Jordan Craighead    @RHP     @     @     @                                        @
Andrew Henso@34@16@Y@Andrew Henson       @INF     @     @     @                                        @
