Garrett Deli@1 @16@Y@Garrett Delich      @OF      @     @     @                                        @
Jordan Marti@2 @17@Y@Jordan Martini      @SS      @     @     @                                        @
Jon Nygaard @3 @17@Y@Jon Nygaard         @OF      @     @     @                                        @
Zach Wixo   @4 @08@Y@Zach Wixo           @IF      @     @     @                                        @
Tyler Schmit@5 @16@Y@Tyler Schmitz       @P       @     @     @                                        @
Sean Geelan @6 @16@Y@Sean Geelan         @IF      @     @     @                                        @
Connor Roble@7 @17@Y@Connor Robley       @IF/P    @     @     @                                        @
Adam Rude   @8 @19@Y@Adam Rude           @P       @     @     @                                        @
Cory Strable@10@16@Y@Cory Strable        @P       @     @     @                                        @
Mitch Anders@11@16@Y@Mitch Anderson      @OF      @     @     @                                        @
Nate Walsh  @12@16@Y@Nate Walsh          @C       @     @     @                                        @
Taylor Chris@13@08@Y@Taylor Christopher  @IF      @     @     @                                        @
Levi Lochner@14@11@Y@Levi Lochner        @P       @     @     @                                        @
Jordan Grams@15@08@Y@Jordan Grams        @IF/P    @     @     @                                        @
Alex Nelson @16@08@Y@Alex Nelson         @IF      @     @     @                                        @
Kiefer Neuma@18@17@Y@Kiefer Neumann      @IF      @     @     @                                        @
Jake Poe    @19@08@Y@Jake Poe            @OF      @     @     @                                        @
Dylan Weber @21@16@Y@Dylan Weber         @P       @     @     @                                        @
Brandon Gilm@22@16@Y@Brandon Gilman      @P       @     @     @                                        @
Richard Borq@23@08@Y@Richard Borquez-Meji@IF      @     @     @                                        @
Colton Hagem@25@09@Y@Colton Hageman      @IF      @     @     @                                        @
Marcus Luna @27@08@Y@Marcus Luna         @P       @     @     @                                        @
Jake Harriot@28@08@Y@Jake Harriott       @OF      @     @     @                                        @
Kody Larson @30@08@Y@Kody Larson         @C/P     @     @     @                                        @
Zach Copley @31@08@Y@Zach Copley         @IF/P    @     @     @                                        @
Alek Zentzis@35@11@Y@Alek Zentzis        @OF/IF/P @     @     @                                        @
Kody Knaus  @36@19@Y@Kody Knaus          @P       @     @     @                                        @
