Jonah Nunez @2 @17@Y@Jonah Nunez         @INF/OF  @5'10"@165  @Rockford, IL                            @
Nick Rose   @4 @16@Y@Nick Rose           @P       @5'8" @175  @Roscoe, IL                              @
Jalen Wimber@5 @16@Y@Jalen Wimberly      @P       @6'2" @175  @Rockford, IL                            @
Spencer Lent@7 @18@Y@Spencer Lentz       @P       @5'9" @150  @Stillman Valley, IL                     @
Nolan Bonne @8 @08@Y@Nolan Bonne         @INF     @5'10"@180  @Machesney Park, IL                      @
Sean Zuba   @10@08@Y@Sean Zuba           @INF/P   @5'9" @155  @Rockford, IL                            @
Parker Macek@11@17@Y@Parker Macek        @P       @6'4" @215  @Rockford, IL                            @
Casey Willia@13@08@Y@Casey Williams      @P       @5'9" @145  @Rockford, IL                            @
Richard Vele@14@08@Y@Richard Velez       @INF     @5'8" @160  @Burbank, IL                             @
Blake Morhar@16@08@Y@Blake Morhardt      @OF      @6'0" @175  @Rockford, IL                            @
Daxx Spera  @17@16@Y@Daxx Spera          @INF     @6'0" @205  @Roscoe, IL                              @
Rico Esparza@20@10@Y@Rico Esparza        @INF     @5'7" @130  @Colona, IL                              @
Brock Boesel@21@08@Y@Brock Boeselager    @P/INF   @6'1" @205  @Rockford, IL                            @
Cory Starnes@22@16@Y@Cory Starnes        @C       @5'11"@190  @Machesney Park, IL                      @
Sean Wight  @24@11@Y@Sean Wight          @OF      @5'9" @160  @Oregon, IL                              @
Timothy Nola@25@16@Y@Timothy Nolan       @P/OF    @5'10"@170  @Rockford, IL                            @
Tyler Burger@26@09@Y@Tyler Burger        @P       @6'0" @175  @Cherry Valley, IL                       @
Mitchell Han@30@08@Y@Mitchell Hanson     @C       @6'2" @175  @Oconto, WI                              @
Nolan Cusima@31@08@Y@Nolan Cusimano      @C       @6'1" @195  @Machesney Park, IL                      @
Evan Reuchel@32@16@Y@Evan Reuchel        @C/INF   @6'1" @190  @Oconto, WI                              @
Matthew Holz@33@16@Y@Matthew Holzman     @1B/3B   @5'10"@240  @Mendota, IL                             @
Harrison Nor@42@08@Y@Harrison North      @1B      @6'4" @185  @Rockford, IL                            @
