Ryan White  @1 @08@Y@Ryan White          @inf     @5'9  @165  @                                        @
Jeremy Katz @2 @08@Y@Jeremy Katz         @inf/p   @5'11 @185  @                                        @
Ryan Blue   @4 @08@Y@Ryan Blue           @inf     @5'11 @175  @                                        @
Landon Eason@5 @12@Y@Landon Eason        @of      @6'1  @185  @                                        @
Gage Goff   @7 @08@Y@Gage Goff           @p       @5'10 @185  @                                        @
Cole Lauderd@8 @09@Y@Cole Lauderdale     @c       @6    @190  @                                        @
Tyler Stach @9 @08@Y@Tyler Stach         @p       @6'3  @195  @                                        @
Derek Brumbl@10@08@Y@Derek Brumble       @inf     @6    @195  @                                        @
Garrett Odom@11@08@Y@Garrett Odom        @of/p    @6    @185  @                                        @
Matt Henshal@12@08@Y@Matt Henshall       @p       @6'1  @170  @                                        @
Greg Hyde   @14@08@Y@Greg Hyde           @p       @6'1  @200  @                                        @
Cooper Stanl@15@09@Y@Cooper Stanley      @of      @6    @175  @                                        @
Cole Sundbye@16@12@Y@Cole Sundbye        @inf     @5'10 @200  @                                        @
Alex Hinds  @19@08@Y@Alex Hinds          @p       @6'3  @180  @                                        @
Jacob Bledso@20@16@Y@Jacob Bledsoe       @c       @5'10 @215  @                                        @
Jake Baxter @21@16@Y@Jake Baxter         @inf/p   @6'4  @210  @                                        @
Andrew Bying@22@11@Y@Andrew Byington     @of/p    @6    @185  @                                        @
Derek Jones @23@16@Y@Derek Jones         @of      @6'4  @180  @                                        @
Gunner Cook @24@08@Y@Gunner Cook         @p       @6'5  @215  @                                        @
Kyle Emmons @25@08@Y@Kyle Emmons         @p       @6'6  @220  @                                        @
Blake Conner@26@08@Y@Blake Conner        @p       @6'1  @210  @                                        @
Jason Freema@28@16@Y@Jason Freeman       @inf     @6'2  @210  @                                        @
Michael Hale@29@08@Y@Michael Hale        @inf/c   @6    @235  @                                        @
Casen Baker @30@08@Y@Casen Baker         @p       @6    @200  @                                        @
