Riley Smith @3 @08@Y@Riley Smith         @RHP     @6'0" @175  @Lufkin, TX                              @
Josh Palacio@5 @09@Y@Josh Palacios       @OF      @6'1" @175  @Brooklyn, NY                            @
Garrett Fish@6 @11@Y@Garrett Fisher      @OF      @6'0" @175  @Tuttle, OK                              @
Matt Eureste@7 @17@Y@Matt Eureste        @INF     @6'1" @175  @Houston, TX                             @
EJ Garcia   @8 @08@Y@EJ Garcia           @OF/RHP  @5'11"@180  @Laredo, TX                              @
Aaron Ford  @9 @11@Y@Aaron Ford          @LHP     @5'10"@170  @Klein, TX                               @
Bryce Welbor@10@08@Y@Bryce Welborn       @RHP     @5'10"@170  @Tomball, TX                             @
Clayton Ishe@11@19@Y@Clayton Isherwood   @LHP     @6'0" @185  @Texada Island, B.C. Canada              @
Kelvin Ramos@12@16@Y@Kelvin Ramos        @INF     @5'10"@160  @Cayey, Puerto Rico                      @
Chance Czerw@13@08@Y@Chance Czerwonka    @1B      @6'2" @195  @Highlands, TX                           @
Garrett Luna@14@08@Y@Garrett Luna        @INF     @6'1" @200  @Magnolia, TX                            @
Austin Homan@15@08@Y@Austin Homan        @INF     @6'0" @170  @Mont Belvieu, TX                        @
Ben Kernick @17@08@Y@Ben Kernick         @INF     @5'10"@175  @Rowville, Victoria Aust.                @
Tyler Newcom@18@08@Y@Tyler Newcomb       @OF      @5'11"@195  @Mont Belvieu, TX                        @
Toller Board@19@19@Y@Toller Boardman     @LHP     @6'3" @210  @Bellaire, TX                            @
Konner Frazi@20@16@Y@Konner Frazier      @C       @6'2" @220  @Lake Travis, TX                         @
Taylor Hearn@21@19@Y@Taylor Hearn        @LHP     @6'5" @205  @Royse City, TX                          @
Geonte Jacks@22@16@Y@Geonte Jackson      @INF     @6'1" @200  @Missouri City, TX                       @
Dustin Cook @23@16@Y@Dustin Cook         @RHP     @6'5" @220  @Huffman, TX                             @
Austin Boyd @25@08@Y@Austin Boyd         @1B/RHP  @6'2" @225  @Sweeny, TX                              @
Justin Sulle@27@16@Y@Justin Sullender    @OF      @6'3" @230  @Channelview, TX                         @
Tim Holmes  @28@16@Y@Tim Holmes          @RHP     @6'2" @200  @Jacksonville, FL                        @
Holden Helmi@29@08@Y@Holden Helmink      @RHP     @6'4" @220  @Conroe, TX                              @
Josh Croft  @30@09@Y@Josh Croft          @INF     @5'11"@175  @Powell River, B.C. Canada               @
Luke Manuel @31@08@Y@Luke Manuel         @RHP     @6'2" @180  @Delta, B.C. Canada                      @
Dalton Viner@32@16@Y@Dalton Viner        @P       @6'3  @200  @Choctaw, Ok                             @
Miguel Silva@33@16@Y@Miguel Silva        @RHP     @6'2" @205  @Chula Vista, CA                         @
Angel Vega  @34@08@Y@Angel Vega          @C       @6'0" @190  @El Paso, TX                             @
Austin Clark@36@16@Y@Austin Clark        @RHP     @6'3" @195  @Elkridge, MD                            @
Brendan Mann@38@08@Y@Brendan Mannion     @OF      @6'3" @215  @Lynn, MA                                @
Brian Sandov@39@08@Y@Brian Sandoval      @C       @5'9" @165  @Kingwood, TX                            @
Brandon Wrig@40@19@Y@Brandon Wright      @1B      @6'3" @210  @Humble, TX                              @
Brandon Sonn@44@17@Y@Brandon Sonnenberg  @OF      @6'0" @205  @Surrey, B.C. Canada                     @
John Fussell@45@17@Y@John Fussell        @OF      @6'2" @215  @Briarcliff Manor, NY                    @
Austin Johns@46@11@Y@Austin Johnson      @LHP     @5'9" @165  @Kingwood, TX                            @
Tyler Nevill@47@08@Y@Tyler Nevill        @C       @5'11"@175  @Boerne, TX                              @
Michael Herr@50@08@Y@Michael Herrera     @RHP     @5'10"@196  @Tomball, TX                             @
