Ty Svec     @1 @19@Y@Ty Svec             @OF      @5'9  @180  @Cheyenne, WY                            @
Tanner Germa@2 @16@Y@Tanner German       @IF      @5'10 @175  @Scottsdale, AZ                          @
Justin Erlan@3 @08@Y@Justin Erlandson    @OF      @6'0  @180  @Bend, OR                                @
Matt Morris @4 @16@Y@Matt Morris         @IF      @6'1  @180  @Scottsdale, AZ                          @
Jett Wodiuk @6 @11@Y@Jett Wodiuk         @LHP     @6'0  @180  @Queen Creek, AZ                         @
Adam Wolfe  @7 @08@Y@Adam Wolfe          @IF      @6'0  @190  @Scottsdale, AZ                          @
Dalton Engla@8 @08@Y@Dalton England      @RHP     @5'11 @180  @Gilbert, AZ                             @
CJ McGrady  @9 @16@Y@CJ McGrady          @OF/IF   @6'1  @175  @Tempe, AZ                               @
Tanner Wilso@10@16@Y@Tanner Wilson       @RHP     @6'1  @165  @Chandler, AZ                            @
Austin Casil@11@08@Y@Austin Casillas     @RHP     @6'0  @180  @Chandler, AZ                            @
Will Frei   @14@09@Y@Will Frei           @C       @6'2  @200  @Omaha, NE                               @
Kenny Finn  @15@08@Y@Kenny Finn          @IF      @5'11 @165  @Algonquin, IL                           @
Josh Moore  @16@08@Y@Josh Moore          @RHP     @6'0  @200  @Grand Junction, CO                      @
Drake Kelley@17@17@Y@Drake Kelley        @IF/OF   @5'10 @185  @Gillette, WY                            @
Max Clang   @18@08@Y@Max Clang           @RHP     @6'0  @185  @Scottsdale, AZ                          @
Sam Schuster@19@16@Y@Sam Schuster        @RHP     @6'1  @220  @Phoenix, AZ                             @
Robbie Ayres@20@08@Y@Robbie Ayres        @RHP     @6'3  @190  @Bullhead City, AZ                       @
Levonte Alle@21@16@Y@Levonte Allen       @IF      @6'2  @210  @Yakima, WA                              @
Mike Gordner@22@09@Y@Mike Gordner        @C       @5'10 @180  @Waterloo, Ontario                       @
Felix Zimmer@23@08@Y@Felix Zimmerlee     @IF/RHP  @6'1  @200  @Vienna, Austria                         @
Jake Howard @25@16@Y@Jake Howard         @IF      @6'4  @205  @Gilbert, AZ                             @
Chris Burks @26@17@Y@Chris Burks         @OF      @5;10 @180  @Verado, AZ                              @
Bryce Bush  @27@16@Y@Bryce Bush          @RHP     @6'0  @180  @Phoenix, AZ                             @
Matt Marino @28@08@Y@Matt Marino         @RHP     @6'3  @185  @Peoria, AZ                              @
Topher Rose @29@08@Y@Topher Rose         @RHP     @6'0  @190  @Prior Lake, MN                          @
Jonathan Nun@30@08@Y@Jonathan Nunnally   @OF      @6'2  @190  @Scottsdale, AZ                          @
Dylan Henric@32@16@Y@Dylan Henricks      @RHP     @6'0  @175  @Peoria, AZ                              @
Reid Penney @33@08@Y@Reid Penney         @IF      @6'4  @230  @Portland, OR                            @
Alex Lownes @34@11@Y@Alex Lownes         @LHP     @6'1  @190  @Anthem, AZ                              @
Cody O'Brien@35@08@Y@Cody O'Brien        @RHP     @6'1  @195  @Mesa, AZ                                @
