Jonathan Ote@1 @16@Y@Jonathan Otero      @2B      @5"8" @155  @Orlando, FL (University HS)             @
Reyni Oliver@2 @12@Y@Reyni Olivero       @2B/OF   @5'9" @160  @Lakeland, FL                            @
Edwin Bonill@3 @12@Y@Edwin Bonilla       @SS      @5'8" @170  @Kissimmee, Fl                           @
Jansen Cosar@4 @08@Y@Jansen Cosart       @3B      @5'11"@175  @Friendswood, TX                         @
Benny Rodrig@5 @16@Y@Benny Rodriguez     @SS      @5'8" @160  @Deltona, FL                             @
Burris Warne@6 @08@Y@Burris Warner       @RHP     @6'0" @185  @Auburndale, FL                          @
Ahmad Christ@7 @16@Y@Ahmad Christian     @2B      @5'11"@195  @Jcksonville,Fl                          @
Bo Decker   @9 @16@Y@Bo Decker           @OF      @6'1" @180  @Clermont, FL                            @
Drue Brooks @10@11@Y@Drue Brooks         @LHP     @6'0" @205  @Spring Hill, FL                         @
Drew Montero@12@08@Y@Drew Montero        @RHP     @6'1" @170  @Sanford,FL                              @
Justus Labig@13@08@Y@Justus Labigang     @RHP     @6'3" @170  @Ft. Pierce, FL                          @
Miguel Frias@14@19@Y@Miguel Frias        @OF      @5'9" @185  @Longwood,Fl                             @
Mick Tinny  @15@08@Y@Mick Tinny          @C       @5'9" @185  @Winter Springs, Fl                      @
Josh Brooks @16@16@Y@Josh Brooks         @RHP     @6'4" @185  @Oviedo, FL                              @
James Jean  @18@16@Y@James Jean          @C/UTL   @6'1" @200  @Lake Park, FL                           @
Michael Sava@19@08@Y@Michael Savas       @OF      @6'2" @175  @Oviedo, FL                              @
Gianni Zayas@20@16@Y@Gianni Zayas        @RHP     @6'2" @200  @North Bergen, NJ                        @
Austin Hays @22@08@Y@Austin Hays         @OF      @6'1" @195  @Deleon Springs, FL                      @
Alex Hagner @23@10@Y@Alex Hagner         @LHP     @6'0" @175  @Mt Dora, FL                             @
Cameron Hane@24@08@Y@Cameron Hanes       @RHP     @6'3" @180  @Apopka, FL                              @
Vinnie Leuzz@25@17@Y@Vinnie Leuzzi       @1B      @6'1" @215  @Winter Springs, FL                      @
Keith Skinne@26@17@Y@Keith Skinner       @C       @6'1" @200  @Berkeley Heights, NJ                    @
Mitch McCart@27@08@Y@Mitch McCarthy      @RHP     @6'1" @190  @Oviedo, FL                              @
Jake Cosart @28@08@Y@Jake Cosart         @RHP     @6'2" @175  @Friendswood, TX                         @
Brooks de Mo@32@19@Y@Brooks de Montluzin @LHP     @6'0" @195  @Palm Beach Gardens, FL                  @
Tyler Leach @33@16@Y@Tyler Leach         @RHP     @6'3" @220  @Lakeland,Fl                             @
