Brett Burges@1 @16@Y@Brett Burgess       @OF      @5'11 @170  @Centre, AL                              @
Weston Tate @2 @18@Y@Weston Tate         @P       @5''11@185  @Rome,GA                                 @
Zach Dugas  @3 @16@Y@Zach Dugas          @C       @5'8  @175  @Mandeville, LA                          @
Zach Cunning@4 @08@Y@Zach Cunningham     @P/OF    @5'11 @190  @White Plains, AL                        @
Tyler Mauzy @5 @11@Y@Tyler Mauzy         @OF      @5'11 @180  @Marietta, GA                            @
Dylan Calhou@6 @17@Y@Dylan Calhoun       @OF      @6'0  @160  @Pell City, Al                           @
Jesse Thomas@7 @08@Y@Jesse Thomas        @INF     @5'10 @190  @Cullman                                 @
Conner Cox  @8 @08@Y@Conner Cox          @Inf     @6'1  @185  @Trussville,AL                           @
Chris Kilpat@9 @08@Y@Chris Kilpatrick    @P/INF   @6'0  @190  @Cordova,AL                              @
Colton Clift@10@16@Y@Colton Clifton      @P       @5'10 @170  @Gadsden, AL                             @
Colby Wingar@11@08@Y@Colby Wingard       @P       @6'3  @195  @Pinson                                  @
Reed Bright @12@16@Y@Reed Bright         @P/OF    @6'1  @185  @Helena, AL                              @
Cole Porter @13@08@Y@Cole Porter         @OF      @5'8  @160  @Plainview,AL                            @
Austin Dicki@15@16@Y@Austin Dickie       @P       @6'2  @215  @Oneonta, AL                             @
Ryan McNaugh@17@16@Y@Ryan McNaughton     @P       @6'5  @170  @Tallassee,AL                            @
Nick McAnall@18@08@Y@Nick McAnally       @OF      @5'11 @185  @Guntersville,AL                         @
Caleb Mayo  @19@08@Y@Caleb Mayo          @INF     @5'11 @180  @Walnut grove,Al                         @
Jakob Kirkwo@20@16@Y@Jakob Kirkwood      @INF     @6'2  @225  @Cullman, AL                             @
Caleb Robert@21@16@Y@Caleb Roberts       @P       @6'0  @195  @East Limestone,AL                       @
Andrew Tetra@22@16@Y@Andrew Tetrault     @INF     @5'10 @200  @Kennesaw                                @
David Collin@23@20@Y@David Collins       @P/C     @6'1  @195  @Atlanta,GA                              @
Tyler Lecroy@24@16@Y@Tyler Lecroy        @C       @6'4  @230  @West Palm Beach, FL                     @
Trey Gibson @25@17@Y@Trey Gibson         @INF     @6'0  @205  @Plainview, AL                           @
Colby Dunn  @26@08@Y@Colby Dunn          @P       @6'2  @170  @Attalla                                 @
Jackson Prui@27@08@Y@Jackson Pruitt      @INF     @5'9  @160  @Pelham                                  @
Aaron Anders@30@09@Y@Aaron Anderson      @OF      @5'11 @190  @Pelham, AL                              @
Nick Humphre@31@11@Y@Nick Humphreys      @P       @5,10 @160  @Attalla,AL                              @
Drew Flatfor@32@16@Y@Drew Flatford       @P       @6'4  @205  @Cartersville, GA                        @
Wes Runnells@33@19@Y@Wes Runnells        @OF      @6'0  @200  @Fairhope,AL                             @
Tyler Perkin@35@08@Y@Tyler Perkins       @P       @6'2  @200  @Gainesville Fl                          @
Landon Smith@36@16@Y@Landon Smith        @P       @6'4  @205  @Pell City,AL                            @
Logan Pierce@37@08@Y@Logan Pierce        @INF     @6'2  @190  @Centre, AL                              @
Will Lenoir @39@08@Y@Will Lenoir         @INF     @6'2  @200  @Gurley,AL                               @
Mathew Reave@40@08@Y@Mathew Reaves       @INF     @6'0  @170  @Southside                               @
Robert Wilso@41@08@Y@Robert Wilson       @INF     @6'1  @210  @Pelham,AL                               @
Carlton Pepp@44@08@Y@Carlton Peppers     @INF     @5'10 @175  @Douglas,AL                              @
Jordan Guthr@47@11@Y@Jordan Guthrie      @P       @6'2  @190  @Cullman,AL                              @
