Trey Kennen @1 @08@Y@Trey Kennen         @P       @     @     @                                        @
Blake Chaney@2 @09@Y@Blake Chaney        @INF     @     @     @                                        @
Aaron Moore @3 @08@Y@Aaron Moore         @INF     @     @     @                                        @
Chan Hughes @4 @09@Y@Chan Hughes         @INF     @     @     @                                        @
Joseph Paret@5 @09@Y@Joseph Parete       @P       @     @     @                                        @
Mike McKivig@6 @08@Y@Mike McKivigan      @INF     @     @     @                                        @
Lake Hart   @7 @12@Y@Lake Hart           @C       @     @     @                                        @
Tyler Ammerm@8 @08@Y@Tyler Ammerman      @INF     @     @     @                                        @
Joseph Benne@9 @08@Y@Joseph Bennett      @OF/P    @     @     @                                        @
Tony Nazario@10@16@Y@Tony Nazario        @INF/P   @     @     @                                        @
Daniel Brook@12@08@Y@Daniel Brookman     @C       @     @     @                                        @
Reed Melcolm@13@16@Y@Reed Melcolm        @INF/P   @     @     @                                        @
John LaMay  @14@16@Y@John LaMay          @OF/P    @     @     @                                        @
Zach Berger @15@16@Y@Zach Berger         @P       @     @     @                                        @
Austin Dykes@17@19@Y@Austin Dykes        @P       @     @     @                                        @
Brooks Calvo@18@08@Y@Brooks Calvo        @INF/P   @     @     @                                        @
Andre Gwyn  @19@08@Y@Andre Gwyn          @OF      @     @     @                                        @
Cameron Bues@21@08@Y@Cameron Buescher    @INF     @     @     @                                        @
Philip Hart @22@08@Y@Philip Hart         @OF      @     @     @                                        @
Hunter Wilde@23@19@Y@Hunter Wildes       @INF/OF/P@     @     @                                        @
Steve McLeod@24@11@Y@Steve McLeod        @OF      @     @     @                                        @
Chase Morris@25@08@Y@Chase Morris        @OF      @     @     @                                        @
Brooks Timmo@26@08@Y@Brooks Timmons      @INF/C   @     @     @                                        @
Ryan Teifer @28@08@Y@Ryan Teifer         @INF     @     @     @                                        @
Michael Sail@30@11@Y@Michael Sailors     @P       @     @     @                                        @
Taylor Simps@31@16@Y@Taylor Simpson      @P       @     @     @                                        @
JR VanAllen @32@09@Y@JR VanAllen         @P       @     @     @                                        @
