Derek Marsha@2 @08@Y@Derek Marshall      @        @     @     @                                        @
Collin Book @4 @16@Y@Collin Book         @        @     @     @                                        @
Joel Quinone@5 @12@Y@Joel Quinones       @        @     @     @                                        @
Alec Shull  @7 @16@Y@Alec Shull          @        @     @     @                                        @
Nathaniel Jo@8 @08@Y@Nathaniel Jones     @        @     @     @                                        @
Nathan Kolle@10@08@Y@Nathan Koller       @        @     @     @                                        @
Taylor Morri@11@16@Y@Taylor Morris       @        @     @     @                                        @
Michael Geba@13@10@Y@Michael Gebauer     @        @     @     @                                        @
Justin Young@14@08@Y@Justin Younger      @        @     @     @                                        @
Cody Montgom@15@16@Y@Cody Montgomery     @        @     @     @                                        @
Robbie Goodw@16@19@Y@Robbie Goodwin      @        @     @     @                                        @
Andy Pena   @17@08@Y@Andy Pena           @        @     @     @                                        @
Abdiel Quino@18@14@Y@Abdiel Quinones     @        @     @     @                                        @
Grant Montgo@19@16@Y@Grant Montgomery    @        @     @     @                                        @
Zach Webster@20@16@Y@Zach Webster        @        @     @     @                                        @
Jacob Vaugha@21@08@Y@Jacob Vaughan       @        @     @     @                                        @
Garrett Smit@22@08@Y@Garrett Smith       @        @     @     @                                        @
Cody Powell @23@08@Y@Cody Powell         @        @     @     @                                        @
Ben Parker  @24@08@Y@Ben Parker          @        @     @     @                                        @
Tyler Edmist@25@11@Y@Tyler Edmiston      @        @     @     @                                        @
Anthony Buon@26@08@Y@Anthony Buonaiuto   @        @     @     @                                        @
Alec Weir   @27@08@Y@Alec Weir           @        @     @     @                                        @
Trammell Gri@29@08@Y@Trammell Grimmer    @        @     @     @                                        @
Casey Goins @30@08@Y@Casey Goins         @        @     @     @                                        @
Matt Shindle@31@08@Y@Matt Shindlebower   @        @     @     @                                        @
Bryce Wilz  @32@19@Y@Bryce Wilz          @        @     @     @                                        @
CJ Lewington@33@08@Y@CJ Lewington        @        @     @     @                                        @
Bo Lewington@34@08@Y@Bo Lewington        @        @     @     @                                        @
Jaylen Quarl@42@17@Y@Jaylen Quarles      @        @     @     @                                        @
