Arniel River@1 @08@Y@Arniel Rivera       @INF     @5' 11@165  @Arecibo, Puerto Rico                    @
Hector Viera@2 @16@Y@Hector Viera        @INF     @5' 9"@170  @Trujillo, Venezuela                     @
Brayton Carl@4 @16@Y@Brayton Carlson     @OF      @6' 0"@170  @Ely, IA                                 @
Justin Hill @5 @11@Y@Justin Hill         @LHP     @6' 0"@175  @Bettendorf, IA                          @
Corey Streck@6 @16@Y@Corey Strecker      @RHP     @6' 2"@200  @Little Canada, MN                       @
Tommy Breuni@7 @09@Y@Tommy Breuning      @C       @6' 3"@220  @St. Louis, MO                           @
Dan Ferguson@8 @08@Y@Dan Ferguson        @C       @5' 11@195  @Mineral Ridge, OH                       @
Gage Carpent@9 @08@Y@Gage Carpenter      @RHP     @6' 1"@180  @Wapello, IA                             @
Edwin Covas @11@16@Y@Edwin Covas         @OF      @5' 10@160  @Guayama, Puerto Rico                    @
Jesus Carrer@12@11@Y@Jesus Carrera       @1B/OF   @6' 1"@185  @Valencia, Venezuela                     @
Miguel Yrigo@14@08@Y@Miguel Yrigoyen     @RHP     @6' 1"@160  @Valencia, Venezuela                     @
Mitch Stickn@15@08@Y@Mitch Stickney      @OF      @6' 2"@175  @Marion, IA                              @
Chanel Corde@16@11@Y@Chanel Cordero      @LHP     @5' 9"@175  @Burlington, IA                          @
Conner Shull@17@08@Y@Conner Shull        @RHP     @6' 0"@185  @Mount Pleasant, IA                      @
Jarib Gonzal@18@08@Y@Jarib Gonzalez      @INF     @5'9''@165  @Valencia, Venezuela                     @
Max Biedrzyc@19@16@Y@Max Biedrzycki      @RHP     @6' 2"@205  @Bolingbrook, IL                         @
Pedro Perez,@21@12@Y@Pedro Perez, Jr.    @INF/RHP @5' 11@170  @Burlington, NJ                          @
Hector Quino@22@08@Y@Hector Quinones     @OF/RHP  @6' 2"@210  @Barceloneta, Puerto Rico                @
Cody Kerns  @23@08@Y@Cody Kerns          @RHP     @5' 10@160  @Elko, NV                                @
Peyton Johns@25@08@Y@Peyton Johnson      @RHP     @6'2''@180  @Louisville, KY                          @
Tanner Giese@26@16@Y@Tanner Giesel       @INF     @6' 2"@200  @Naperville, IL                          @
Jordan Panne@27@16@Y@Jordan Pannell      @RHP     @6' 5"@190  @Marshall, MO                            @
Eden Cransto@29@16@Y@Eden Cranston       @C/1B    @6' 0"@190  @Roseville, MN                           @
Bradley Altd@30@08@Y@Bradley Altdoerffer @RHP     @6' 1"@200  @Edmond, OK                              @
Andrew Warne@32@08@Y@Andrew Warner       @INF/RHP @6'0" @165  @London, Ontario, Canada                 @
Ryan Santos @33@08@Y@Ryan Santos         @RHP     @6'0''@180  @Toa Baja, Puerto Rico                   @
Jesus Zapata@35@08@Y@Jesus Zapata        @INF     @5' 9"@175  @Maracay, Venezuela                      @
Joshua Santi@36@11@Y@Joshua Santiago     @LHP     @6' 1"@170  @Arecibo, Puerto Rico                    @
Jay Felician@39@08@Y@Jay Feliciano       @OF      @6' 2"@210  @Arecibo, Puerto Rico                    @
