Anthony Stew@1 @11@Y@Anthony Stewart     @OF      @5'10 @155  @Oak Harbor, WA                          @
Trevor Usher@2 @16@Y@Trevor Usher        @UTL     @5'9  @150  @Thornton, CO                            @
Trevor Verme@3 @16@Y@Trevor Vermeer      @C       @5'10 @175  @Omaha, NE                               @
Albert Johns@4 @16@Y@Albert Johnson      @P/1B    @6'4  @220  @Papillion,NE                            @
Danny Regan @5 @17@Y@Danny Regan         @OF      @5'10 @195  @Omaha, NE                               @
Brett Ramey @6 @16@Y@Brett Ramey         @P       @6'1  @190  @Omaha,NE                                @
Tandon Dorn @7 @16@Y@Tandon Dorn         @INF     @6    @184  @Filley, NE                              @
Ryan Herdman@8 @16@Y@Ryan Herdman        @P       @6'4  @220  @LaVista, NE                             @
Austin Mourd@9 @08@Y@Austin Mourdant     @P       @6    @180  @Omaha,NE                                @
Cody Valdez @10@16@Y@Cody Valdez         @P       @6'2  @210  @Omaha, NE                               @
Sam Palensky@11@08@Y@Sam Palensky        @UTL     @5'10 @175  @Papillion,NE                            @
Creighton Wi@12@19@Y@Creighton Wilke     @1B      @6'3  @205  @Lincoln,NE                              @
Paul Morrow @13@08@Y@Paul Morrow         @OF      @5'11 @175  @Omaha, NE                               @
Nick Hargis @14@08@Y@Nick Hargis         @P       @6'2  @210  @Omaha, NE                               @
Ty Moore    @15@16@Y@Ty Moore            @OF      @6'2  @187  @Omaha, NE                               @
Sean Mulliga@19@17@Y@Sean Mulligan       @P       @5'10 @210  @Omaha, NE                               @
Nick Houston@20@08@Y@Nick Houston        @P       @5'11 @190  @Omaha, NE                               @
Drayton Riek@21@16@Y@Drayton Riekenberg  @P       @6'3  @205  @Beatrice, NE                            @
Dylan Yost  @22@08@Y@Dylan Yost          @INF     @6'   @190  @Omaha, NE                               @
Ryan Tangema@23@08@Y@Ryan Tangeman       @P       @6'2  @210  @Omaha, NE                               @
Jack Richter@24@08@Y@Jack Richter        @INF     @5'10 @180  @Oak Harbor, WA                          @
Andrew Carol@25@08@Y@Andrew Caroline     @P       @5'9  @160  @Omaha, NE                               @
Wyatt Nelson@27@08@Y@Wyatt Nelson        @C       @6'3  @215  @Sterling, CO                            @
Trent Dooley@29@19@Y@Trent Dooley        @OF      @5'10 @175  @                                        @
Matt Noel   @31@17@Y@Matt Noel           @P       @6'3  @190  @Omaha, Ne                               @
Cody Butterf@32@19@Y@Cody Butterfield    @P       @5'8  @150  @Las Vegas,NV                            @
Jared Torell@33@11@Y@Jared Torell        @P       @5'11 @190  @Lincoln,NE                              @
Quinton Conr@35@16@Y@Quinton Conrad      @P       @6'3  @200  @Elkhorn,NE                              @
Colton Adams@40@11@Y@Colton Adams        @P       @6    @175  @Beatrice, NE                            @
Derek Clause@44@17@Y@Derek Clausen       @P       @5'11 @170  @Beatrice,NE                             @
Alec Wedige @45@08@Y@Alec Wedige         @C       @6'1  @230  @Omaha, NE                               @
Marciano Phi@47@11@Y@Marciano Phillipi   @OF      @6'1  @180  @Netherlands                             @
