Jordan Davis@1 @00@Y@Jordan Davis        @2B      @6'0" @165  @Lansing, IL                             @
Lance Weathe@4 @00@Y@Lance Weatherly     @RHP/1B  @6'1" @190  @Chicago, IL                             @
Antonio Majs@5 @00@Y@Antonio Majstorev   @RHP/3B  @5'10"@200  @Dyer, IN                                @
Stefano Belm@7 @00@Y@Stefano Belmonte    @3rd     @6'0" @198  @Minster, IN                             @
Justin Pasko@8 @00@Y@Justin Pasko        @RHP     @6'1" @165  @Lansing, IL                             @
Tyler Fritz @9 @00@Y@Tyler Fritz         @RHP     @6'1" @185  @Grant Park, IL                          @
Jacob Lorenz@10@00@Y@Jacob Lorenz        @2nd     @5'8" @140  @Lasing, IL                              @
Matt Hoge   @11@00@Y@Matt Hoge           @SS      @6'1" @160  @Palos Heights, IL                       @
Matt Ireland@14@00@Y@Matt Ireland        @RHP     @5'9" @155  @Chicago, IL                             @
Ryan Novak  @15@00@Y@Ryan Novak          @LHP     @6'2' @220  @New Lenox, IL                           @
Ryan Waaso  @16@00@Y@Ryan Waaso          @RHP     @6'1" @170  @Tinley Park, IL                         @
Zachary Gold@19@00@Y@Zachary Goldasich   @RHP/1B  @6'2" @200  @Schererville, IN                        @
Jon Felician@21@00@Y@Jon Feliciano       @RHP     @6'3" @190  @Merrillville, IN                        @
Jesse Smith @22@00@Y@Jesse Smith         @RHP`    @5'10"@170  @Griffith, IN                            @
Stephen Letz@23@00@Y@Stephen Letz        @OF      @6'0" @190  @Dyer, IN                                @
Michael Broa@24@00@Y@Michael Broadwell   @LHP     @6'1" @150  @Lansing, IL                             @
Cody Moskovs@25@00@Y@Cody Moskovsky      @C       @5'11"@190  @Griffith, IN                            @
Bobby Morgan@26@00@Y@Bobby Morgan        @C       @5'10"@185  @Hobart, IN                              @
Nick Kellams@27@00@Y@Nick Kellams        @OF/LHP  @5'11"@180  @Dyer, IN                                @
Dominic Alba@30@00@Y@Dominic Albanese    @OF/LHP  @5'11"@155  @Lansing, IL                             @
Ben Santori @31@00@Y@Ben Santori         @RHP     @6'1" @180  @Crete, IL                               @
Jake Hickey @34@00@Y@Jake Hickey         @DH/1B   @6'0" @185  @Frankfort, IL                           @
John Van Art@35@00@Y@John Van Artsen     @LHP     @6'2" @170  @Frankfort, IL                           @
Greg King   @42@00@Y@Greg King           @3rd     @6'2" @195  @Chicago, IL                             @
Joshua Piepe@44@00@Y@Joshua Pieper       @1B/C    @6'3" @205  @Park Forest, IL                         @
