Ty Stahl    @2 @11@Y@Ty Stahl            @P       @5'7  @175  @Manchester, MO                          @
Connor Bueng@3 @08@Y@Connor Buenger      @P       @5'10 @190  @St. Louis, MO                           @
Cameron Loft@4 @16@Y@Cameron Lofton      @OF      @5'9  @150  @Belleville                              @
Adam Kunkel @5 @16@Y@Adam Kunkel         @IF      @5'9  @175  @Red Bud                                 @
Caleb Arbeit@6 @08@Y@Caleb Arbeiter      @P       @6'0  @165  @Chester                                 @
Dan Holst   @7 @09@Y@Dan Holst           @OF      @6'0  @180  @Manchester, MO                          @
Sean Murley @8 @08@Y@Sean Murley         @IF      @5'9  @185  @Eureka, MO                              @
Brandon Hogu@9 @08@Y@Brandon Hoguet      @P       @5'8  @170  @Belleville                              @
Zach Lindsay@10@08@Y@Zach Lindsay        @P       @5'10 @175  @Mascoutah                               @
Cody Massey @11@09@Y@Cody Massey         @OF      @6'0  @160  @Troy                                    @
Jake Daily  @12@08@Y@Jake Daily          @C       @6'2  @205  @Granite City                            @
Marty Brunk @13@08@Y@Marty Brunk         @OF      @6'1  @185  @Belleville                              @
John Goodric@14@16@Y@John Goodrich       @IF      @6'1  @185  @Nashville                               @
Mark Hencken@15@16@Y@Mark Hencken        @C       @5'11 @180  @Eureka, MO                              @
Jordan Felax@16@08@Y@Jordan Felax        @P       @6'4  @220  @Troy                                    @
Adam Bauer  @17@09@Y@Adam Bauer          @1b      @6'3  @175  @Belleville                              @
Adam Schnurb@18@08@Y@Adam Schnurbusch    @OF      @6;1  @165  @Eureka, MO                              @
Derek Dillen@19@19@Y@Derek Dillenberger  @P       @5'10 @175  @Waterloo                                @
Ryan Suwansk@20@08@Y@Ryan Suwanski       @OF      @6'1  @196  @Chicago, IL                             @
Brett Warcho@21@16@Y@Brett Warchol       @IF      @6'0  @215  @Nashville                               @
Cody Zurlien@22@16@Y@Cody Zurliene       @P       @6'0  @240  @Belleville                              @
Ian Zimmerma@23@16@Y@Ian Zimmerman       @P       @6'0" @195  @Belleville                              @
Matt Spradli@26@16@Y@Matt Spradlin       @IF      @5'10 @210  @St. Louis, MO                           @
Matt Rheinho@27@16@Y@Matt Rheinholz      @IF      @6'0  @220  @Waterloo                                @
Zach Stieb  @28@08@Y@Zach Stieb          @1b      @6'1  @225  @Highland                                @
Zack Sparks @29@08@Y@Zack Sparks         @P       @5'11 @190  @Edwardsville                            @
Dustin Dalto@30@16@Y@Dustin Dalton       @P       @6'6  @250  @St. Charles, MO                         @
Kyle Wilson @32@19@Y@Kyle Wilson         @P       @6'2  @195  @O'Fallon                                @
Andrew Witko@33@08@Y@Andrew Witkowski    @P       @6'3  @190  @Collinsville                            @
Maciej Milas@34@08@Y@Maciej Milas        @C       @6'1  @195  @Mascoutah                               @
Derek Watson@35@08@Y@Derek Watson        @P       @6'2  @160  @St. Louis, MO                           @
Jake Hensler@37@08@Y@Jake Hensler        @OF      @6'2  @185  @Okawville                               @
Jordan Askin@38@08@Y@Jordan Askins       @IF      @6'0  @160  @Granite City                            @
