Ryan Walling@2 @16@Y@Ryan Walling        @inf     @     @     @                                        @
Preston Farn@3 @08@Y@Preston Farnum      @p       @     @     @                                        @
Mitch Houle @5 @16@Y@Mitch Houle         @utl     @     @     @                                        @
Tyler Hughes@6 @08@Y@Tyler Hughes        @p       @     @     @                                        @
Juan Ventura@7 @16@Y@Juan Ventura        @p       @     @     @                                        @
Tyler Spoels@8 @08@Y@Tyler Spoelsma      @c       @     @     @                                        @
Collin Capal@9 @16@Y@Collin Capaldi      @p       @     @     @                                        @
Mike Vomaste@10@08@Y@Mike Vomastek       @c       @     @     @                                        @
Brian Bilbra@12@16@Y@Brian Bilbraut      @c       @     @     @                                        @
Jake Hornbac@13@16@Y@Jake Hornbacher     @1b      @     @     @                                        @
Nick Watson @15@08@Y@Nick Watson         @p       @     @     @                                        @
Dominic Chrc@16@08@Y@Dominic Chrcek      @inf     @     @     @                                        @
Dustin Harve@17@08@Y@Dustin Harvey       @p       @     @     @                                        @
Austin Scnei@19@16@Y@Austin Scneider     @p       @     @     @                                        @
Randy Rodrig@20@16@Y@Randy Rodriguez     @utl     @     @     @                                        @
Josh Feher  @22@16@Y@Josh Feher          @p       @     @     @                                        @
Alberto Gera@23@08@Y@Alberto Geraldino   @c       @     @     @                                        @
Yancarlos He@24@16@Y@Yancarlos Hernandez @of      @     @     @                                        @
Mason Scully@25@16@Y@Mason Scully        @p       @     @     @                                        @
Caleb Alston@28@16@Y@Caleb Alston        @p       @     @     @                                        @
Charlie Stub@33@08@Y@Charlie Stubbs      @of      @     @     @                                        @
Austin Ames @35@16@Y@Austin Ames         @p       @     @     @                                        @
Owen Kratt  @37@08@Y@Owen Kratt          @inf     @     @     @                                        @
