Tyler Schatz@1 @08@Y@Tyler Schatz        @OF      @     @     @                                        @
Riley Brant @2 @08@Y@Riley Brant         @IF      @     @     @                                        @
Brandon Zufa@3 @09@Y@Brandon Zufall      @IF      @     @     @                                        @
Eric Hegger @5 @08@Y@Eric Hegger         @IF      @     @     @                                        @
Thomas Estop@6 @10@Y@Thomas Estopare     @OF      @     @     @                                        @
Adam Ricks  @7 @17@Y@Adam Ricks          @C       @     @     @                                        @
Jason Schmei@8 @08@Y@Jason Schmeid       @OF      @     @     @                                        @
Josh Stephen@9 @11@Y@Josh Stephens       @OF      @     @     @                                        @
Trevor Schne@10@08@Y@Trevor Schneiders   @OF      @     @     @                                        @
Colin McDono@11@09@Y@Colin McDonough     @IF      @     @     @                                        @
Kurt McGuire@12@19@Y@Kurt McGuire        @P       @     @     @                                        @
Ryan Roth   @13@19@Y@Ryan Roth           @P       @     @     @                                        @
Brett Dirnbe@14@11@Y@Brett Dirnberger    @OF      @     @     @                                        @
Adam Springm@15@20@Y@Adam Springmeyer    @IF      @     @     @                                        @
Burke Echelm@16@08@Y@Burke Echelmeier    @P       @     @     @                                        @
Austin Meine@17@08@Y@Austin Meine        @P       @     @     @                                        @
Jacob Walter@18@08@Y@Jacob Walters       @IF      @     @     @                                        @
Drew Kitson @19@08@Y@Drew Kitson         @OF      @     @     @                                        @
Jordan Hurtt@20@20@Y@Jordan Hurtt        @OF      @     @     @                                        @
Jay Heller  @22@16@Y@Jay Heller          @P       @     @     @                                        @
Daniel Casti@23@08@Y@Daniel Castillo     @C       @     @     @                                        @
Devan O'Brya@24@08@Y@Devan O'Bryan       @C       @     @     @                                        @
Brandon Gutz@25@08@Y@Brandon Gutzler     @OF      @     @     @                                        @
Blake Wellin@26@08@Y@Blake Wellinghoff   @P       @     @     @                                        @
Austin Marti@27@11@Y@Austin Martin       @P       @     @     @                                        @
Jacob Koelli@28@08@Y@Jacob Koelling      @P       @     @     @                                        @
Austin Simok@29@16@Y@Austin Simokaitis   @P       @     @     @                                        @
Cody Starr  @30@16@Y@Cody Starr          @P       @     @     @                                        @
Adam Bieber @31@11@Y@Adam Bieber         @P       @     @     @                                        @
Brad Reiker @32@11@Y@Brad Reiker         @P       @     @     @                                        @
Colin Zurwel@33@16@Y@Colin Zurweller     @IF      @     @     @                                        @
Matthew Hass@34@16@Y@Matthew Hassenbeck  @P       @     @     @                                        @
