Andrew Moral@1 @08@Y@Andrew Morales      @SS      @6'   @160  @Bronx, NY                               @
Brendan Conn@2 @08@Y@Brendan Connors     @C       @5'10"@180  @Wallkill, NY                            @
Keith Bjaelk@3 @16@Y@Keith Bjaelker      @OF      @6'1" @180  @Middletown, NY                          @
Mike Mills  @4 @16@Y@Mike Mills          @P       @6'3  @190  @Livingston Manor, NY                    @
Ricardo Mora@5 @08@Y@Ricardo Morales     @OF      @6'2" @190  @Lancaster, PA                           @
Derek Edge  @6 @16@Y@Derek Edge          @2B/LF   @5'9" @160  @Jersey City, NJ                         @
Chris Almont@7 @08@Y@Chris Almonte       @2B/3B   @5'9" @165  @Providence, RI                          @
Juan Arias  @8 @08@Y@Juan Arias          @2B/SS/P @5'11"@160  @Bronx, NY                               @
DeVohn Dunca@9 @08@Y@DeVohn Duncan       @P       @5'11"@245  @Jersey City, NJ                         @
Delso Ramos @10@08@Y@Delso Ramos         @P       @6'3" @165  @Bronx, NY                               @
Bogdan Leyto@11@16@Y@Bogdan Leyton       @P       @5'10"@175  @Brooklyn, NY                            @
Diego Campos@12@08@Y@Diego Campos        @3B/P    @6'1" @185  @Providence, RI                          @
Randy Garcia@13@08@Y@Randy Garcia        @P       @6'1" @170  @Providence, RI                          @
Charles Arcu@14@10@Y@Charles Arcuri      @P       @6'2" @190  @Monroe, NY                              @
James Cruz  @15@08@Y@James Cruz          @OF      @6'1" @175  @Bronx, NY                               @
Steven Pinal@16@08@Y@Steven Pinales      @OF      @6'3" @185  @Bronx, NY                               @
John Carela @17@08@Y@John Carela         @P       @6'2" @215  @Staten Island, NY                       @
Chris Potts @19@16@Y@Chris Potts         @P       @6'1" @170  @Middletown, NY                          @
Jason Barton@20@08@Y@Jason Barton        @1B/OF   @6'7" @210  @Brooklyn, NY                            @
Chris Doyle @22@08@Y@Chris Doyle         @C       @6'3  @205  @West Babylon, NY                        @
Deon Sanders@24@09@Y@Deon Sanders        @1B      @6'   @220  @Bronx, NY                               @
Manny Tejada@25@09@Y@Manny Tejada        @1B      @6'2" @260  @Bronx, NY                               @
Alexis Mejia@30@08@Y@Alexis Mejia        @C       @6'2" @205  @Brooklyn, NY                            @
Joshua River@35@08@Y@Joshua Rivera       @P       @5'11"@160  @Middletown, NY                          @
Franciel Cam@38@19@Y@Franciel Campusano  @P       @5'10"@185  @Brooklyn, NY                            @
Chris Lee   @42@08@Y@Chris Lee           @P       @5'11"@220  @Brooklyn, NY                            @
Michael Ladk@45@16@Y@Michael Ladka       @P       @6'5" @245  @Monroe, NY                              @
