Eli Ledford @1 @16@Y@Eli Ledford         @OF      @5'10 @165  @Asheville                               @
Tyler Pollar@2 @16@Y@Tyler Pollard       @P       @5'11 @165  @King                                    @
Caleb Gaster@3 @08@Y@Caleb Gaster        @P       @6'0  @170  @Sanford                                 @
Ashton Flemi@4 @17@Y@Ashton Fleming      @SS      @5'10 @160  @Salisbury                               @
Brandon Prui@5 @08@Y@Brandon Pruitt      @OF      @5'10 @160  @Wilkesboro                              @
Zach Winkler@6 @16@Y@Zach Winkler        @P       @6'1  @175  @Clemmons                                @
Caleb Whitak@7 @19@Y@Caleb Whitaker      @P       @5'10 @155  @Mt. Airy                                @
Nathan Chamb@8 @08@Y@Nathan Chambers     @P       @6'2  @185  @Millers Creek                           @
Tyler Stotle@9 @08@Y@Tyler Stotler       @2B      @5'11 @170  @Wilkesboro                              @
Adam Ortiz  @10@11@Y@Adam Ortiz          @P/OF    @5'10 @155  @North Wilkesboro                        @
Chase Saunde@11@08@Y@Chase Saunders      @P       @5'10 @190  @Trinity                                 @
Jordan Mille@13@16@Y@Jordan Miller       @P       @6'1  @185  @Pilot Mountain                          @
Josh Fairclo@14@08@Y@Josh Faircloth      @P       @6'0  @180  @East Bend                               @
Tanner Lomax@15@08@Y@Tanner Lomax        @2B      @5'10 @170  @King                                    @
Corbin Easte@16@08@Y@Corbin Easter       @P       @6'1  @190  @King                                    @
Connor Boden@17@16@Y@Connor Bodenhamer   @OF      @6'1  @190  @Yadkinville                             @
Colton Narro@19@08@Y@Colton Narron       @3B      @6'2  @190  @Wendell                                 @
Caleb Hall  @20@11@Y@Caleb Hall          @P       @6'1  @195  @Mt. Airy                                @
Robbie Harri@21@08@Y@Robbie Harrison     @CF      @5'9  @160  @Kernersville                            @
Keon Holt   @22@16@Y@Keon Holt           @3B      @5'10 @205  @Hillsborough                            @
Courtney Cre@23@16@Y@Courtney Crews      @OF      @5'10 @195  @Raleigh                                 @
Tre' Young  @24@16@Y@Tre' Young          @1B      @6'4  @220  @Old Fort                                @
Jamison Nagl@25@08@Y@Jamison Nagle       @C       @6'1  @220  @Walnut Cove                             @
Hunter Koche@26@08@Y@Hunter Kocher       @2B      @5'10 @165  @Concord                                 @
Wesley Litak@27@11@Y@Wesley Litaker      @P       @5'9  @160  @Mooresville                             @
Scott Hoilma@32@08@Y@Scott Hoilman       @1B      @6'2  @205  @Johnson City                            @
Caleb Cox   @34@08@Y@Caleb Cox           @1B      @6'3  @255  @King                                    @
