Raylin Ferna@3 @08@Y@Raylin Fernandez    @C       @     @     @                                        @
Mike Deerfie@5 @08@Y@Mike Deerfield      @OF      @     @     @                                        @
Luke Lougher@6 @08@Y@Luke Loughery       @C       @     @     @                                        @
Kenny Costa @7 @08@Y@Kenny Costa         @SS/P    @     @     @                                        @
Mike Ragnett@8 @08@Y@Mike Ragnetti       @OF      @     @     @                                        @
Jared Ensmen@9 @16@Y@Jared Ensmenger     @C       @     @     @                                        @
Carmen D'Aiu@10@09@Y@Carmen D'Aiuto      @OF      @     @     @                                        @
Zach Sugar  @11@16@Y@Zach Sugar          @2B      @     @     @                                        @
Rubi Jimenez@12@08@Y@Rubi Jimenez        @2B      @     @     @                                        @
Josh Bishop @14@08@Y@Josh Bishop         @P       @     @     @                                        @
Rafi DeLaCru@15@16@Y@Rafi DeLaCruz       @OF      @     @     @                                        @
Steve Fitzsi@16@16@Y@Steve Fitzsimmons   @OF      @     @     @                                        @
Casey Jervis@20@08@Y@Casey Jervis        @P       @     @     @                                        @
TJ Nemeth   @21@16@Y@TJ Nemeth           @P       @     @     @                                        @
Bryan Cuevas@22@16@Y@Bryan Cuevas        @3B      @     @     @                                        @
Calvin Jimen@23@16@Y@Calvin Jimenez      @SS      @     @     @                                        @
Anthony D'Ai@24@19@Y@Anthony D'Aiuto     @1B      @     @     @                                        @
Ronnie Lazan@25@08@Y@Ronnie Lazano       @3B      @     @     @                                        @
Robert Stech@30@08@Y@Robert Stecher      @P       @     @     @                                        @
Austin Caldw@31@08@Y@Austin Caldwell     @1B      @     @     @                                        @
James Novemb@32@16@Y@James Novembre      @OF      @     @     @                                        @
Luis Sepulve@42@08@Y@Luis Sepulveda      @P       @     @     @                                        @
Jeffrey Meji@44@08@Y@Jeffrey Mejia       @P       @     @     @                                        @
Tyler Depko @47@11@Y@Tyler Depko         @P       @     @     @                                        @
