D.J. McKnigh@1 @09@Y@D.J. McKnight       @OF      @6-0  @195  @Madison, Fla.                           @
Christian Di@2 @19@Y@Christian Dicks     @OF      @6-0  @195  @Jacksonville, Fla.                      @
Cody Borup  @3 @16@Y@Cody Borup          @OF/P    @6-0  @180  @Winter Springs, Fla.                    @
Bobby Rice  @4 @16@Y@Bobby Rice          @INF     @5-8  @170  @Tallahassee, Fla.                       @
Collin Stral@5 @08@Y@Collin Strall       @P       @5-10 @165  @Atlanta, Ga.                            @
Jonathan Bur@6 @08@Y@Jonathan Burkett    @INF     @5-10 @165  @Pensacola, Fla.                         @
Riley Hodge @7 @08@Y@Riley Hodge         @P       @6-2  @205  @Cantonment, Fla.                        @
Ryne Willard@8 @16@Y@Ryne Willard        @INF     @6-1  @180  @Smithsburg, Md.                         @
Matt Olive  @9 @08@Y@Matt Olive          @C/INF   @5-9  @210  @Neptune Beach, Fla.                     @
Cole Johnson@11@16@Y@Cole Johnson        @INF     @5-11 @170  @Jupiter, Fla.                           @
Cody Alling @12@19@Y@Cody Alling         @P       @5-11 @165  @Pensacola, Fla.                         @
Shaun Herber@13@08@Y@Shaun Herbert       @P       @6-4  @190  @Vernon, Fla.                            @
Dillon Jayne@14@08@Y@Dillon Jayne        @C       @6-0  @175  @Lakeland, Fla.                          @
Connor O'Bri@17@16@Y@Connor O'Brien      @P       @6-1  @185  @Tampa, Fla.                             @
Logan Elliot@18@08@Y@Logan Elliot        @P       @6-1  @175  @Dunwoody, Ga.                           @
Geremy Walto@19@08@Y@Geremy Walton       @OF      @5-10 @195  @Newnan, Ga.                             @
Johnny Blue @20@08@Y@Johnny Blue Craig   @OF      @6-0  @185  @Tallahassee, Fla.                       @
Ben Levine  @21@08@Y@Ben Levine          @P       @6-0  @180  @Marietta, Ga.                           @
Ricky Negron@24@08@Y@Ricky Negron        @INF     @6-1  @200  @Babylon, N.Y.                           @
Kyle Pausche@25@08@Y@Kyle Pausche        @UTIL/P  @6-5  @224  @Jacksonville, Fla.                      @
Victor Cole @27@19@Y@Victor Cole         @P       @6-0  @195  @Cordova, Tenn.                          @
Robert Hende@28@08@Y@Robert Henderson    @C       @6-1  @200  @West Palm Beach, Fla.                   @
Quincy Niepo@29@08@Y@Quincy Nieporte     @C/1B    @6-1  @235  @Atlanta, Ga.                            @
Ryan Deckert@34@19@Y@Ryan Deckert        @P       @6-3  @185  @Tallahassee, Fla.                       @
Micah Dunn  @36@11@Y@Micah Dunn          @P       @6-2  @205  @Alpharetta, Ga.                         @
Will Thompso@44@11@Y@Will Thompson       @P       @6-6  @218  @Bonifay, Fla.                           @
