Kevin Rosari@1 @08@Y@Kevin Rosario       @INF     @5'11"@165  @Hollywood, FL                           @
Justin Norma@2 @09@Y@Justin Norman       @OF      @5'6" @160  @Neelyville, MO                          @
Dylan Wittho@3 @19@Y@Dylan Witthoft      @OF      @6'0" @185  @Campbell Hill, IL                       @
Jared Pruett@4 @17@Y@Jared Pruett        @INF     @5'8" @165  @Grapevine, TX                           @
Javier Aguil@5 @08@Y@Javier Aguilar      @INF     @6'1" @200  @Hollywood, FL                           @
Zach McKenne@6 @16@Y@Zach McKenney       @UT      @6'1" @200  @High Ridge, MO                          @
Tito Ovalle @7 @08@Y@Tito Ovalle         @INF     @5'9" @170  @Queens, NY                              @
Cole Boardma@9 @08@Y@Cole Boardman       @OF/RHP  @6'1" @195  @Little Rock, AR                         @
Austin Wagne@10@08@Y@Austin Wagner       @INF     @6'3" @195  @Steele, MO                              @
Keven Long  @11@08@Y@Keven Long          @RHP/UT  @6'2" @180  @Plant City, FL                          @
Stetson Adam@12@08@Y@Stetson Adams       @INF     @6'0" @155  @Mountain Home, AR                       @
Jamie Middle@13@16@Y@Jamie Middleton     @RHP     @5'8" @165  @Caruthersville, MO                      @
Dylan Slayto@14@10@Y@Dylan Slayton       @LHP     @6'0" @170  @Trenton, TN                             @
Drew Dowd   @15@08@Y@Drew Dowd           @RHP/UT  @5'11"@185  @Poplar Bluff, MO                        @
Spencer Jone@16@11@Y@Spencer Jones       @LHP     @5'10"@165  @Paragould, AR                           @
Aaron Aldric@17@08@Y@Aaron Aldrich       @C       @6'0" @215  @Doniphan, MO                            @
Adam Penning@19@11@Y@Adam Pennington     @LHP     @6'1" @170  @McClure, IL                             @
Matt Ulrich @21@08@Y@Matt Ulrich         @RHP     @6'4" @180  @Bettendorf, IA                          @
Hermen Ilarr@22@16@Y@Hermen Ilarraza     @RHP     @6'4" @195  @Yaracuy, Venezuela                      @
Donnie Mitch@23@19@Y@Donnie Mitchell     @OF/LHP  @6'2" @190  @Memphis, TN                             @
Kelvin Flore@24@11@Y@Kelvin Flores       @INF     @6'3" @220  @Brooklyn, NY                            @
Alec Pender @25@19@Y@Alec Pender         @OF      @5'11"@170  @Little Rock, AR                         @
Kody Moore  @27@08@Y@Kody Moore          @INF     @5'11"@155  @Oran, MO                                @
Michael Glov@28@08@Y@Michael Glover      @RHP/UT  @6'3" @218  @Holcomb, MO                             @
Chad Tomlins@30@08@Y@Chad Tomlinson      @RHP     @6'3" @175  @Bartow, FL                              @
Dylan Nelson@31@08@Y@Dylan Nelson        @RHP/C   @6'0" @225  @Adel, IA                                @
Santos Duran@33@11@Y@Santos Duran        @OF      @5'10"@170  @Brooklyn, NY                            @
Jake Nickels@35@16@Y@Jake Nickelson      @C       @6'4" @240  @Fulton, MO                              @
Austin Gardn@39@08@Y@Austin Gardner      @OF      @6'3" @205  @Viola, AR                               @
Zach Summers@40@16@Y@Zach Summers        @RHP     @6'4" @205  @Lincoln, AR                             @
Roger Mena  @42@16@Y@Roger Mena          @RHP     @6'3" @215  @Santo Domingo, Dominican Republic       @
Alex Heuring@44@08@Y@Alex Heuring        @C       @6'4" @200  @Oran, MO                                @
