Nick Johnson@1 @17@Y@Nick Johnson        @Inf     @6'2  @155  @Aurora, CO                              @
Nico Porreco@4 @19@Y@Nico Porreco        @OF      @6'0  @165  @Arvada, CO                              @
Colby Schrad@5 @08@Y@Colby Schrade       @Inf     @5'9  @160  @Victoria, TX                            @
Wesley Aguil@6 @16@Y@Wesley Aguilar      @Inf     @5'11 @160  @San Ysidro                              @
Austin Rober@7 @16@Y@Austin Roberts      @RHP     @5'11 @180  @Louisville, CO                          @
Julien Belan@8 @09@Y@Julien Belanger     @Inf     @5'6  @135  @Batiscan, QC                            @
Dillon Gaasb@9 @19@Y@Dillon Gaasbeck     @LHP     @6'4  @180  @Centennial, CO                          @
Logan Serena@10@08@Y@Logan Serena        @Inf     @5'11 @140  @Parker, CO                              @
Christian Be@11@16@Y@Christian Benitez   @OF      @5'10 @165  @El Paso, TX                             @
Nick Eurich @12@16@Y@Nick Eurich         @OF      @5'10 @150  @Pueblo, CO                              @
Julian Moroy@14@16@Y@Julian Moroyoqui    @UT      @6'2  @170  @Longmont, CO                            @
Brady Cates @15@08@Y@Brady Cates         @RHP     @6'3  @145  @Cheyenne, WY                            @
Beau Talley @16@09@Y@Beau Talley         @Inf     @6'2  @190  @Edna, TX                                @
Drake Duncan@17@16@Y@Drake Duncan        @C       @5'7  @170  @Indianapolis, IN                        @
Alex Rogers @18@08@Y@Alex Rogers         @RHP     @6'0  @170  @Nanaimo, BC                             @
Erik Bussey @19@16@Y@Erik Bussey         @RHP     @6'3  @175  @Parker, CO                              @
Izar Mendez @20@11@Y@Izar Mendez         @LHP     @5'10 @165  @Brawley, CA                             @
Codi Guillor@21@08@Y@Codi Guillory       @C       @5'11 @190  @Castle Rock, CO                         @
Dalton Drury@22@08@Y@Dalton Drury        @Inf     @5'11 @170  @Pueblo, CO                              @
Max Brouilla@23@10@Y@Max Brouillard      @LHP     @6'2  @195  @Trois Riviers, QC                       @
Michael Barr@24@16@Y@Michael Barrientos  @OF      @6'0  @200  @San Antonio, TX                         @
Jean-Felix P@29@17@Y@Jean-Felix Proulx   @RHP     @6'4  @215  @Nicolet, QC                             @
Jordan Smith@32@08@Y@Jordan Smith        @RHP     @6'0  @165  @Aurora, CO                              @
Taylor Niels@33@08@Y@Taylor Nielson      @OF      @5'11 @175  @Lehi, UT                                @
Thanasi Lyco@36@11@Y@Thanasi Lycou       @LHP     @6'0  @195  @Albuquerque, NM                         @
Jackson Prit@44@08@Y@Jackson Pritchard   @C       @6'3  @160  @El Paso, TX                             @
Craig Bristo@45@16@Y@Craig Bristol       @RHP     @6'4  @210  @Mansfield, TX                           @
Josh Payne  @49@08@Y@Josh Payne          @RHP     @6'6  @240  @West Haven, UT                          @
