Anthony Scar@2 @08@Y@Anthony Scarselli   @INF     @6'0" @165  @Kingston, NY                            @
Eric Porter @3 @08@Y@Eric Porter         @OF      @5'11"@160  @Kingston, NY                            @
Matthew Flet@5 @08@Y@Matthew Fletcher    @INF/C   @6'1" @180  @Kingston, NY                            @
Jossue Guzma@7 @08@Y@Jossue Guzman       @INF     @5'8" @175  @Tampa, FL                               @
Padraic DeFi@8 @12@Y@Padraic DeFino      @C       @6'0" @190  @Saugerties, NY                          @
Charles Fina@9 @08@Y@Charles Fina        @C/1B    @6'3" @195  @Boiceville, NY                          @
Andrew Conov@10@17@Y@Andrew Conover      @2B/P    @5'8" @150  @Wallkill, NY                            @
Micah Riddic@11@08@Y@Micah Riddick       @OF/P    @6'4" @190  @Kingston, NY                            @
Andrew Casta@12@08@Y@Andrew Castano      @INF/P   @6'2" @185  @Inwood, NY                              @
Jason Farrel@13@08@Y@Jason Farrell       @OF      @5'11"@195  @Saugerties, NY                          @
Carlos Mapes@15@08@Y@Carlos Mapes        @INF     @5'7" @170  @Middletown, NY                          @
Sean DeBrosk@16@08@Y@Sean DeBrosky       @P       @6'0" @175  @Kingston, NY                            @
Brandon Flet@18@16@Y@Brandon Fletcher    @INF     @6'3" @180  @Kingston, NY                            @
Sam Fisher  @19@08@Y@Sam Fisher          @P       @6'0" @170  @Kingston, NY                            @
Samuel Fonta@22@08@Y@Samuel Fontanez     @OF/P    @6'0" @180  @Middletown, NY                          @
Christian Sm@23@08@Y@Christian Smith     @OF/P    @5'7" @140  @Hurley, NY                              @
Brody Malone@25@08@Y@Brody Maloney       @P/INF   @6'1" @175  @Saugerties, NY                          @
Grant Chenow@33@08@Y@Grant Chenoweth     @P       @6'1" @180  @Middletown, NY                          @
Zacharry Vag@34@08@Y@Zacharry Vagias     @OF      @5'9" @160  @Hurley, NY                              @
Larry Torres@44@16@Y@Larry Torres        @P       @6'0" @195  @Middletown, NY                          @
Nicholas Gra@46@08@Y@Nicholas Grant      @INF     @5'10"@210  @Big Indian, NY                          @
