Joel Acosta @1 @16@Y@Joel Acosta         @INF     @5'8" @160  @Waterbury, CT                           @
Shawn Nadeau@3 @19@Y@Shawn Nadeau        @P       @5'10"@165  @Groton, CT                              @
Mike Schetti@8 @08@Y@Mike Schettino      @P       @5'9" @165  @North Branford, CT                      @
Alex LeFevre@9 @16@Y@Alex LeFevre        @C       @6'1" @185  @Mansfield, CT                           @
Chris Gonnel@11@08@Y@Chris Gonnelli      @P       @6'2" @180  @Chaplin, CT                             @
Alex Miller @13@17@Y@Alex Miller         @INF     @6'0" @182  @Oxford, CT                              @
Doug Domnars@14@11@Y@Doug Domnarski      @P       @5'10"@170  @Stonington, CT                          @
Nick Landell@15@08@Y@Nick Landell        @INF     @5'9" @165  @                                        @
Nick Perrell@17@08@Y@Nick Perrelli       @OF      @5'11"@195  @North Branford, CT                      @
Baylor LaPoi@18@08@Y@Baylor LaPointe     @P       @6'2" @225  @Amston, CT                              @
Matt Greene @19@16@Y@Matt Greene         @OF      @6'1" @220  @New London, CT                          @
Kevin Hall  @21@16@Y@Kevin Hall          @OF      @5'10"@170  @Meriden, CT                             @
Andrew Reel @22@16@Y@Andrew Reel         @P       @6'0" @190  @Southbury, CT                           @
Diondrey Sap@23@08@Y@Diondrey Sapp       @OF      @5'10"@180  @Bristol, CT                             @
Connor Buckl@24@16@Y@Connor Buckley      @INF     @6'1" @180  @Stonington, CT                          @
John Amoroso@25@16@Y@John Amoroso        @P       @6'1" @200  @Stratford, CT                           @
Izzy Davila @26@08@Y@Izzy Davila         @OF/P    @5'11"@185  @Groton, CT                              @
Kyle Hart   @27@11@Y@Kyle Hart           @OF      @5'10"@190  @North Branford, CT                      @
Garrett DeLo@28@17@Y@Garrett DeLotto     @INF     @6'0" @190  @Southbury, CT                           @
Nick DeLotto@29@16@Y@Nick DeLotto        @1B/DH   @5'9" @180  @Southbury, CT                           @
Andrew Hinck@30@08@Y@Andrew Hinckley     @C/P/INF @5'11"@195  @East Haven, CT                          @
Zach Albin  @31@16@Y@Zach Albin          @P       @6'2" @205  @Bethel, CT                              @
Christopher @32@17@Y@Christopher Mayhew  @1B      @6'1" @200  @Brooklyn, CT                            @
Rob Sprafke @33@08@Y@Rob Sprafke         @C       @6'2" @210  @Wallingford, CT                         @
Bryant Moran@34@08@Y@Bryant Morander     @P       @6'5" @245  @Newington, CT                           @
Kevin Lacy  @37@16@Y@Kevin Lacy          @P       @6'1" @220  @Framingham, MA                          @
Ryan Formans@38@16@Y@Ryan Formanski      @P       @6'4" @235  @Wallingford, CT                         @
