Chase Haas  @2 @08@Y@Chase Haas          @INF     @     @     @Columbia, SC                            @
Jordan Willi@3 @16@Y@Jordan Williams     @C       @     @     @Columbia, SC                            @
Zach Callaha@4 @08@Y@Zach Callahan       @INF     @     @     @Blythewood, South Carolina              @
Patrick Burt@5 @16@Y@Patrick Burt        @C       @     @     @Cayce, South Carolina                   @
Ranz Bodison@6 @16@Y@Ranz Bodison        @OF      @     @     @Mauldin, South Carolina                 @
Austin Hill @7 @08@Y@Austin Hill         @RHP/INF @     @     @Columbia, South Carolina                @
Drew Graydon@8 @08@Y@Drew Graydon        @C       @     @     @Greenville, South Carolina              @
Casey Parker@10@08@Y@Casey Parker        @INF     @     @     @West Columbia, South Carolina           @
Rooke Crouch@11@08@Y@Rooke Crouch        @RHP     @     @     @Greenville, South Carolina              @
Jake Carr   @12@08@Y@Jake Carr           @OF      @     @     @Greenville, South Carolina              @
Ryan Manore @13@16@Y@Ryan Manore         @OF      @     @     @Hannahan, South Carolina                @
Derek Croxto@16@08@Y@Derek Croxton       @OF      @     @     @Blythewood, South Carolina              @
Tad Martin  @17@09@Y@Tad Martin          @INF     @     @     @Rock Hill, South Carolina               @
Jonah Crensh@18@16@Y@Jonah Crenshaw      @OF      @     @     @Lancaster, South Carolina               @
Bryan Dye   @19@19@Y@Bryan Dye           @1B      @     @     @Summerville, South Carolina             @
Tanner Petre@20@16@Y@Tanner Petrey       @RHP     @     @     @Cayce, South Carolina                   @
Parker Burt @21@16@Y@Parker Burt         @INF     @     @     @Cayce, South Carolina                   @
Tyler Jackso@22@08@Y@Tyler Jackson       @RHP     @     @     @Laurens, South Carolina                 @
Wade Arduini@23@18@Y@Wade Arduini        @LHP/1B  @     @     @Clifton, Virginia                       @
Nathan Ellio@24@08@Y@Nathan Elliott      @RHP     @     @     @Kingstree, South Carolina               @
Ricky Lewis @28@16@Y@Ricky Lewis         @RHP     @     @     @Lancaster, South Carolina               @
Ben Taylor  @29@11@Y@Ben Taylor          @LHP     @     @     @Columbia, South Carolina                @
Bryan Drager@30@16@Y@Bryan Drager        @RHP     @     @     @Clifton, Virginia                       @
Kyle Nyenhui@31@19@Y@Kyle Nyenhuis       @LHP     @     @     @Charlotte, North Carolina               @
Eric Yost   @33@11@Y@Eric Yost           @LHP/1B  @     @     @Dunwoody, Georgia                       @
Tommy Winter@35@16@Y@Tommy Winterstein   @INF/RHP @     @     @Blythewood, South Carolina              @
Josh Shailer@36@08@Y@Josh Shailer        @RHP/OF  @     @     @Dunwoody, Georgia                       @
Matthew Just@37@08@Y@Matthew Justice     @RHP     @     @     @Boiling Springs, South Carolina         @
Chris Stewar@38@16@Y@Chris Stewart       @RHP     @     @     @Batesburg, South Carolina               @
Bobby Watfor@40@08@Y@Bobby Watford       @RHP     @     @     @Conway, South Carolina                  @
Sam Pruitt  @41@08@Y@Sam Pruitt          @RHP     @     @     @Marlboro, South Carolina                @
Mitchell Pri@42@08@Y@Mitchell Price      @UTL     @     @     @Columbia, South Carolina                @
Kyle Baldwin@43@16@Y@Kyle Baldwin        @RHP     @     @     @Columbia, South Carolina                @
