Bryce Blackb@1 @08@Y@Bryce Blackburn     @2B      @5'9" @150  @Price, UT                               @
Tyson Hutchi@2 @16@Y@Tyson Hutchins      @OF      @6'2" @175  @Grantsville, UT                         @
Lucas Madsen@3 @16@Y@Lucas Madsen        @SS      @5'10"@175  @Preston, ID                             @
Manny Begay @4 @08@Y@Manny Begay         @2B      @5'10"@185  @Grantsville, UT                         @
Riley Ericks@5 @19@Y@Riley Erickson      @OF/LHP  @5'9" @160  @Pleasant Grove, UT                      @
Derek Young @6 @08@Y@Derek Young         @1B/RHP  @6'5" @175  @Price, UT                               @
Jayce Hill  @7 @08@Y@Jayce Hill          @RHP     @6'1" @160  @Orem, UT                                @
Tanner Wilde@8 @08@Y@Tanner Wilde        @3B      @6'1" @180  @St. George, UT                          @
Jordan Melle@9 @11@Y@Jordan Mellen       @OF      @5'9" @175  @Payson, UT                              @
Kyle Durbin @10@17@Y@Kyle Durbin         @SS      @6'1" @175  @Idaho Falls, ID                         @
Jonathan San@11@17@Y@Jonathan Santiago   @1B      @6'0" @190  @Mayaquez, PR                            @
Mitch Dahl  @12@16@Y@Mitch Dahl          @RHP     @6'3" @195  @Pleasant Grove, UT                      @
Dakota Cisne@13@12@Y@Dakota Cisneros     @OF/RHP  @5'10"@150  @Price, UT                               @
Colter Moore@14@16@Y@Colter Moore        @RHP     @6'8" @200  @Orangeville, UT                         @
Dylan Haslam@15@08@Y@Dylan Haslam        @OF      @5'11"@160  @Salt Lake City, UT                      @
Colton Drane@16@19@Y@Colton Draney       @LHP     @6'3" @180  @Preston, ID                             @
Chase Castle@19@16@Y@Chase Castleberry   @RHP     @6'2" @200  @Mapleton, UT                            @
Greg Ashley @20@08@Y@Greg Ashley         @OF      @6'3" @180  @Cheyenne, WY                            @
Sean Hardman@21@08@Y@Sean Hardman        @RHP     @6'1" @175  @Pleasant Grove, UT                      @
Hadley Thorp@23@08@Y@Hadley Thorpe       @3B      @6'2" @200  @Spanisk Fork, UT                        @
Kelby Landon@24@08@Y@Kelby Landon        @C       @6'0" @185  @Grantsville, UT                         @
Treavor Nutt@25@16@Y@Treavor Nuttall     @RHP     @6'3" @200  @Layton, UT                              @
Cameron Mone@27@08@Y@Cameron Money       @OF      @6'1" @170  @Spanish Fork, UT                        @
Jacob Chlars@28@08@Y@Jacob Chlarson      @C       @5'11"@185  @Jacksonville, Il                        @
Wyatt Kesler@29@08@Y@Wyatt Kesler        @RHP     @5'11"@175  @Roosevelt, UT                           @
Shayden Poul@32@19@Y@Shayden Poulsen     @LHP     @6'3" @195  @Montpelier, ID                          @
Cooper Beck @34@08@Y@Cooper Beck         @1B/RHP  @6'0" @210  @Spansih Fork, UT                        @
Cortlen Niel@37@08@Y@Cortlen Nielsen     @RHP     @6'0" @175  @Spanish Fork, UT                        @
