Lee Club    @1 @09@Y@Lee Club            @OF      @5' 10@185  @Iowa Park, TX                           @
Colten Danie@3 @16@Y@Colten Daniels      @INF     @5' 10@165  @Hurst, TX                               @
Damon Collad@4 @08@Y@Damon Collada       @INF     @6' 1"@180  @Ft. Pierce, FL                          @
P. J. Garcia@5 @09@Y@P. J. Garcia        @INF     @5' 11@160  @Phoenix, AZ                             @
Parker Johns@6 @09@Y@Parker Johnson      @C       @5' 8"@165  @Vernon, TX                              @
Andre Moore @8 @16@Y@Andre Moore         @OF      @5' 10@160  @Dallas, TX                              @
Nick Hill   @9 @16@Y@Nick Hill           @OF      @5 11"@165  @Grand Junction, CO                      @
Ben Dunbar  @11@16@Y@Ben Dunbar          @C       @5' 10@185  @British Columbia                        @
Jake Nash   @12@16@Y@Jake Nash           @INF     @6' 1"@195  @Palestine, TX                           @
Andrew Filot@13@09@Y@Andrew Filoteo      @INF     @5' 11@200  @Honolulu, HI                            @
Reese Read  @14@08@Y@Reese Read          @RHP     @6'   @175  @Bridgeport, TX                          @
Joe Dean Shi@15@16@Y@Joe Dean Shipp      @OF      @5' 8"@170  @Hurst, TX                               @
Clint Harris@16@08@Y@Clint Harris        @INF     @6' 2"@185  @Mansfield, TX                           @
Zach Johnson@17@08@Y@Zach Johnson        @C       @5' 10@190  @Ft. Worth, TX                           @
Brandon McCa@18@16@Y@Brandon McCarthy    @INF     @6' 4"@215  @British Columbia                        @
Josh Timms  @19@08@Y@Josh Timms          @OF      @6'   @185  @Rhome, TX                               @
Spencer Till@20@08@Y@Spencer Tillman     @RHP     @6' 1"@180  @Mustang, OK                             @
Quinten Mott@21@08@Y@Quinten Motto       @RHP     @6'7" @200  @Little Rock                             @
Weston Wuthr@22@16@Y@Weston Wuthrich     @RHP     @6'   @185  @Archer City, TX                         @
Marty Jentsc@23@16@Y@Marty Jentsch       @RHP     @6' 1"@190  @Archer City                             @
Daulton Leik@24@16@Y@Daulton Leiker      @RHP     @6'   @195  @Ft. Worth, TX                           @
Chantz Holla@25@08@Y@Chantz Holland      @RHP     @6' 1"@165  @Palestine, TX                           @
Colt Ritzel @26@11@Y@Colt Ritzel         @LHP     @6' 4"@180  @Sanger, TX                              @
Austin Card @27@16@Y@Austin Card         @RHP     @6'   @200  @Ft. Worth, TX                           @
Colton Monk @28@16@Y@Colton Monk         @OF      @6'   @185  @Farmersville, TX                        @
Graydon Gatl@29@08@Y@Graydon Gatlin      @1B      @6'2  @220  @                                        @
Ryan Todd   @30@16@Y@Ryan Todd           @RHP     @6' 3"@285  @Holliday, TX                            @
