Zack Cooper @1 @16@Y@Zack Cooper         @SS      @6', 1@170  @Franklinton, NC                         @
Dustin Wilso@2 @16@Y@Dustin Wilson       @RF      @5', 8@160  @Lawndale, NC                            @
AJ Sconzo   @3 @08@Y@AJ Sconzo           @LF      @5', 8@165  @Holly Springs, NC                       @
Wyatt Evans @5 @08@Y@Wyatt Evans         @2B      @5', 8@160  @Oxford, NC                              @
Adam Morriso@6 @08@Y@Adam Morrison       @CF      @6', 0@175  @Clayton, NC                             @
Alex Scott  @8 @08@Y@Alex Scott          @SS      @5', 1@190  @Sanford, NC                             @
Trevor Pence@9 @16@Y@Trevor Pence        @P       @6', 1@180  @New Bern, NC                            @
Connor Gaine@11@08@Y@Connor Gaines       @P       @6', 5@190  @Sanford, NC                             @
Jan Vondrick@12@08@Y@Jan Vondricka       @LF      @6', 0@180  @Prague, Czech Republic                  @
Derek Jackso@13@08@Y@Derek Jackson       @P       @6', 2@185  @Cameron, NC                             @
Hunter Brown@14@16@Y@Hunter Brown        @P       @5', 1@185  @Garner, NC                              @
Logan Nobles@16@10@Y@Logan Nobles        @P       @5', 1@175  @Vanceboro, NC                           @
Brad Edwards@17@08@Y@Brad Edwards        @P       @6', 0@160  @Gastonia, NC                            @
Taylor Wrigh@18@08@Y@Taylor Wright       @C       @5', 8@195  @New Port, NC                            @
Damien Dudle@19@08@Y@Damien Dudley       @P       @6', 2@200  @Bethel, NC                              @
Houston Ande@20@08@Y@Houston Anderson    @2B      @5', 8@165  @Creedmoor, NC                           @
Logan Walden@21@17@Y@Logan Walden        @P       @6', 0@220  @Belmont, NC                             @
Jake Beaver @22@17@Y@Jake Beaver         @3B      @6', 2@220  @Mooresville, NC                         @
Michel Saba @24@08@Y@Michel Saba         @P       @5', 1@155  @Queens, NY                              @
Chris Hicks @25@17@Y@Chris Hicks         @2B      @5', 1@200  @Wilmington, NC                          @
Tyler Marshb@27@20@Y@Tyler Marshburn     @C       @6', 1@195  @Clayton, NC                             @
Brandon Grag@29@11@Y@Brandon Gragilla    @1B      @6', 6@245  @Cornelius, NC                           @
Zack Sicknic@32@08@Y@Zack Sicknick       @C       @6', 0@195  @Old Bridge, NJ                          @
Matt Furh   @34@08@Y@Matt Furh           @P       @6', 0@185  @Miamsburg, OH                           @
