Kevin Simmon@1 @16@Y@Kevin Simmons       @P/SS    @6'1" @175  @Valley Grande,Al                        @
Stuart Dawso@2 @16@Y@Stuart Dawson       @SS / OF @6'0  @180  @Prattville                              @
Joe Pradat  @3 @08@Y@Joe Pradat          @P/2B    @5'9" @180  @Tuscaloosa,Al                           @
Bryce Jay   @4 @11@Y@Bryce Jay           @P/OF    @5'9" @175  @Gardendale,Al                           @
Kevin Vaugha@5 @08@Y@Kevin Vaughan       @P/OF    @6'1" @180  @Atmore,Al                               @
Jared White @6 @16@Y@Jared White         @OF      @5'9" @185  @Lawley,Al                               @
Stephen Mims@7 @11@Y@Stephen Mims        @P       @5'10"@165  @Maplesville,Al                          @
Reise Bell  @8 @08@Y@Reise Bell          @3B/2B   @5'10"@180  @Pensacola,Fl                            @
Adam Tekulve@9 @08@Y@Adam Tekulve        @OF      @6'1" @185  @Oneonta,Al                              @
Toby King   @10@08@Y@Toby King           @P/3B    @6'1" @180  @Minter,Al                               @
Christopher @11@08@Y@Christopher Upshaw  @P       @5'9" @160  @Eufaula,Al                              @
Chase Barber@12@09@Y@Chase Barber        @OF      @5'9" @160  @Prattville,Al                           @
Adam Mitchel@15@08@Y@Adam Mitchell       @P       @5'10"@170  @Birmingham,Al                           @
Tyler Graham@16@08@Y@Tyler Graham        @C       @6'1" @185  @Hueytown,Al                             @
LaDarious Wa@17@08@Y@LaDarious Walker    @P/OF    @6'3" @190  @Stockbridge,Ga                          @
Josh Gonzale@20@16@Y@Josh Gonzalez       @C/OF    @5'9" @170  @Buffalo,NY                              @
Alex Campbel@21@08@Y@Alex Campbell       @P/3B    @6'2" @215  @Jemison,Al                              @
Tyler Evans @23@08@Y@Tyler Evans         @1B      @6'0" @185  @Pinson,Al                               @
Caleb Mims  @24@16@Y@Caleb Mims          @C       @5'10"@180  @Childersburg,Al                         @
Tregra Willi@25@08@Y@Tregra Williams     @P/SS    @6'4" @220  @Nawrenceville,Ga                        @
Jarrod Mims @29@16@Y@Jarrod Mims         @P       @6'5" @220  @Alpine,Al                               @
