Alex Gay    @00@19@Y@Alex Gay            @OF      @5'11 @195  @Quincy, FL                              @
Cody Wallace@1 @08@Y@Cody Wallace        @UTI     @5'9  @160  @Ariton, AL                              @
Jake Brown  @2 @20@Y@Jake Brown          @IF      @6'2  @185  @Rehobeth, AL                            @
Aaron Green @3 @16@Y@Aaron Green         @IF      @6'0  @185  @Sneads, FL                              @
Ti Inlow    @4 @16@Y@Ti Inlow            @P       @5"11 @170  @Hamilton, GA                            @
Jonathon Lam@5 @08@Y@Jonathon Lambright  @OF      @6'3  @180  @Macclenny, FL                           @
Trevor Howar@6 @19@Y@Trevor Howard       @P       @6'0  @180  @Headland, AL                            @
Drew Eady   @7 @08@Y@Drew Eady           @OF      @6"3  @180  @LaGrange, GA                            @
Austin Bizzl@8 @08@Y@Austin Bizzle       @P       @6'1  @165  @Panama City, FL                         @
Sawyer Betts@9 @16@Y@Sawyer Betts        @P       @6'1  @200  @Tallahassee, FL                         @
Troy Smith  @10@08@Y@Troy Smith          @OF/P    @6'1  @165  @Milton, FL                              @
Jack Bradfor@12@08@Y@Jack Bradford       @IF      @5'10 @155  @LaGrange, GA                            @
Austin Whitl@13@08@Y@Austin Whitlock     @IF/P    @5'11 @170  @Smiths Station, AL                      @
Jacob Moye  @14@08@Y@Jacob Moye          @P       @6'2  @185  @Dothan, AL                              @
Patrick Fond@15@16@Y@Patrick Fondren     @P/1B    @6'3  @225  @Hartford, AL                            @
Seth Evans  @17@08@Y@Seth Evans          @IF      @6'0  @220  @Valdosta, GA                            @
Tanner Emmon@18@16@Y@Tanner Emmons       @UTI     @6'0  @180  @Tampa, FL                               @
Luis Herrera@19@08@Y@Luis Herrera        @OF      @6'2  @200  @Bronx, New York                         @
Clay Benefie@20@08@Y@Clay Benefield      @1B/P    @6'1  @225  @Pace, FL                                @
Jake Norton @21@08@Y@Jake Norton         @IF/P    @6'0  @195  @LaGrange, GA                            @
John McNamar@22@08@Y@John McNamara       @C       @6'0  @185  @Ft. Lauderdale, FL                      @
Alex Watson @23@16@Y@Alex Watson         @C       @6'1  @215  @Rehobeth, AL                            @
John Hutto  @24@20@Y@John Hutto          @1B      @6'3  @235  @Dothan, AL                              @
Jordan Marti@25@18@Y@Jordan Martin       @P       @6'5  @205  @Milton, FL                              @
Wes Carter  @26@18@Y@Wes Carter          @P       @5'11 @160  @Plant City, FL                          @
Joey Hair   @27@08@Y@Joey Hair           @P       @6'2  @195  @Panama City, FL                         @
Adam Pierce @28@09@Y@Adam Pierce         @C       @6'0  @195  @Dothan, AL                              @
Craig Crouch@29@08@Y@Craig Crouch        @P       @6'3  @185  @Alexander City, AL                      @
Trent Robert@51@08@Y@Trent Roberts       @P/1B    @6'2  @210  @Monticello, FL                          @
