Tevin Brown @1 @16@Y@Tevin Brown         @2B/SS   @5'10 @170  @Bolingbrook                             @
Brett Assell@2 @11@Y@Brett Assell        @LHP     @5'9  @160  @Yorkville                               @
Ayhan Ozgen @3 @08@Y@Ayhan Ozgen         @RHP     @6'0  @160  @Minooka                                 @
Sean Holas  @4 @08@Y@Sean Holas          @2B      @5'10 @150  @Westchester                             @
Dan Berendt @5 @08@Y@Dan Berendt         @OF      @5'11 @175  @Geneva                                  @
Jose Camacho@6 @12@Y@Jose Camacho        @C/3B    @6'1  @190  @Oswego                                  @
Devin Ambros@7 @16@Y@Devin Ambrose       @SS/2B   @5'6  @150  @Plano                                   @
Gered Bales @9 @20@Y@Gered Bales         @OF      @5'9  @150  @Champaign                               @
Geffery Acci@10@16@Y@Geffery Acciari     @RHP     @5'9  @180  @Chicago                                 @
P.J. O'Brien@11@08@Y@P.J. O'Brien        @RHP     @5'10 @155  @St. Charles                             @
Bobby Smith @13@16@Y@Bobby Smith         @OF      @6'0  @190  @Oswego                                  @
Ray Cekus   @14@16@Y@Ray Cekus           @1B/OF   @5'11 @180  @Chicago                                 @
Colin Eggles@15@11@Y@Colin Eggleson      @LHP     @5'9  @155  @Sycamore                                @
Matt Boucher@16@11@Y@Matt Boucher        @LHP     @6'0  @175  @Spring Valley                           @
Ryan Fejt   @17@16@Y@Ryan Fejt           @RHP     @6'2  @160  @Westchester                             @
Jordan Jones@18@16@Y@Jordan Jones        @RHP     @6'0  @160  @                                        @
John Hopkins@19@08@Y@John Hopkins        @RHP     @6'0  @170  @Elburn                                  @
Matt Miller @20@08@Y@Matt Miller         @RHP     @5'9  @215  @Oswego                                  @
Pete Bowe   @21@16@Y@Pete Bowe           @OF/INF  @6'0  @170  @Geneva                                  @
Jeff LaPage @22@08@Y@Jeff LaPage         @C       @5'11 @185  @Carl Stream                             @
Jackson Bail@23@11@Y@Jackson Bailey      @LHP     @6'0  @190  @Aurora                                  @
Tyler LaFlam@24@08@Y@Tyler LaFlamme      @RHP     @6'2  @180  @Beach Grove                             @
Nick Gillett@25@16@Y@Nick Gillette       @OF      @6'2  @200  @Yorkville                               @
Tyler Heinle@27@16@Y@Tyler Heinle        @INF     @6'2  @170  @Sugar Grove                             @
Tanner Cook @29@19@Y@Tanner Cook         @LHP     @6'1  @210  @Yorkville                               @
P.J. Holbroo@30@08@Y@P.J. Holbrook       @OF      @6'0  @210  @Aurora                                  @
Ryan Dornink@31@16@Y@Ryan Dornink        @RHP     @6'3  @220  @Mendota                                 @
Chris Hawks @32@08@Y@Chris Hawks         @RHP     @5'9  @180  @Aurora                                  @
Tom Colletti@34@08@Y@Tom Colletti        @1B/RHP  @6'1  @205  @Wheaton                                 @
Brandyn Ston@36@08@Y@Brandyn Stoneberg   @C/3B    @5'10 @170  @Yorkville                               @
Mitch Pricke@37@16@Y@Mitch Prickett      @RHP     @6'2  @185  @Yorkville                               @
Angel Sanche@38@16@Y@Angel Sanchez       @RHP     @6'2  @200  @Northlake                               @
Jarret Clark@40@18@Y@Jarret Clark        @C       @6'1  @200  @Batavia                                 @
Austin Bless@41@08@Y@Austin Blessing     @RHP     @6'2  @170  @Boulder, CO                             @
Blake Salesk@45@08@Y@Blake Salesky       @RHP     @6'1  @210  @Aurora                                  @
Kyle Doney  @55@19@Y@Kyle Doney          @LHP     @6'5  @240  @Plano                                   @
