Rob Gallaghe@1 @16@Y@Rob Gallagher       @INF     @     @     @                                        @
Carter Dittm@2 @08@Y@Carter Dittmer      @INF     @     @     @                                        @
Jordan Hood @3 @16@Y@Jordan Hood         @PIT     @     @     @                                        @
Cole Eastwoo@4 @16@Y@Cole Eastwood       @OF      @     @     @                                        @
Devyn Adames@5 @08@Y@Devyn Adames        @INF/OF  @     @     @                                        @
Tyler Solomo@6 @08@Y@Tyler Solomom       @PIT     @     @     @                                        @
Curtis Barge@7 @16@Y@Curtis Barger       @INF     @     @     @                                        @
Caleb Garton@8 @08@Y@Caleb Garton        @PIT     @     @     @                                        @
Marc Krantz @9 @08@Y@Marc Krantz         @OF      @     @     @                                        @
Ethan McCray@10@08@Y@Ethan McCray        @INF     @     @     @                                        @
Jose Mosby-N@11@08@Y@Jose Mosby-Norris   @OF/INF  @     @     @                                        @
Chris Edward@12@08@Y@Chris Edwards       @OF      @     @     @                                        @
Auston Nordi@13@08@Y@Auston Nordike      @OF      @     @     @                                        @
Cory Pleache@14@08@Y@Cory Pleacher       @PIT     @     @     @                                        @
Ka'san Willi@16@08@Y@Ka'san Williams     @OF      @     @     @                                        @
Tanner Easta@17@16@Y@Tanner Eastabrooks  @INF/OF  @     @     @                                        @
Mackenzie Br@18@08@Y@Mackenzie Bruce     @OF      @     @     @                                        @
Pete Brittai@19@08@Y@Pete Brittain       @INF     @     @     @                                        @
Josh Lenhard@20@08@Y@Josh Lenhardt       @INF     @     @     @                                        @
Tanner Stone@21@08@Y@Tanner Stone        @PIT     @     @     @                                        @
David Mooney@22@08@Y@David Mooney        @INF     @     @     @                                        @
Rex Whisner @23@08@Y@Rex Whisner         @OF      @     @     @                                        @
Myles Gibson@24@08@Y@Myles Gibson        @INF     @     @     @                                        @
Beau Frankli@25@16@Y@Beau Franklin       @INF     @     @     @                                        @
