Ben Adams   @1 @08@Y@Ben Adams           @OF      @5' 7"@160  @Texarcana, TX                           @
Matthew Boy @2 @08@Y@Matthew Boy         @C       @5' 11@180  @Hartwell, GA                            @
Sam Tuck    @3 @08@Y@Sam Tuck            @3B      @5' 11@180  @Rome, GA                                @
Brett Mills @4 @08@Y@Brett Mills         @2B      @5' 10@160  @Bowman, GA                              @
Garrett Haye@5 @17@Y@Garrett Hayes       @1B      @5' 11@195  @Douglasville, GA                        @
Blane Swift @6 @16@Y@Blane Swift         @SS      @6' 1"@175  @Rockmart, GA                            @
Davis Aiken @7 @09@Y@Davis Aiken         @OF      @5' 9"@180  @Watkinsville, GA                        @
Blake Butche@8 @16@Y@Blake Butcher       @3B      @5' 10@195  @Watkinsville, GA                        @
Corey Fehrib@10@09@Y@Corey Fehribach     @2B      @5' 10@180  @Douglasville, GA                        @
C. J. Navin @11@08@Y@C. J. Navin         @OF      @5' 10@180  @Flowery Branch, GA                      @
Bryce Wrenn @12@08@Y@Bryce Wrenn         @C       @6'   @170  @Talapoosa, GA                           @
Anthony Brow@14@16@Y@Anthony Brown       @OF      @6' 1"@185  @Atlanta, GA                             @
Eric Halpern@15@17@Y@Eric Halpern        @C       @6' 1"@195  @Roswell, GA                             @
Mason Hamilt@16@16@Y@Mason Hamilton      @OF/1B/3B@6' 1"@190  @Rome, GA                                @
Bryan Campbe@17@16@Y@Bryan Campbell      @RHP/SS  @6'   @170  @Douglasville, GA                        @
Nick Andress@18@08@Y@Nick Andress        @RHP     @6' 2"@180  @Houston, TX                             @
Chris Irwin @19@18@Y@Chris Irwin         @RHP     @6' 2"@175  @Miami, FL                               @
Brandon Harb@20@08@Y@Brandon Harbin      @RHP     @6' 1"@160  @Woodstock, GA                           @
Tyler Gunnin@21@16@Y@Tyler Gunnin        @RHP     @5' 11@195  @Watkinsville, GA                        @
Andrew Weekl@22@08@Y@Andrew Weekley      @RHP     @5' 11@175  @Flowery Branch, GA                      @
Royce Inge  @23@08@Y@Royce Inge          @RHP     @6' 3"@225  @Kennesaw, GA                            @
Nathan Ragsd@24@08@Y@Nathan Ragsdale     @RHP     @6'   @200  @McDonough, GA                           @
Josh Booth  @29@16@Y@Josh Booth          @RHP     @6' 4"@210  @Norcross, GA                            @
Blake Turner@31@11@Y@Blake Turner        @LHP     @6' 3"@205  @Flowery Branch, GA                      @
Nick Tucker @33@11@Y@Nick Tucker         @1B      @6' 3"@225  @Rome, GA                                @
Andrew Short@34@08@Y@Andrew Short        @RHP/1B  @6' 2"@210  @Roswell, GA                             @
Kyle Peals  @37@16@Y@Kyle Peals          @RHP     @6' 2"@225  @Rome, GA                                @
