Andy Padron @1 @19@Y@Andy Padron         @Outfield@5-9  @160  @Homestead, Florida                      @
Luis Sotomay@2 @08@Y@Luis Sotomayor      @Infield @5-10 @175  @Kissimme, Florida                       @
Ty Barker   @3 @08@Y@Ty Barker           @Utility @5-7  @160  @North Platte, Nebraska                  @
Joe Moran   @4 @09@Y@Joe Moran           @Outfield@5-9  @140  @Scottsbluff, Nebraska                   @
Gabriel DeLa@6 @20@Y@Gabriel DeLaRosa    @Pitcher @6-0  @180  @Hialeah, Florida                        @
David Martin@7 @16@Y@David Martinez      @Outfield@6-1  @195  @Hialeah, Florida                        @
Tharyn Curti@8 @08@Y@Tharyn Curtis       @Outfield@5-10 @150  @Scottsbluff, Nebraska                   @
Kyle Shoutta@10@16@Y@Kyle Shoutta        @Pitcher @6-1  @140  @Denver, Colorado                        @
Cameron Snyd@11@19@Y@Cameron Snyder      @Utility @6-0  @180  @Aurora, Colorado                        @
JT Core     @12@16@Y@JT Core             @Catcher @6-2  @200  @Leavenworth, Kansas                     @
Cody Gifford@13@08@Y@Cody Gifford        @Outfield@5-10 @175  @Pleasant Hill, Missouri                 @
Ty Wilson   @14@08@Y@Ty Wilson           @Infielde@5-9  @145  @Scottsbluff, Nebraska                   @
Felix Ojeda-@15@16@Y@Felix Ojeda-Sanchez @Pitcher @6-1  @185  @Venezuela                               @
Taylor Erics@16@08@Y@Taylor Ericson      @Infielde@5-8  @180  @Englewood, Colorado                     @
Anthony Apad@17@16@Y@Anthony Apadaca     @Catcher @6-1  @195  @Wheatland, Wyoming                      @
Tyler Pollac@19@08@Y@Tyler Pollack       @Pitcher @6-2  @170  @Chugwater, Wyoming                      @
Justin Smith@21@08@Y@Justin Smith        @Outfield@5-10 @180  @Valentine, Nebraska                     @
Dionisio Dia@23@08@Y@Dionisio Diaz       @Catcher @6-0  @185  @Homestead, Florida                      @
John Timmins@24@16@Y@John Timmins        @Pitcher @6-4  @195  @Bellevue, Nebraska                      @
Dylan Michae@25@08@Y@Dylan Michaels      @Pitcher @6-2  @210  @Olathe, Kansas                          @
Alexis Vivas@26@08@Y@Alexis Vivas        @Pitcher @6-1  @195  @Caracas, Venezuela                      @
Jason Palser@27@19@Y@Jason Palser        @Pitcher @5-11 @195  @Denver, Colorado                        @
Jacob Frick @28@08@Y@Jacob Frick         @Outfield@6-3  @205  @Ft. Morgan, Colorado                    @
Mason Cratty@29@08@Y@Mason Cratty        @Pitcher @6-1  @185  @Surrey, British Columbia                @
Matt Zilla  @30@16@Y@Matt Zilla          @Catcher @5-9  @190  @Catcher                                 @
Mason Munfor@32@08@Y@Mason Munford       @Pitcher @6-3  @210  @Cheyenne, Wyoming                       @
