R J Imbrogno@1 @19@Y@R J Imbrogno        @OF      @     @     @Latrobe, PA                             @
Dom Disso   @2 @08@Y@Dom Disso           @C       @     @     @Claridge, PA                            @
Josh Roble  @3 @08@Y@Josh Roble          @OF/C    @     @     @Latrobe, PA                             @
Chad Hazaga @4 @08@Y@Chad Hazaga         @P/INF   @     @     @McKeesport, PA                          @
Jay Miller  @5 @16@Y@Jay Miller          @INF     @     @     @West Newton, PA                         @
Sean Bradley@6 @16@Y@Sean Bradley        @INF/OF/P@     @     @Mt. Pleasant, PA                        @
Tyler Geary @7 @19@Y@Tyler Geary         @OF      @     @     @Normalville, PA                         @
Matt Hogue  @8 @11@Y@Matt Hogue          @P/OF    @     @     @Greensburg, PA                          @
Matt Shoemak@9 @19@Y@Matt Shoemaker      @INF/P/OF@     @     @Latrobe, PA                             @
Brandon Rowl@11@16@Y@Brandon Rowland     @INF/P   @     @     @Greensburg, PA                          @
Steven Bende@12@16@Y@Steven Bender       @INF/P   @     @     @Watsontown, PA                          @
Shane Nelis @15@08@Y@Shane Nelis         @P/INF   @     @     @North Huntingdon, PA                    @
Craig Walor @16@16@Y@Craig Walor         @OF/P    @     @     @Greensburg, PA                          @
Frank Wolfor@20@16@Y@Frank Wolford       @P       @     @     @Torrance, PA                            @
Tyler Lilja @21@16@Y@Tyler Lilja         @OF/INF  @     @     @Greensburg, PA                          @
