Jake Marler @1 @19@Y@Jake Marler         @OF      @5'7  @165  @Helotes, Texas                          @
Darius Patto@2 @11@Y@Darius Patton       @OF      @5'9  @170  @San Antonio, Texas                      @
Ryan Menefee@4 @08@Y@Ryan Menefee        @Inf     @5'10 @170  @Richmond, Texas                         @
Logan Howard@5 @16@Y@Logan Howard        @Inf     @5'10 @170  @El Campo, Texas                         @
Austin Farro@6 @08@Y@Austin Farrow       @RHP     @6    @185  @Pflugerville, Texas                     @
Cullen Groov@7 @09@Y@Cullen Groover      @C       @6'1  @230  @Wharton, Texas                          @
Joeseph Lyal@8 @12@Y@Joeseph Lyall       @RHP/OF  @5'10 @160  @Richmond, Texas                         @
Rourke Melia@9 @08@Y@Rourke Melia        @RHP     @6'   @165  @Austin, Texas                           @
Nathan Domin@10@20@Y@Nathan Dominguez-Bae@Inf     @6'   @155  @Carolina, Puerto Rico                   @
Will Blancha@11@10@Y@Will Blanchard      @LHP     @6'2  @185  @Bulverde, Texas                         @
Robert Heep @12@16@Y@Robert Heep         @OF      @6'   @175  @San Antonio, Texas                      @
Jordan Lucks@13@08@Y@Jordan Lucks        @OF      @5'6  @160  @Kingwood, Texas                         @
Andrew Cruz @14@20@Y@Andrew Cruz         @Inf     @5'7  @150  @Wharton, Texas                          @
Austin Zillw@15@16@Y@Austin Zillweger    @Inf     @5'10 @185  @Houston, Texas                          @
Lance Elling@17@16@Y@Lance Elling        @RHP     @5'11 @185  @San Antonio, Texas                      @
Travis Domin@18@16@Y@Travis Dominguez    @RHP/C   @5'10 @180  @San Antonio, Texas                      @
Bailey Darde@19@08@Y@Bailey Darden       @RHP     @5'10 @170  @Deer Park, Texas                        @
Jesus Rendon@20@16@Y@Jesus Rendon        @C       @5'9  @195  @Pasadena, Texas                         @
Luke Meza   @22@08@Y@Luke Meza           @C       @5'10 @180  @Dickinson, Texas                        @
Jacob Sosa  @23@10@Y@Jacob Sosa          @LHP     @6'2  @195  @Corpus Christi, Texas                   @
J.D. Arrowoo@24@19@Y@J.D. Arrowood       @Inf     @6'6  @225  @League City, Texas                      @
JT Jakubik  @25@08@Y@JT Jakubik          @RHP     @6'5  @195  @Missouri City, Texas                    @
Fernando Mar@26@08@Y@Fernando Martinez   @RHP     @5'11 @205  @Houston, Texas                          @
Anthony Reed@27@08@Y@Anthony Reed        @OF      @5'10 @165  @Houston, Texas                          @
Johnathan Ma@28@08@Y@Johnathan Martinez  @RHP     @6'4  @190  @Corozal, Puerto Rico                    @
Efren Garcia@29@08@Y@Efren Garcia        @Inf     @5'10 @190  @Humble, Texas                           @
Clint Johnso@31@08@Y@Clint Johnson       @C       @5'6  @160  @League City, Texas                      @
Austin Eichm@32@16@Y@Austin Eichman      @RHP     @6'   @175  @San Antonio, Texas                      @
Blain Bagley@33@18@Y@Blain Bagley        @LHP     @6'2  @200  @San Marcos, Texas                       @
Soke Agbulok@34@08@Y@Soke Agbulokwu      @OF      @6'1  @210  @Sugar Land, Texas                       @
Robert Blalo@35@10@Y@Robert Blalock      @LHP     @6'6  @190  @Kingwood, Texas                         @
Johnathan Si@36@08@Y@Johnathan Silva     @Inf     @6'5  @215  @Spring, Texas                           @
Mason Mize  @38@08@Y@Mason Mize          @RHP     @6'   @180  @Montgomery, Texas                       @
Cole Hicks  @39@08@Y@Cole Hicks          @Inf     @6'   @180  @Sugar Land, Texas                       @
Jacob Burkho@41@10@Y@Jacob Burkholder    @LHP     @5'10 @170  @Sugar Land, Texas                       @
Conner Parke@42@08@Y@Conner Parker       @OF      @6'3  @170  @Richmond, Texas                         @
Justin Jones@44@16@Y@Justin Jones        @RHP     @5'10 @185  @San Antonio, Texas                      @
Joey Zepeda @47@08@Y@Joey Zepeda         @RHP     @5'11 @175  @League City, Texas                      @
