Kody Day    @2 @11@Y@Kody Day            @OF      @     @     @                                        @
Logan McGreg@3 @08@Y@Logan McGregor      @SS      @     @     @                                        @
Bridger Berr@4 @16@Y@Bridger Berrett     @RHP     @     @     @                                        @
Devin Gomez @5 @16@Y@Devin Gomez         @2B      @     @     @                                        @
Corbin Clift@6 @08@Y@Corbin Cliften      @RHP     @     @     @                                        @
Dakota Bullo@7 @11@Y@Dakota Bullock      @LHP     @     @     @                                        @
Luke Myers  @8 @16@Y@Luke Myers          @1B/RHP  @     @     @                                        @
Palmer Powis@9 @08@Y@Palmer Powis        @MIF     @     @     @                                        @
Skyler Sylve@10@08@Y@Skyler Sylvester    @RHP     @     @     @                                        @
Brendan Diaz@11@08@Y@Brendan Diaz        @3B/RHP  @     @     @                                        @
RJ Burrola  @13@16@Y@RJ Burrola          @RHP/OF  @     @     @                                        @
Jarrod Adams@15@08@Y@Jarrod Adams        @C       @     @     @                                        @
Hayden Malco@17@17@Y@Hayden Malcolm      @C       @     @     @                                        @
Hayden Knott@18@08@Y@Hayden Knotts       @RHP     @     @     @                                        @
Rieley Gibso@20@08@Y@Rieley Gibson       @OF      @     @     @                                        @
Grant Gibbar@21@19@Y@Grant Gibbard       @LHP     @     @     @                                        @
Braydon Bolo@22@16@Y@Braydon Bolotas     @RHP/INF @     @     @                                        @
Mark LaCroix@23@16@Y@Mark LaCroix        @OF/RHP/C@     @     @                                        @
Bronson Flor@25@08@Y@Bronson Florence    @RHP     @     @     @                                        @
Parker Kinka@28@08@Y@Parker Kinkade      @3B/RHP  @     @     @                                        @
Nick Wagner @29@11@Y@Nick Wagner         @OF/LHP  @     @     @                                        @
Tyler Wiwcha@30@17@Y@Tyler Wiwchar       @C/1B    @     @     @                                        @
Chase Ogolin@34@08@Y@Chase Ogolin        @RHP     @     @     @                                        @
Hayden Benso@44@08@Y@Hayden Benson       @OF      @     @     @                                        @
