Akoni Arriag@2 @08@Y@Akoni Arriaga       @IF/RHP  @6'   @170  @Maui, HI                                @
Chance Adams@3 @16@Y@Chance Adams        @RHP     @6'   @195  @Scottsdale, Az                          @
JC Pena     @4 @08@Y@JC Pena             @IF      @6'   @185  @Syracuse, NY                            @
Andy Verke  @5 @08@Y@Andy Verke          @IF      @5'9''@155  @Honolulu, HI                            @
Cooper Goldb@6 @08@Y@Cooper Goldby       @C       @5'9''@175  @Yuba City, CA                           @
Brandon Matt@7 @19@Y@Brandon Matthews    @LHP     @6'   @185  @Tucson, AZ                              @
Andrew Herma@8 @08@Y@Andrew Hermanson    @IF      @6'   @195  @Temecula, CA                            @
Luke Doyle  @9 @09@Y@Luke Doyle          @IF      @6'   @180  @Phoenix, AZ                             @
John King   @10@08@Y@John King           @IF/OF   @5'9''@180  @Melbourne, AU                           @
Logan Pollei@11@16@Y@Logan Pollei        @OF      @5'9''@175  @Wickenburg, AZ                          @
Haden Shipma@12@08@Y@Haden Shipman       @RHP     @5'11'@185  @Avon, IN                                @
Michael Laud@14@11@Y@Michael Laudick     @LHP     @5'11'@155  @Parker, CO                              @
Justin McAll@15@19@Y@Justin McAllister   @LHP     @6'3''@195  @Gilbert, AZ                             @
Will Waterma@16@16@Y@Will Waterman       @RHP     @6'2''@200  @Lake Oswego, OR                         @
Brody Cliffo@17@08@Y@Brody Clifford      @OF      @5'10'@170  @Prescott Valley, AZ                     @
Glenn Roy Pa@18@08@Y@Glenn Roy Pace      @RHP     @6'2''@175  @Flower Mound, TX                        @
Stephen Cara@19@19@Y@Stephen Carabajal   @LHP/OF  @6'2''@200  @Albuquerque, NM                         @
Brock Hartle@20@08@Y@Brock Hartley       @OF/IF   @6'3''@190  @Phoenix, AZ                             @
Austin Pasch@21@09@Y@Austin Paschke      @IF      @6'4''@215  @Phoenix, AZ                             @
Alexis Cruz @22@08@Y@Alexis Cruz         @OF      @6    @200  @Fajardo, PR                             @
Andrew Mendo@25@08@Y@Andrew Mendoza      @RHP     @6'5''@200  @Lakewood, CA                            @
Nick Sagendo@26@16@Y@Nick Sagendorf      @RHP     @6'5''@220  @Spokane, WA                             @
Brian Schiem@27@08@Y@Brian Schiemann     @C       @6'   @190  @Naperville, IL                          @
Will Jones  @28@08@Y@Will Jones          @RHP     @6'2''@190  @Scottsdale, AZ                          @
Colton Lee  @29@09@Y@Colton Lee          @RHP     @6'2" @200  @                                        @
Austin Orth @31@16@Y@Austin Orth         @C       @6'2''@230  @Fort Collins, CO                        @
Kamalu Kamok@34@16@Y@Kamalu Kamoku       @RHP     @6'1''@250  @Hilo, HI                                @
